Archive member included to satisfy reference by file (symbol)

c:/st/stm32cubeide_1.3.0/stm32cubeide/plugins/com.st.stm32cube.ide.mcu.externaltools.gnu-tools-for-stm32.7-2018-q2-update.win32_1.0.0.201904181610/tools/bin/../lib/gcc/arm-none-eabi/7.3.1/../../../../arm-none-eabi/lib/thumb/v7e-m/fpv4-sp/hard\libc_nano.a(lib_a-errno.o)
                              Core/Src/syscalls.o (__errno)
c:/st/stm32cubeide_1.3.0/stm32cubeide/plugins/com.st.stm32cube.ide.mcu.externaltools.gnu-tools-for-stm32.7-2018-q2-update.win32_1.0.0.201904181610/tools/bin/../lib/gcc/arm-none-eabi/7.3.1/../../../../arm-none-eabi/lib/thumb/v7e-m/fpv4-sp/hard\libc_nano.a(lib_a-exit.o)
                              c:/st/stm32cubeide_1.3.0/stm32cubeide/plugins/com.st.stm32cube.ide.mcu.externaltools.gnu-tools-for-stm32.7-2018-q2-update.win32_1.0.0.201904181610/tools/bin/../lib/gcc/arm-none-eabi/7.3.1/../../../../arm-none-eabi/lib/thumb/v7e-m/fpv4-sp/hard/crt0.o (exit)
c:/st/stm32cubeide_1.3.0/stm32cubeide/plugins/com.st.stm32cube.ide.mcu.externaltools.gnu-tools-for-stm32.7-2018-q2-update.win32_1.0.0.201904181610/tools/bin/../lib/gcc/arm-none-eabi/7.3.1/../../../../arm-none-eabi/lib/thumb/v7e-m/fpv4-sp/hard\libc_nano.a(lib_a-impure.o)
                              c:/st/stm32cubeide_1.3.0/stm32cubeide/plugins/com.st.stm32cube.ide.mcu.externaltools.gnu-tools-for-stm32.7-2018-q2-update.win32_1.0.0.201904181610/tools/bin/../lib/gcc/arm-none-eabi/7.3.1/../../../../arm-none-eabi/lib/thumb/v7e-m/fpv4-sp/hard\libc_nano.a(lib_a-exit.o) (_global_impure_ptr)
c:/st/stm32cubeide_1.3.0/stm32cubeide/plugins/com.st.stm32cube.ide.mcu.externaltools.gnu-tools-for-stm32.7-2018-q2-update.win32_1.0.0.201904181610/tools/bin/../lib/gcc/arm-none-eabi/7.3.1/../../../../arm-none-eabi/lib/thumb/v7e-m/fpv4-sp/hard\libc_nano.a(lib_a-init.o)
                              c:/st/stm32cubeide_1.3.0/stm32cubeide/plugins/com.st.stm32cube.ide.mcu.externaltools.gnu-tools-for-stm32.7-2018-q2-update.win32_1.0.0.201904181610/tools/bin/../lib/gcc/arm-none-eabi/7.3.1/../../../../arm-none-eabi/lib/thumb/v7e-m/fpv4-sp/hard/crt0.o (__libc_init_array)
c:/st/stm32cubeide_1.3.0/stm32cubeide/plugins/com.st.stm32cube.ide.mcu.externaltools.gnu-tools-for-stm32.7-2018-q2-update.win32_1.0.0.201904181610/tools/bin/../lib/gcc/arm-none-eabi/7.3.1/../../../../arm-none-eabi/lib/thumb/v7e-m/fpv4-sp/hard\libc_nano.a(lib_a-memcpy-stub.o)
                              Core/Src/RFM95/FSK/RFM95.o (memcpy)
c:/st/stm32cubeide_1.3.0/stm32cubeide/plugins/com.st.stm32cube.ide.mcu.externaltools.gnu-tools-for-stm32.7-2018-q2-update.win32_1.0.0.201904181610/tools/bin/../lib/gcc/arm-none-eabi/7.3.1/../../../../arm-none-eabi/lib/thumb/v7e-m/fpv4-sp/hard\libc_nano.a(lib_a-memset.o)
                              c:/st/stm32cubeide_1.3.0/stm32cubeide/plugins/com.st.stm32cube.ide.mcu.externaltools.gnu-tools-for-stm32.7-2018-q2-update.win32_1.0.0.201904181610/tools/bin/../lib/gcc/arm-none-eabi/7.3.1/../../../../arm-none-eabi/lib/thumb/v7e-m/fpv4-sp/hard/crt0.o (memset)
c:/st/stm32cubeide_1.3.0/stm32cubeide/plugins/com.st.stm32cube.ide.mcu.externaltools.gnu-tools-for-stm32.7-2018-q2-update.win32_1.0.0.201904181610/tools/bin/../lib/gcc/arm-none-eabi/7.3.1/../../../../arm-none-eabi/lib/thumb/v7e-m/fpv4-sp/hard\libc_nano.a(lib_a-strncpy.o)
                              Core/Src/Model/Model.o (strncpy)
c:/st/stm32cubeide_1.3.0/stm32cubeide/plugins/com.st.stm32cube.ide.mcu.externaltools.gnu-tools-for-stm32.7-2018-q2-update.win32_1.0.0.201904181610/tools/bin/../lib/gcc/arm-none-eabi/7.3.1/thumb/v7e-m/fpv4-sp/hard\libgcc.a(_arm_addsubdf3.o)
                              Core/Src/RFM95/LORA/RFM95LoRa.o (__aeabi_i2d)
c:/st/stm32cubeide_1.3.0/stm32cubeide/plugins/com.st.stm32cube.ide.mcu.externaltools.gnu-tools-for-stm32.7-2018-q2-update.win32_1.0.0.201904181610/tools/bin/../lib/gcc/arm-none-eabi/7.3.1/thumb/v7e-m/fpv4-sp/hard\libgcc.a(_arm_muldivdf3.o)
                              Core/Src/RFM95/LORA/RFM95LoRa.o (__aeabi_dmul)
c:/st/stm32cubeide_1.3.0/stm32cubeide/plugins/com.st.stm32cube.ide.mcu.externaltools.gnu-tools-for-stm32.7-2018-q2-update.win32_1.0.0.201904181610/tools/bin/../lib/gcc/arm-none-eabi/7.3.1/thumb/v7e-m/fpv4-sp/hard\libgcc.a(_arm_cmpdf2.o)
                              Core/Src/RFM95/LORA/RFM95LoRa.o (__aeabi_dcmplt)
c:/st/stm32cubeide_1.3.0/stm32cubeide/plugins/com.st.stm32cube.ide.mcu.externaltools.gnu-tools-for-stm32.7-2018-q2-update.win32_1.0.0.201904181610/tools/bin/../lib/gcc/arm-none-eabi/7.3.1/thumb/v7e-m/fpv4-sp/hard\libgcc.a(_arm_truncdfsf2.o)
                              Core/Src/RFM95/LORA/RFM95LoRa.o (__aeabi_d2f)
c:/st/stm32cubeide_1.3.0/stm32cubeide/plugins/com.st.stm32cube.ide.mcu.externaltools.gnu-tools-for-stm32.7-2018-q2-update.win32_1.0.0.201904181610/tools/bin/../lib/gcc/arm-none-eabi/7.3.1/thumb/v7e-m/fpv4-sp/hard\libgcc.a(_aeabi_uldivmod.o)
                              Core/Src/RFM95/LORA/RFM95LoRa.o (__aeabi_uldivmod)
[...]
Memory Configuration

Name             Origin             Length             Attributes
RAM              0x0000000020000000 0x000000000000a000 xrw
FLASH            0x0000000008000000 0x0000000000010000 xr
*default*        0x0000000000000000 0xffffffffffffffff

Linker script and memory map

LOAD c:/st/stm32cubeide_1.3.0/stm32cubeide/plugins/com.st.stm32cube.ide.mcu.externaltools.gnu-tools-for-stm32.7-2018-q2-update.win32_1.0.0.201904181610/tools/bin/../lib/gcc/arm-none-eabi/7.3.1/thumb/v7e-m/fpv4-sp/hard/crti.o
LOAD c:/st/stm32cubeide_1.3.0/stm32cubeide/plugins/com.st.stm32cube.ide.mcu.externaltools.gnu-tools-for-stm32.7-2018-q2-update.win32_1.0.0.201904181610/tools/bin/../lib/gcc/arm-none-eabi/7.3.1/thumb/v7e-m/fpv4-sp/hard/crtbegin.o
LOAD c:/st/stm32cubeide_1.3.0/stm32cubeide/plugins/com.st.stm32cube.ide.mcu.externaltools.gnu-tools-for-stm32.7-2018-q2-update.win32_1.0.0.201904181610/tools/bin/../lib/gcc/arm-none-eabi/7.3.1/../../../../arm-none-eabi/lib/thumb/v7e-m/fpv4-sp/hard/crt0.o
LOAD Core/Src/AppMain/AppMain.o
LOAD Core/Src/GPS/GPS.o
LOAD Core/Src/Model/Model.o
LOAD Core/Src/RFM95/FSK/RFM95.o
LOAD Core/Src/RFM95/FSK/Stack.o
LOAD Core/Src/RFM95/LORA/RFM95LoRa.o
LOAD Core/Src/USB/USBCom.o
LOAD Core/Src/gpio.o
LOAD Core/Src/i2c.o
LOAD Core/Src/main.o
LOAD Core/Src/spi.o
LOAD Core/Src/stm32l4xx_hal_msp.o
LOAD Core/Src/stm32l4xx_it.o
LOAD Core/Src/syscalls.o
LOAD Core/Src/sysmem.o
LOAD Core/Src/system_stm32l4xx.o
LOAD Core/Src/usart.o
LOAD Core/Startup/startup_stm32l412k8tx.o
LOAD Drivers/STM32L4xx_HAL_Driver/Src/stm32l4xx_hal.o
LOAD Drivers/STM32L4xx_HAL_Driver/Src/stm32l4xx_hal_cortex.o
LOAD Drivers/STM32L4xx_HAL_Driver/Src/stm32l4xx_hal_dma.o
LOAD Drivers/STM32L4xx_HAL_Driver/Src/stm32l4xx_hal_dma_ex.o
LOAD Drivers/STM32L4xx_HAL_Driver/Src/stm32l4xx_hal_exti.o
LOAD Drivers/STM32L4xx_HAL_Driver/Src/stm32l4xx_hal_flash.o
LOAD Drivers/STM32L4xx_HAL_Driver/Src/stm32l4xx_hal_flash_ex.o
LOAD Drivers/STM32L4xx_HAL_Driver/Src/stm32l4xx_hal_flash_ramfunc.o
LOAD Drivers/STM32L4xx_HAL_Driver/Src/stm32l4xx_hal_gpio.o
LOAD Drivers/STM32L4xx_HAL_Driver/Src/stm32l4xx_hal_i2c.o
LOAD Drivers/STM32L4xx_HAL_Driver/Src/stm32l4xx_hal_i2c_ex.o
LOAD Drivers/STM32L4xx_HAL_Driver/Src/stm32l4xx_hal_pcd.o
LOAD Drivers/STM32L4xx_HAL_Driver/Src/stm32l4xx_hal_pcd_ex.o
LOAD Drivers/STM32L4xx_HAL_Driver/Src/stm32l4xx_hal_pwr.o
LOAD Drivers/STM32L4xx_HAL_Driver/Src/stm32l4xx_hal_pwr_ex.o
LOAD Drivers/STM32L4xx_HAL_Driver/Src/stm32l4xx_hal_rcc.o
LOAD Drivers/STM32L4xx_HAL_Driver/Src/stm32l4xx_hal_rcc_ex.o
LOAD Drivers/STM32L4xx_HAL_Driver/Src/stm32l4xx_hal_spi.o
LOAD Drivers/STM32L4xx_HAL_Driver/Src/stm32l4xx_hal_spi_ex.o
LOAD Drivers/STM32L4xx_HAL_Driver/Src/stm32l4xx_hal_tim.o
LOAD Drivers/STM32L4xx_HAL_Driver/Src/stm32l4xx_hal_tim_ex.o
LOAD Drivers/STM32L4xx_HAL_Driver/Src/stm32l4xx_hal_uart.o
LOAD Drivers/STM32L4xx_HAL_Driver/Src/stm32l4xx_hal_uart_ex.o
LOAD Drivers/STM32L4xx_HAL_Driver/Src/stm32l4xx_ll_usb.o
LOAD Middlewares/ST/STM32_USB_Device_Library/Class/CDC/Src/usbd_cdc.o
LOAD Middlewares/ST/STM32_USB_Device_Library/Core/Src/usbd_core.o
LOAD Middlewares/ST/STM32_USB_Device_Library/Core/Src/usbd_ctlreq.o
LOAD Middlewares/ST/STM32_USB_Device_Library/Core/Src/usbd_ioreq.o
LOAD USB_DEVICE/App/usb_device.o
LOAD USB_DEVICE/App/usbd_cdc_if.o
LOAD USB_DEVICE/App/usbd_desc.o
LOAD USB_DEVICE/Target/usbd_conf.o
START GROUP
LOAD c:/st/stm32cubeide_1.3.0/stm32cubeide/plugins/com.st.stm32cube.ide.mcu.externaltools.gnu-tools-for-stm32.7-2018-q2-update.win32_1.0.0.201904181610/tools/bin/../lib/gcc/arm-none-eabi/7.3.1/../../../../arm-none-eabi/lib/thumb/v7e-m/fpv4-sp/hard\libstdc++_nano.a
LOAD c:/st/stm32cubeide_1.3.0/stm32cubeide/plugins/com.st.stm32cube.ide.mcu.externaltools.gnu-tools-for-stm32.7-2018-q2-update.win32_1.0.0.201904181610/tools/bin/../lib/gcc/arm-none-eabi/7.3.1/../../../../arm-none-eabi/lib/thumb/v7e-m/fpv4-sp/hard\libsupc++_nano.a
END GROUP
LOAD c:/st/stm32cubeide_1.3.0/stm32cubeide/plugins/com.st.stm32cube.ide.mcu.externaltools.gnu-tools-for-stm32.7-2018-q2-update.win32_1.0.0.201904181610/tools/bin/../lib/gcc/arm-none-eabi/7.3.1/../../../../arm-none-eabi/lib/thumb/v7e-m/fpv4-sp/hard\libstdc++_nano.a
LOAD c:/st/stm32cubeide_1.3.0/stm32cubeide/plugins/com.st.stm32cube.ide.mcu.externaltools.gnu-tools-for-stm32.7-2018-q2-update.win32_1.0.0.201904181610/tools/bin/../lib/gcc/arm-none-eabi/7.3.1/../../../../arm-none-eabi/lib/thumb/v7e-m/fpv4-sp/hard\libm.a
LOAD c:/st/stm32cubeide_1.3.0/stm32cubeide/plugins/com.st.stm32cube.ide.mcu.externaltools.gnu-tools-for-stm32.7-2018-q2-update.win32_1.0.0.201904181610/tools/bin/../lib/gcc/arm-none-eabi/7.3.1/../../../../arm-none-eabi/lib/thumb/v7e-m/fpv4-sp/hard\libc_nano.a
START GROUP
LOAD c:/st/stm32cubeide_1.3.0/stm32cubeide/plugins/com.st.stm32cube.ide.mcu.externaltools.gnu-tools-for-stm32.7-2018-q2-update.win32_1.0.0.201904181610/tools/bin/../lib/gcc/arm-none-eabi/7.3.1/thumb/v7e-m/fpv4-sp/hard\libgcc.a
LOAD c:/st/stm32cubeide_1.3.0/stm32cubeide/plugins/com.st.stm32cube.ide.mcu.externaltools.gnu-tools-for-stm32.7-2018-q2-update.win32_1.0.0.201904181610/tools/bin/../lib/gcc/arm-none-eabi/7.3.1/../../../../arm-none-eabi/lib/thumb/v7e-m/fpv4-sp/hard\libc_nano.a
END GROUP
START GROUP
LOAD c:/st/stm32cubeide_1.3.0/stm32cubeide/plugins/com.st.stm32cube.ide.mcu.externaltools.gnu-tools-for-stm32.7-2018-q2-update.win32_1.0.0.201904181610/tools/bin/../lib/gcc/arm-none-eabi/7.3.1/thumb/v7e-m/fpv4-sp/hard\libgcc.a
LOAD c:/st/stm32cubeide_1.3.0/stm32cubeide/plugins/com.st.stm32cube.ide.mcu.externaltools.gnu-tools-for-stm32.7-2018-q2-update.win32_1.0.0.201904181610/tools/bin/../lib/gcc/arm-none-eabi/7.3.1/../../../../arm-none-eabi/lib/thumb/v7e-m/fpv4-sp/hard\libc_nano.a
END GROUP
LOAD c:/st/stm32cubeide_1.3.0/stm32cubeide/plugins/com.st.stm32cube.ide.mcu.externaltools.gnu-tools-for-stm32.7-2018-q2-update.win32_1.0.0.201904181610/tools/bin/../lib/gcc/arm-none-eabi/7.3.1/thumb/v7e-m/fpv4-sp/hard/crtend.o
LOAD c:/st/stm32cubeide_1.3.0/stm32cubeide/plugins/com.st.stm32cube.ide.mcu.externaltools.gnu-tools-for-stm32.7-2018-q2-update.win32_1.0.0.201904181610/tools/bin/../lib/gcc/arm-none-eabi/7.3.1/thumb/v7e-m/fpv4-sp/hard/crtn.o
                0x000000002000a000                _estack = (ORIGIN (RAM) + LENGTH (RAM))
                0x0000000000000200                _Min_Heap_Size = 0x200
                0x0000000000000400                _Min_Stack_Size = 0x400

.isr_vector     0x0000000008000000      0x18c
                0x0000000008000000                . = ALIGN (0x4)
 *(.isr_vector)
 .isr_vector    0x0000000008000000      0x18c Core/Startup/startup_stm32l412k8tx.o
                0x0000000008000000                g_pfnVectors
                0x000000000800018c                . = ALIGN (0x4)

.text           0x0000000008000190     0x95e4
                0x0000000008000190                . = ALIGN (0x4)
 *(.text)
 .text          0x0000000008000190       0x40 c:/st/stm32cubeide_1.3.0/stm32cubeide/plugins/com.st.stm32cube.ide.mcu.externaltools.gnu-tools-for-stm32.7-2018-q2-update.win32_1.0.0.201904181610/tools/bin/../lib/gcc/arm-none-eabi/7.3.1/thumb/v7e-m/fpv4-sp/hard/crtbegin.o
 .text          0x00000000080001d0      0x378 c:/st/stm32cubeide_1.3.0/stm32cubeide/plugins/com.st.stm32cube.ide.mcu.externaltools.gnu-tools-for-stm32.7-2018-q2-update.win32_1.0.0.201904181610/tools/bin/../lib/gcc/arm-none-eabi/7.3.1/thumb/v7e-m/fpv4-sp/hard\libgcc.a(_arm_addsubdf3.o)
                0x00000000080001d0                __aeabi_drsub
                0x00000000080001d8                __aeabi_dsub
                0x00000000080001d8                __subdf3
                0x00000000080001dc                __aeabi_dadd
                0x00000000080001dc                __adddf3
                0x0000000008000454                __floatunsidf
                0x0000000008000454                __aeabi_ui2d
                0x0000000008000474                __floatsidf
                0x0000000008000474                __aeabi_i2d
                0x0000000008000498                __aeabi_f2d
                0x0000000008000498                __extendsfdf2
                0x00000000080004dc                __floatundidf
                0x00000000080004dc                __aeabi_ul2d
                0x00000000080004ec                __floatdidf
                0x00000000080004ec                __aeabi_l2d
 .text          0x0000000008000548      0x110 c:/st/stm32cubeide_1.3.0/stm32cubeide/plugins/com.st.stm32cube.ide.mcu.externaltools.gnu-tools-for-stm32.7-2018-q2-update.win32_1.0.0.201904181610/tools/bin/../lib/gcc/arm-none-eabi/7.3.1/thumb/v7e-m/fpv4-sp/hard\libgcc.a(_arm_cmpdf2.o)
                0x0000000008000548                __gtdf2
                0x0000000008000548                __gedf2
                0x0000000008000550                __ltdf2
                0x0000000008000550                __ledf2
                0x0000000008000558                __nedf2
                0x0000000008000558                __eqdf2
                0x0000000008000558                __cmpdf2
                0x00000000080005d4                __aeabi_cdrcmple
                0x00000000080005e4                __aeabi_cdcmpeq
                0x00000000080005e4                __aeabi_cdcmple
                0x00000000080005f4                __aeabi_dcmpeq
                0x0000000008000608                __aeabi_dcmplt
                0x000000000800061c                __aeabi_dcmple
                0x0000000008000630                __aeabi_dcmpge
                0x0000000008000644                __aeabi_dcmpgt
 .text          0x0000000008000658       0x30 c:/st/stm32cubeide_1.3.0/stm32cubeide/plugins/com.st.stm32cube.ide.mcu.externaltools.gnu-tools-for-stm32.7-2018-q2-update.win32_1.0.0.201904181610/tools/bin/../lib/gcc/arm-none-eabi/7.3.1/thumb/v7e-m/fpv4-sp/hard\libgcc.a(_aeabi_uldivmod.o)
                0x0000000008000658                __aeabi_uldivmod
 .text          0x0000000008000688      0x2cc c:/st/stm32cubeide_1.3.0/stm32cubeide/plugins/com.st.stm32cube.ide.mcu.externaltools.gnu-tools-for-stm32.7-2018-q2-update.win32_1.0.0.201904181610/tools/bin/../lib/gcc/arm-none-eabi/7.3.1/thumb/v7e-m/fpv4-sp/hard\libgcc.a(_udivmoddi4.o)
                0x0000000008000688                __udivmoddi4
 .text          0x0000000008000954        0x4 c:/st/stm32cubeide_1.3.0/stm32cubeide/plugins/com.st.stm32cube.ide.mcu.externaltools.gnu-tools-for-stm32.7-2018-q2-update.win32_1.0.0.201904181610/tools/bin/../lib/gcc/arm-none-eabi/7.3.1/thumb/v7e-m/fpv4-sp/hard\libgcc.a(_dvmd_tls.o)
                0x0000000008000954                __aeabi_idiv0
                0x0000000008000954                __aeabi_ldiv0
 *(.text*)
 .text._ZN7AppMainC2Ev
                0x0000000008000958       0x3e Core/Src/AppMain/AppMain.o
                0x0000000008000958                AppMain::AppMain()
                0x0000000008000958                AppMain::AppMain()
 *fill*         0x0000000008000996        0x2 
 .text._ZN7AppMain7initRFMEv
                0x0000000008000998       0x74 Core/Src/AppMain/AppMain.o
                0x0000000008000998                AppMain::initRFM()
 .text._ZN7AppMain8mainProgEv
                0x0000000008000a0c      0x2ae Core/Src/AppMain/AppMain.o
                0x0000000008000a0c                AppMain::mainProg()
 .text._ZN3GPSC2EP5Model
                0x0000000008000cba       0x44 Core/Src/GPS/GPS.o
                0x0000000008000cba                GPS::GPS(Model*)
                0x0000000008000cba                GPS::GPS(Model*)
 .text._ZN3GPS4initEv
                0x0000000008000cfe       0x3e Core/Src/GPS/GPS.o
                0x0000000008000cfe                GPS::init()
 .text._ZN3GPS12gpsInterruptEh
                0x0000000008000d3c      0x10c Core/Src/GPS/GPS.o
                0x0000000008000d3c                GPS::gpsInterrupt(unsigned char)
 .text._ZN5ModelC2Ev
                0x0000000008000e48       0x64 Core/Src/Model/Model.o
                0x0000000008000e48                Model::Model()
                0x0000000008000e48                Model::Model()
 .text._ZN5Model10setGPS_GCSEPc
                0x0000000008000eac       0x1e Core/Src/Model/Model.o
                0x0000000008000eac                Model::setGPS_GCS(char*)
 .text._ZN5Model10getGPS_GCSEv
                0x0000000008000eca       0x16 Core/Src/Model/Model.o
                0x0000000008000eca                Model::getGPS_GCS()
 .text._ZN10RFM95_LoRaC2Ev
                0x0000000008000ee0       0x38 Core/Src/RFM95/LORA/RFM95LoRa.o
                0x0000000008000ee0                RFM95_LoRa::RFM95_LoRa()
                0x0000000008000ee0                RFM95_LoRa::RFM95_LoRa()
 .text._ZN10RFM95_LoRa9selectRFMEv
                0x0000000008000f18       0x1e Core/Src/RFM95/LORA/RFM95LoRa.o
                0x0000000008000f18                RFM95_LoRa::selectRFM()
 .text._ZN10RFM95_LoRa11deselectRFMEv
                0x0000000008000f36       0x1e Core/Src/RFM95/LORA/RFM95LoRa.o
                0x0000000008000f36                RFM95_LoRa::deselectRFM()
 .text._ZN10RFM95_LoRa8resetRFMEv
                0x0000000008000f54       0x34 Core/Src/RFM95/LORA/RFM95LoRa.o
                0x0000000008000f54                RFM95_LoRa::resetRFM()
 .text._ZN10RFM95_LoRa13writeRegisterEhh
                0x0000000008000f88       0x60 Core/Src/RFM95/LORA/RFM95LoRa.o
                0x0000000008000f88                RFM95_LoRa::writeRegister(unsigned char, unsigned char)
 .text._ZN10RFM95_LoRa12readRegisterEh
                0x0000000008000fe8       0x48 Core/Src/RFM95/LORA/RFM95LoRa.o
                0x0000000008000fe8                RFM95_LoRa::readRegister(unsigned char)
 .text._ZN10RFM95_LoRa5beginEl
                0x0000000008001030       0x86 Core/Src/RFM95/LORA/RFM95LoRa.o
                0x0000000008001030                RFM95_LoRa::begin(long)
 .text._ZN10RFM95_LoRa11parsePacketEi
                0x00000000080010b6       0xd8 Core/Src/RFM95/LORA/RFM95LoRa.o
                0x00000000080010b6                RFM95_LoRa::parsePacket(int)
 *fill*         0x000000000800118e        0x2 
 .text._ZN10RFM95_LoRa10packetRssiEv
                0x0000000008001190       0x48 Core/Src/RFM95/LORA/RFM95LoRa.o
                0x0000000008001190                RFM95_LoRa::packetRssi()
 .text._ZN10RFM95_LoRa5writeEh
                0x00000000080011d8       0x26 Core/Src/RFM95/LORA/RFM95LoRa.o
                0x00000000080011d8                RFM95_LoRa::write(unsigned char)
 .text._ZN10RFM95_LoRa5writeEPKhj
                0x00000000080011fe       0x70 Core/Src/RFM95/LORA/RFM95LoRa.o
                0x00000000080011fe                RFM95_LoRa::write(unsigned char const*, unsigned int)
 .text._ZN10RFM95_LoRa9availableEv
                0x000000000800126e       0x22 Core/Src/RFM95/LORA/RFM95LoRa.o
                0x000000000800126e                RFM95_LoRa::available()
 .text._ZN10RFM95_LoRa4readEv
                0x0000000008001290       0x46 Core/Src/RFM95/LORA/RFM95LoRa.o
                0x0000000008001290                RFM95_LoRa::read()
 .text._ZN10RFM95_LoRa4peekEv
                0x00000000080012d6       0x5a Core/Src/RFM95/LORA/RFM95LoRa.o
                0x00000000080012d6                RFM95_LoRa::peek()
 .text._ZN10RFM95_LoRa4idleEv
                0x0000000008001330       0x1a Core/Src/RFM95/LORA/RFM95LoRa.o
                0x0000000008001330                RFM95_LoRa::idle()
 .text._ZN10RFM95_LoRa5sleepEv
                0x000000000800134a       0x1a Core/Src/RFM95/LORA/RFM95LoRa.o
                0x000000000800134a                RFM95_LoRa::sleep()
 .text._ZN10RFM95_LoRa10setTxPowerEii
                0x0000000008001364       0x7a Core/Src/RFM95/LORA/RFM95LoRa.o
                0x0000000008001364                RFM95_LoRa::setTxPower(int, int)
 *fill*         0x00000000080013de        0x2 
 .text._ZN10RFM95_LoRa12setFrequencyEl
                0x00000000080013e0       0x88 Core/Src/RFM95/LORA/RFM95LoRa.o
                0x00000000080013e0                RFM95_LoRa::setFrequency(long)
 .text._ZN10RFM95_LoRa18setSpreadingFactorEi
                0x0000000008001468       0x80 Core/Src/RFM95/LORA/RFM95LoRa.o
                0x0000000008001468                RFM95_LoRa::setSpreadingFactor(int)
 .text._ZN10RFM95_LoRa18setSignalBandwidthEl
                0x00000000080014e8      0x188 Core/Src/RFM95/LORA/RFM95LoRa.o
                0x00000000080014e8                RFM95_LoRa::setSignalBandwidth(long)
 .text._ZN10RFM95_LoRa14setCodingRate4Ei
                0x0000000008001670       0x56 Core/Src/RFM95/LORA/RFM95LoRa.o
                0x0000000008001670                RFM95_LoRa::setCodingRate4(int)
 .text._ZN10RFM95_LoRa18explicitHeaderModeEv
                0x00000000080016c6       0x30 Core/Src/RFM95/LORA/RFM95LoRa.o
                0x00000000080016c6                RFM95_LoRa::explicitHeaderMode()
 .text._ZN10RFM95_LoRa18implicitHeaderModeEv
                0x00000000080016f6       0x30 Core/Src/RFM95/LORA/RFM95LoRa.o
                0x00000000080016f6                RFM95_LoRa::implicitHeaderMode()
 .text._ZN7USB_ComC2Ev
                0x0000000008001726       0x16 Core/Src/USB/USBCom.o
                0x0000000008001726                USB_Com::USB_Com()
                0x0000000008001726                USB_Com::USB_Com()
 .text._ZN7USB_Com11usbTransmitEPhh
                0x000000000800173c       0x4a Core/Src/USB/USBCom.o
                0x000000000800173c                USB_Com::usbTransmit(unsigned char*, unsigned char)
 *fill*         0x0000000008001786        0x2 
 .text.MX_GPIO_Init
                0x0000000008001788      0x134 Core/Src/gpio.o
                0x0000000008001788                MX_GPIO_Init
 .text.MX_I2C1_Init
                0x00000000080018bc       0x80 Core/Src/i2c.o
                0x00000000080018bc                MX_I2C1_Init
 .text.HAL_I2C_MspInit
                0x000000000800193c       0x88 Core/Src/i2c.o
                0x000000000800193c                HAL_I2C_MspInit
 .text.main     0x00000000080019c4       0x50 Core/Src/main.o
                0x00000000080019c4                main
 .text._Z18SystemClock_Configv
                0x0000000008001a14      0x106 Core/Src/main.o
                0x0000000008001a14                SystemClock_Config()
 *fill*         0x0000000008001b1a        0x2 
 .text.HAL_UART_RxCpltCallback
                0x0000000008001b1c       0x34 Core/Src/main.o
                0x0000000008001b1c                HAL_UART_RxCpltCallback
 .text.Error_Handler
                0x0000000008001b50        0xe Core/Src/main.o
                0x0000000008001b50                Error_Handler
 *fill*         0x0000000008001b5e        0x2 
 .text._Z41__static_initialization_and_destruction_0ii
                0x0000000008001b60       0x2c Core/Src/main.o
 .text._GLOBAL__sub_I_appMain
                0x0000000008001b8c       0x10 Core/Src/main.o
 .text.MX_SPI1_Init
                0x0000000008001b9c       0x7c Core/Src/spi.o
                0x0000000008001b9c                MX_SPI1_Init
 .text.HAL_SPI_MspInit
                0x0000000008001c18       0x84 Core/Src/spi.o
                0x0000000008001c18                HAL_SPI_MspInit
 .text.HAL_MspInit
                0x0000000008001c9c       0x48 Core/Src/stm32l4xx_hal_msp.o
                0x0000000008001c9c                HAL_MspInit
 .text.NMI_Handler
                0x0000000008001ce4        0xe Core/Src/stm32l4xx_it.o
                0x0000000008001ce4                NMI_Handler
 .text.HardFault_Handler
                0x0000000008001cf2        0x6 Core/Src/stm32l4xx_it.o
                0x0000000008001cf2                HardFault_Handler
 .text.MemManage_Handler
                0x0000000008001cf8        0x6 Core/Src/stm32l4xx_it.o
                0x0000000008001cf8                MemManage_Handler
 .text.BusFault_Handler
                0x0000000008001cfe        0x6 Core/Src/stm32l4xx_it.o
                0x0000000008001cfe                BusFault_Handler
 .text.UsageFault_Handler
                0x0000000008001d04        0x6 Core/Src/stm32l4xx_it.o
                0x0000000008001d04                UsageFault_Handler
 .text.SVC_Handler
                0x0000000008001d0a        0xe Core/Src/stm32l4xx_it.o
                0x0000000008001d0a                SVC_Handler
 .text.DebugMon_Handler
                0x0000000008001d18        0xe Core/Src/stm32l4xx_it.o
                0x0000000008001d18                DebugMon_Handler
 .text.PendSV_Handler
                0x0000000008001d26        0xe Core/Src/stm32l4xx_it.o
                0x0000000008001d26                PendSV_Handler
 .text.SysTick_Handler
                0x0000000008001d34        0xc Core/Src/stm32l4xx_it.o
                0x0000000008001d34                SysTick_Handler
 .text.USART2_IRQHandler
                0x0000000008001d40       0x14 Core/Src/stm32l4xx_it.o
                0x0000000008001d40                USART2_IRQHandler
 .text.USB_IRQHandler
                0x0000000008001d54       0x14 Core/Src/stm32l4xx_it.o
                0x0000000008001d54                USB_IRQHandler
 .text.SystemInit
                0x0000000008001d68       0x6c Core/Src/system_stm32l4xx.o
                0x0000000008001d68                SystemInit
 .text.MX_USART2_UART_Init
                0x0000000008001dd4       0x60 Core/Src/usart.o
                0x0000000008001dd4                MX_USART2_UART_Init
 .text.HAL_UART_MspInit
                0x0000000008001e34       0x94 Core/Src/usart.o
                0x0000000008001e34                HAL_UART_MspInit
 .text.Reset_Handler
                0x0000000008001ec8       0x50 Core/Startup/startup_stm32l412k8tx.o
                0x0000000008001ec8                Reset_Handler
 .text.Default_Handler
                0x0000000008001f18        0x2 Core/Startup/startup_stm32l412k8tx.o
                0x0000000008001f18                RTC_Alarm_IRQHandler
                0x0000000008001f18                EXTI2_IRQHandler
                0x0000000008001f18                TIM1_CC_IRQHandler
                0x0000000008001f18                TSC_IRQHandler
                0x0000000008001f18                TIM6_IRQHandler
                0x0000000008001f18                TAMP_STAMP_IRQHandler
                0x0000000008001f18                EXTI3_IRQHandler
                0x0000000008001f18                LPTIM2_IRQHandler
                0x0000000008001f18                I2C3_ER_IRQHandler
                0x0000000008001f18                EXTI0_IRQHandler
                0x0000000008001f18                I2C2_EV_IRQHandler
                0x0000000008001f18                FPU_IRQHandler
                0x0000000008001f18                TIM1_UP_TIM16_IRQHandler
                0x0000000008001f18                ADC1_2_IRQHandler
                0x0000000008001f18                SPI1_IRQHandler
                0x0000000008001f18                DMA2_Channel2_IRQHandler
                0x0000000008001f18                DMA1_Channel4_IRQHandler
                0x0000000008001f18                USART3_IRQHandler
                0x0000000008001f18                DMA1_Channel7_IRQHandler
                0x0000000008001f18                DMA2_Channel1_IRQHandler
                0x0000000008001f18                QUADSPI_IRQHandler
                0x0000000008001f18                I2C1_EV_IRQHandler
                0x0000000008001f18                DMA1_Channel6_IRQHandler
                0x0000000008001f18                DMA2_Channel4_IRQHandler
                0x0000000008001f18                RCC_IRQHandler
                0x0000000008001f18                TIM1_TRG_COM_IRQHandler
                0x0000000008001f18                DMA1_Channel1_IRQHandler
                0x0000000008001f18                Default_Handler
                0x0000000008001f18                DMA2_Channel7_IRQHandler
                0x0000000008001f18                EXTI15_10_IRQHandler
                0x0000000008001f18                I2C3_EV_IRQHandler
                0x0000000008001f18                EXTI9_5_IRQHandler
                0x0000000008001f18                RTC_WKUP_IRQHandler
                0x0000000008001f18                PVD_PVM_IRQHandler
                0x0000000008001f18                SPI2_IRQHandler
                0x0000000008001f18                DMA2_Channel5_IRQHandler
                0x0000000008001f18                CRS_IRQHandler
                0x0000000008001f18                DMA1_Channel5_IRQHandler
                0x0000000008001f18                EXTI4_IRQHandler
                0x0000000008001f18                RNG_IRQHandler
                0x0000000008001f18                DMA1_Channel3_IRQHandler
                0x0000000008001f18                COMP_IRQHandler
                0x0000000008001f18                WWDG_IRQHandler
                0x0000000008001f18                LPUART1_IRQHandler
                0x0000000008001f18                DMA2_Channel6_IRQHandler
                0x0000000008001f18                TIM2_IRQHandler
                0x0000000008001f18                EXTI1_IRQHandler
                0x0000000008001f18                I2C2_ER_IRQHandler
                0x0000000008001f18                DMA1_Channel2_IRQHandler
                0x0000000008001f18                FLASH_IRQHandler
                0x0000000008001f18                USART1_IRQHandler
                0x0000000008001f18                I2C1_ER_IRQHandler
                0x0000000008001f18                LPTIM1_IRQHandler
                0x0000000008001f18                DMA2_Channel3_IRQHandler
                0x0000000008001f18                TIM1_BRK_TIM15_IRQHandler
 .text.HAL_Init
                0x0000000008001f1a       0x30 Drivers/STM32L4xx_HAL_Driver/Src/stm32l4xx_hal.o
                0x0000000008001f1a                HAL_Init
 *fill*         0x0000000008001f4a        0x2 
 .text.HAL_InitTick
                0x0000000008001f4c       0x74 Drivers/STM32L4xx_HAL_Driver/Src/stm32l4xx_hal.o
                0x0000000008001f4c                HAL_InitTick
 .text.HAL_IncTick
                0x0000000008001fc0       0x24 Drivers/STM32L4xx_HAL_Driver/Src/stm32l4xx_hal.o
                0x0000000008001fc0                HAL_IncTick
 .text.HAL_GetTick
                0x0000000008001fe4       0x18 Drivers/STM32L4xx_HAL_Driver/Src/stm32l4xx_hal.o
                0x0000000008001fe4                HAL_GetTick
 .text.HAL_Delay
                0x0000000008001ffc       0x44 Drivers/STM32L4xx_HAL_Driver/Src/stm32l4xx_hal.o
                0x0000000008001ffc                HAL_Delay
 .text.__NVIC_SetPriorityGrouping
                0x0000000008002040       0x48 Drivers/STM32L4xx_HAL_Driver/Src/stm32l4xx_hal_cortex.o
 .text.__NVIC_GetPriorityGrouping
                0x0000000008002088       0x1c Drivers/STM32L4xx_HAL_Driver/Src/stm32l4xx_hal_cortex.o
 .text.__NVIC_EnableIRQ
                0x00000000080020a4       0x3c Drivers/STM32L4xx_HAL_Driver/Src/stm32l4xx_hal_cortex.o
 .text.__NVIC_SetPriority
                0x00000000080020e0       0x54 Drivers/STM32L4xx_HAL_Driver/Src/stm32l4xx_hal_cortex.o
 .text.NVIC_EncodePriority
                0x0000000008002134       0x66 Drivers/STM32L4xx_HAL_Driver/Src/stm32l4xx_hal_cortex.o
 *fill*         0x000000000800219a        0x2 
 .text.SysTick_Config
                0x000000000800219c       0x44 Drivers/STM32L4xx_HAL_Driver/Src/stm32l4xx_hal_cortex.o
 .text.HAL_NVIC_SetPriorityGrouping
                0x00000000080021e0       0x16 Drivers/STM32L4xx_HAL_Driver/Src/stm32l4xx_hal_cortex.o
                0x00000000080021e0                HAL_NVIC_SetPriorityGrouping
 .text.HAL_NVIC_SetPriority
                0x00000000080021f6       0x38 Drivers/STM32L4xx_HAL_Driver/Src/stm32l4xx_hal_cortex.o
                0x00000000080021f6                HAL_NVIC_SetPriority
 .text.HAL_NVIC_EnableIRQ
                0x000000000800222e       0x1c Drivers/STM32L4xx_HAL_Driver/Src/stm32l4xx_hal_cortex.o
                0x000000000800222e                HAL_NVIC_EnableIRQ
 .text.HAL_SYSTICK_Config
                0x000000000800224a       0x18 Drivers/STM32L4xx_HAL_Driver/Src/stm32l4xx_hal_cortex.o
                0x000000000800224a                HAL_SYSTICK_Config
 .text.HAL_DMA_Abort_IT
                0x0000000008002262       0x82 Drivers/STM32L4xx_HAL_Driver/Src/stm32l4xx_hal_dma.o
                0x0000000008002262                HAL_DMA_Abort_IT
 .text.HAL_GPIO_Init
                0x00000000080022e4      0x2e4 Drivers/STM32L4xx_HAL_Driver/Src/stm32l4xx_hal_gpio.o
                0x00000000080022e4                HAL_GPIO_Init
 .text.HAL_GPIO_WritePin
                0x00000000080025c8       0x30 Drivers/STM32L4xx_HAL_Driver/Src/stm32l4xx_hal_gpio.o
                0x00000000080025c8                HAL_GPIO_WritePin
 .text.HAL_GPIO_TogglePin
                0x00000000080025f8       0x32 Drivers/STM32L4xx_HAL_Driver/Src/stm32l4xx_hal_gpio.o
                0x00000000080025f8                HAL_GPIO_TogglePin
 .text.HAL_I2C_Init
                0x000000000800262a      0x11e Drivers/STM32L4xx_HAL_Driver/Src/stm32l4xx_hal_i2c.o
                0x000000000800262a                HAL_I2C_Init
 .text.HAL_I2CEx_ConfigAnalogFilter
                0x0000000008002748       0x96 Drivers/STM32L4xx_HAL_Driver/Src/stm32l4xx_hal_i2c_ex.o
                0x0000000008002748                HAL_I2CEx_ConfigAnalogFilter
 .text.HAL_I2CEx_ConfigDigitalFilter
                0x00000000080027de       0x98 Drivers/STM32L4xx_HAL_Driver/Src/stm32l4xx_hal_i2c_ex.o
                0x00000000080027de                HAL_I2CEx_ConfigDigitalFilter
 .text.HAL_PCD_Init
                0x0000000008002876      0x1d0 Drivers/STM32L4xx_HAL_Driver/Src/stm32l4xx_hal_pcd.o
                0x0000000008002876                HAL_PCD_Init
 .text.HAL_PCD_Start
                0x0000000008002a46       0x44 Drivers/STM32L4xx_HAL_Driver/Src/stm32l4xx_hal_pcd.o
                0x0000000008002a46                HAL_PCD_Start
 .text.HAL_PCD_IRQHandler
                0x0000000008002a8a      0x29c Drivers/STM32L4xx_HAL_Driver/Src/stm32l4xx_hal_pcd.o
                0x0000000008002a8a                HAL_PCD_IRQHandler
 .text.HAL_PCD_SetAddress
                0x0000000008002d26       0x4a Drivers/STM32L4xx_HAL_Driver/Src/stm32l4xx_hal_pcd.o
                0x0000000008002d26                HAL_PCD_SetAddress
 .text.HAL_PCD_EP_Open
                0x0000000008002d70       0xc0 Drivers/STM32L4xx_HAL_Driver/Src/stm32l4xx_hal_pcd.o
                0x0000000008002d70                HAL_PCD_EP_Open
 .text.HAL_PCD_EP_Close
                0x0000000008002e30       0x84 Drivers/STM32L4xx_HAL_Driver/Src/stm32l4xx_hal_pcd.o
                0x0000000008002e30                HAL_PCD_EP_Close
 .text.HAL_PCD_EP_Receive
                0x0000000008002eb4       0x74 Drivers/STM32L4xx_HAL_Driver/Src/stm32l4xx_hal_pcd.o
                0x0000000008002eb4                HAL_PCD_EP_Receive
 .text.HAL_PCD_EP_GetRxCount
                0x0000000008002f28       0x2a Drivers/STM32L4xx_HAL_Driver/Src/stm32l4xx_hal_pcd.o
                0x0000000008002f28                HAL_PCD_EP_GetRxCount
 .text.HAL_PCD_EP_Transmit
                0x0000000008002f52       0x72 Drivers/STM32L4xx_HAL_Driver/Src/stm32l4xx_hal_pcd.o
                0x0000000008002f52                HAL_PCD_EP_Transmit
 .text.HAL_PCD_EP_SetStall
                0x0000000008002fc4       0xb4 Drivers/STM32L4xx_HAL_Driver/Src/stm32l4xx_hal_pcd.o
                0x0000000008002fc4                HAL_PCD_EP_SetStall
 .text.HAL_PCD_EP_ClrStall
                0x0000000008003078       0x9c Drivers/STM32L4xx_HAL_Driver/Src/stm32l4xx_hal_pcd.o
                0x0000000008003078                HAL_PCD_EP_ClrStall
 .text.PCD_EP_ISR_Handler
                0x0000000008003114      0x518 Drivers/STM32L4xx_HAL_Driver/Src/stm32l4xx_hal_pcd.o
 .text.HAL_PCDEx_PMAConfig
                0x000000000800362c       0x7a Drivers/STM32L4xx_HAL_Driver/Src/stm32l4xx_hal_pcd_ex.o
                0x000000000800362c                HAL_PCDEx_PMAConfig
 .text.HAL_PCDEx_ActivateLPM
                0x00000000080036a6       0x54 Drivers/STM32L4xx_HAL_Driver/Src/stm32l4xx_hal_pcd_ex.o
                0x00000000080036a6                HAL_PCDEx_ActivateLPM
 *fill*         0x00000000080036fa        0x2 
 .text.HAL_PWREx_GetVoltageRange
                0x00000000080036fc       0x1c Drivers/STM32L4xx_HAL_Driver/Src/stm32l4xx_hal_pwr_ex.o
                0x00000000080036fc                HAL_PWREx_GetVoltageRange
 .text.HAL_PWREx_ControlVoltageScaling
                0x0000000008003718       0xac Drivers/STM32L4xx_HAL_Driver/Src/stm32l4xx_hal_pwr_ex.o
                0x0000000008003718                HAL_PWREx_ControlVoltageScaling
 .text.HAL_PWREx_EnableVddUSB
                0x00000000080037c4       0x20 Drivers/STM32L4xx_HAL_Driver/Src/stm32l4xx_hal_pwr_ex.o
                0x00000000080037c4                HAL_PWREx_EnableVddUSB
 .text.HAL_RCC_OscConfig
                0x00000000080037e4      0x8cc Drivers/STM32L4xx_HAL_Driver/Src/stm32l4xx_hal_rcc.o
                0x00000000080037e4                HAL_RCC_OscConfig
 .text.HAL_RCC_ClockConfig
                0x00000000080040b0      0x1c4 Drivers/STM32L4xx_HAL_Driver/Src/stm32l4xx_hal_rcc.o
                0x00000000080040b0                HAL_RCC_ClockConfig
 .text.HAL_RCC_GetSysClockFreq
                0x0000000008004274      0x114 Drivers/STM32L4xx_HAL_Driver/Src/stm32l4xx_hal_rcc.o
                0x0000000008004274                HAL_RCC_GetSysClockFreq
 .text.HAL_RCC_GetHCLKFreq
                0x0000000008004388       0x18 Drivers/STM32L4xx_HAL_Driver/Src/stm32l4xx_hal_rcc.o
                0x0000000008004388                HAL_RCC_GetHCLKFreq
 .text.HAL_RCC_GetPCLK1Freq
                0x00000000080043a0       0x2c Drivers/STM32L4xx_HAL_Driver/Src/stm32l4xx_hal_rcc.o
                0x00000000080043a0                HAL_RCC_GetPCLK1Freq
 .text.HAL_RCC_GetPCLK2Freq
                0x00000000080043cc       0x2c Drivers/STM32L4xx_HAL_Driver/Src/stm32l4xx_hal_rcc.o
                0x00000000080043cc                HAL_RCC_GetPCLK2Freq
 .text.RCC_SetFlashLatencyFromMSIRange
                0x00000000080043f8       0xc0 Drivers/STM32L4xx_HAL_Driver/Src/stm32l4xx_hal_rcc.o
 .text.HAL_RCCEx_PeriphCLKConfig
                0x00000000080044b8      0x30c Drivers/STM32L4xx_HAL_Driver/Src/stm32l4xx_hal_rcc_ex.o
                0x00000000080044b8                HAL_RCCEx_PeriphCLKConfig
 .text.HAL_SPI_Init
                0x00000000080047c4      0x114 Drivers/STM32L4xx_HAL_Driver/Src/stm32l4xx_hal_spi.o
                0x00000000080047c4                HAL_SPI_Init
 .text.HAL_SPI_Transmit
                0x00000000080048d8      0x2cc Drivers/STM32L4xx_HAL_Driver/Src/stm32l4xx_hal_spi.o
                0x00000000080048d8                HAL_SPI_Transmit
 .text.HAL_SPI_TransmitReceive
                0x0000000008004ba4      0x426 Drivers/STM32L4xx_HAL_Driver/Src/stm32l4xx_hal_spi.o
                0x0000000008004ba4                HAL_SPI_TransmitReceive
 .text.SPI_WaitFlagStateUntilTimeout
                0x0000000008004fca       0xd4 Drivers/STM32L4xx_HAL_Driver/Src/stm32l4xx_hal_spi.o
 .text.SPI_WaitFifoStateUntilTimeout
                0x000000000800509e       0xda Drivers/STM32L4xx_HAL_Driver/Src/stm32l4xx_hal_spi.o
 .text.SPI_EndRxTxTransaction
                0x0000000008005178       0x8c Drivers/STM32L4xx_HAL_Driver/Src/stm32l4xx_hal_spi.o
 .text.HAL_UART_Init
                0x0000000008005204       0x9c Drivers/STM32L4xx_HAL_Driver/Src/stm32l4xx_hal_uart.o
                0x0000000008005204                HAL_UART_Init
 .text.HAL_UART_Receive_IT
                0x00000000080052a0      0x144 Drivers/STM32L4xx_HAL_Driver/Src/stm32l4xx_hal_uart.o
                0x00000000080052a0                HAL_UART_Receive_IT
 .text.HAL_UART_IRQHandler
                0x00000000080053e4      0x28c Drivers/STM32L4xx_HAL_Driver/Src/stm32l4xx_hal_uart.o
                0x00000000080053e4                HAL_UART_IRQHandler
 .text.HAL_UART_TxCpltCallback
                0x0000000008005670       0x14 Drivers/STM32L4xx_HAL_Driver/Src/stm32l4xx_hal_uart.o
                0x0000000008005670                HAL_UART_TxCpltCallback
 .text.HAL_UART_ErrorCallback
                0x0000000008005684       0x14 Drivers/STM32L4xx_HAL_Driver/Src/stm32l4xx_hal_uart.o
                0x0000000008005684                HAL_UART_ErrorCallback
 .text.UART_SetConfig
                0x0000000008005698      0x628 Drivers/STM32L4xx_HAL_Driver/Src/stm32l4xx_hal_uart.o
                0x0000000008005698                UART_SetConfig
 .text.UART_AdvFeatureConfig
                0x0000000008005cc0      0x144 Drivers/STM32L4xx_HAL_Driver/Src/stm32l4xx_hal_uart.o
                0x0000000008005cc0                UART_AdvFeatureConfig
 .text.UART_CheckIdleState
                0x0000000008005e04       0x8a Drivers/STM32L4xx_HAL_Driver/Src/stm32l4xx_hal_uart.o
                0x0000000008005e04                UART_CheckIdleState
 .text.UART_WaitOnFlagUntilTimeout
                0x0000000008005e8e       0xf6 Drivers/STM32L4xx_HAL_Driver/Src/stm32l4xx_hal_uart.o
                0x0000000008005e8e                UART_WaitOnFlagUntilTimeout
 .text.UART_EndRxTransfer
                0x0000000008005f84       0x40 Drivers/STM32L4xx_HAL_Driver/Src/stm32l4xx_hal_uart.o
 .text.UART_DMAAbortOnError
                0x0000000008005fc4       0x2c Drivers/STM32L4xx_HAL_Driver/Src/stm32l4xx_hal_uart.o
 .text.UART_EndTransmit_IT
                0x0000000008005ff0       0x32 Drivers/STM32L4xx_HAL_Driver/Src/stm32l4xx_hal_uart.o
 .text.UART_RxISR_8BIT
                0x0000000008006022       0xaa Drivers/STM32L4xx_HAL_Driver/Src/stm32l4xx_hal_uart.o
 .text.UART_RxISR_16BIT
                0x00000000080060cc       0xaa Drivers/STM32L4xx_HAL_Driver/Src/stm32l4xx_hal_uart.o
 .text.HAL_UARTEx_WakeupCallback
                0x0000000008006176       0x14 Drivers/STM32L4xx_HAL_Driver/Src/stm32l4xx_hal_uart_ex.o
                0x0000000008006176                HAL_UARTEx_WakeupCallback
 .text.USB_CoreInit
                0x000000000800618a       0x22 Drivers/STM32L4xx_HAL_Driver/Src/stm32l4xx_ll_usb.o
                0x000000000800618a                USB_CoreInit
 .text.USB_EnableGlobalInt
                0x00000000080061ac       0x32 Drivers/STM32L4xx_HAL_Driver/Src/stm32l4xx_ll_usb.o
                0x00000000080061ac                USB_EnableGlobalInt
 .text.USB_DisableGlobalInt
                0x00000000080061de       0x36 Drivers/STM32L4xx_HAL_Driver/Src/stm32l4xx_ll_usb.o
                0x00000000080061de                USB_DisableGlobalInt
 .text.USB_SetCurrentMode
                0x0000000008006214       0x1a Drivers/STM32L4xx_HAL_Driver/Src/stm32l4xx_ll_usb.o
                0x0000000008006214                USB_SetCurrentMode
 .text.USB_DevInit
                0x000000000800622e       0x48 Drivers/STM32L4xx_HAL_Driver/Src/stm32l4xx_ll_usb.o
                0x000000000800622e                USB_DevInit
 *fill*         0x0000000008006276        0x2 
 .text.USB_ActivateEndpoint
                0x0000000008006278      0x5e0 Drivers/STM32L4xx_HAL_Driver/Src/stm32l4xx_ll_usb.o
                0x0000000008006278                USB_ActivateEndpoint
 .text.USB_DeactivateEndpoint
                0x0000000008006858      0x32c Drivers/STM32L4xx_HAL_Driver/Src/stm32l4xx_ll_usb.o
                0x0000000008006858                USB_DeactivateEndpoint
 .text.USB_EPStartXfer
                0x0000000008006b84      0x570 Drivers/STM32L4xx_HAL_Driver/Src/stm32l4xx_ll_usb.o
                0x0000000008006b84                USB_EPStartXfer
 .text.USB_EPSetStall
                0x00000000080070f4       0x84 Drivers/STM32L4xx_HAL_Driver/Src/stm32l4xx_ll_usb.o
                0x00000000080070f4                USB_EPSetStall
 .text.USB_EPClearStall
                0x0000000008007178      0x128 Drivers/STM32L4xx_HAL_Driver/Src/stm32l4xx_ll_usb.o
                0x0000000008007178                USB_EPClearStall
 .text.USB_SetDevAddress
                0x00000000080072a0       0x28 Drivers/STM32L4xx_HAL_Driver/Src/stm32l4xx_ll_usb.o
                0x00000000080072a0                USB_SetDevAddress
 .text.USB_DevConnect
                0x00000000080072c8       0x2e Drivers/STM32L4xx_HAL_Driver/Src/stm32l4xx_ll_usb.o
                0x00000000080072c8                USB_DevConnect
 .text.USB_DevDisconnect
                0x00000000080072f6       0x2a Drivers/STM32L4xx_HAL_Driver/Src/stm32l4xx_ll_usb.o
                0x00000000080072f6                USB_DevDisconnect
 .text.USB_ReadInterrupts
                0x0000000008007320       0x20 Drivers/STM32L4xx_HAL_Driver/Src/stm32l4xx_ll_usb.o
                0x0000000008007320                USB_ReadInterrupts
 .text.USB_EP0_OutStart
                0x0000000008007340       0x18 Drivers/STM32L4xx_HAL_Driver/Src/stm32l4xx_ll_usb.o
                0x0000000008007340                USB_EP0_OutStart
 .text.USB_WritePMA
                0x0000000008007358       0x82 Drivers/STM32L4xx_HAL_Driver/Src/stm32l4xx_ll_usb.o
                0x0000000008007358                USB_WritePMA
 .text.USB_ReadPMA
                0x00000000080073da       0x98 Drivers/STM32L4xx_HAL_Driver/Src/stm32l4xx_ll_usb.o
                0x00000000080073da                USB_ReadPMA
 .text.USBD_CDC_Init
                0x0000000008007472       0xf4 Middlewares/ST/STM32_USB_Device_Library/Class/CDC/Src/usbd_cdc.o
 .text.USBD_CDC_DeInit
                0x0000000008007566       0x6e Middlewares/ST/STM32_USB_Device_Library/Class/CDC/Src/usbd_cdc.o
 .text.USBD_CDC_Setup
                0x00000000080075d4      0x140 Middlewares/ST/STM32_USB_Device_Library/Class/CDC/Src/usbd_cdc.o
 .text.USBD_CDC_DataIn
                0x0000000008007714       0xa0 Middlewares/ST/STM32_USB_Device_Library/Class/CDC/Src/usbd_cdc.o
 .text.USBD_CDC_DataOut
                0x00000000080077b4       0x56 Middlewares/ST/STM32_USB_Device_Library/Class/CDC/Src/usbd_cdc.o
 .text.USBD_CDC_EP0_RxReady
                0x000000000800780a       0x50 Middlewares/ST/STM32_USB_Device_Library/Class/CDC/Src/usbd_cdc.o
 *fill*         0x000000000800785a        0x2 
 .text.USBD_CDC_GetFSCfgDesc
                0x000000000800785c       0x20 Middlewares/ST/STM32_USB_Device_Library/Class/CDC/Src/usbd_cdc.o
 .text.USBD_CDC_GetHSCfgDesc
                0x000000000800787c       0x20 Middlewares/ST/STM32_USB_Device_Library/Class/CDC/Src/usbd_cdc.o
 .text.USBD_CDC_GetOtherSpeedCfgDesc
                0x000000000800789c       0x20 Middlewares/ST/STM32_USB_Device_Library/Class/CDC/Src/usbd_cdc.o
 .text.USBD_CDC_GetDeviceQualifierDescriptor
                0x00000000080078bc       0x20 Middlewares/ST/STM32_USB_Device_Library/Class/CDC/Src/usbd_cdc.o
                0x00000000080078bc                USBD_CDC_GetDeviceQualifierDescriptor
 .text.USBD_CDC_RegisterInterface
                0x00000000080078dc       0x2e Middlewares/ST/STM32_USB_Device_Library/Class/CDC/Src/usbd_cdc.o
                0x00000000080078dc                USBD_CDC_RegisterInterface
 .text.USBD_CDC_SetTxBuffer
                0x000000000800790a       0x34 Middlewares/ST/STM32_USB_Device_Library/Class/CDC/Src/usbd_cdc.o
                0x000000000800790a                USBD_CDC_SetTxBuffer
 .text.USBD_CDC_SetRxBuffer
                0x000000000800793e       0x28 Middlewares/ST/STM32_USB_Device_Library/Class/CDC/Src/usbd_cdc.o
                0x000000000800793e                USBD_CDC_SetRxBuffer
 .text.USBD_CDC_TransmitPacket
                0x0000000008007966       0x5e Middlewares/ST/STM32_USB_Device_Library/Class/CDC/Src/usbd_cdc.o
                0x0000000008007966                USBD_CDC_TransmitPacket
 .text.USBD_CDC_ReceivePacket
                0x00000000080079c4       0x54 Middlewares/ST/STM32_USB_Device_Library/Class/CDC/Src/usbd_cdc.o
                0x00000000080079c4                USBD_CDC_ReceivePacket
 .text.USBD_Init
                0x0000000008007a18       0x56 Middlewares/ST/STM32_USB_Device_Library/Core/Src/usbd_core.o
                0x0000000008007a18                USBD_Init
 .text.USBD_RegisterClass
                0x0000000008007a6e       0x34 Middlewares/ST/STM32_USB_Device_Library/Core/Src/usbd_core.o
                0x0000000008007a6e                USBD_RegisterClass
 .text.USBD_Start
                0x0000000008007aa2       0x18 Middlewares/ST/STM32_USB_Device_Library/Core/Src/usbd_core.o
                0x0000000008007aa2                USBD_Start
 .text.USBD_RunTestMode
                0x0000000008007aba       0x16 Middlewares/ST/STM32_USB_Device_Library/Core/Src/usbd_core.o
                0x0000000008007aba                USBD_RunTestMode
 .text.USBD_SetClassConfig
                0x0000000008007ad0       0x3e Middlewares/ST/STM32_USB_Device_Library/Core/Src/usbd_core.o
                0x0000000008007ad0                USBD_SetClassConfig
 .text.USBD_ClrClassConfig
                0x0000000008007b0e       0x26 Middlewares/ST/STM32_USB_Device_Library/Core/Src/usbd_core.o
                0x0000000008007b0e                USBD_ClrClassConfig
 .text.USBD_LL_SetupStage
                0x0000000008007b34       0x96 Middlewares/ST/STM32_USB_Device_Library/Core/Src/usbd_core.o
                0x0000000008007b34                USBD_LL_SetupStage
 .text.USBD_LL_DataOutStage
                0x0000000008007bca       0xe2 Middlewares/ST/STM32_USB_Device_Library/Core/Src/usbd_core.o
                0x0000000008007bca                USBD_LL_DataOutStage
 .text.USBD_LL_DataInStage
                0x0000000008007cac      0x14a Middlewares/ST/STM32_USB_Device_Library/Core/Src/usbd_core.o
                0x0000000008007cac                USBD_LL_DataInStage
 .text.USBD_LL_Reset
                0x0000000008007df6       0x82 Middlewares/ST/STM32_USB_Device_Library/Core/Src/usbd_core.o
                0x0000000008007df6                USBD_LL_Reset
 .text.USBD_LL_SetSpeed
                0x0000000008007e78       0x20 Middlewares/ST/STM32_USB_Device_Library/Core/Src/usbd_core.o
                0x0000000008007e78                USBD_LL_SetSpeed
 .text.USBD_LL_Suspend
                0x0000000008007e98       0x2a Middlewares/ST/STM32_USB_Device_Library/Core/Src/usbd_core.o
                0x0000000008007e98                USBD_LL_Suspend
 .text.USBD_LL_Resume
                0x0000000008007ec2       0x2c Middlewares/ST/STM32_USB_Device_Library/Core/Src/usbd_core.o
                0x0000000008007ec2                USBD_LL_Resume
 .text.USBD_LL_SOF
                0x0000000008007eee       0x34 Middlewares/ST/STM32_USB_Device_Library/Core/Src/usbd_core.o
                0x0000000008007eee                USBD_LL_SOF
 *fill*         0x0000000008007f22        0x2 
 .text.USBD_StdDevReq
                0x0000000008007f24       0xd4 Middlewares/ST/STM32_USB_Device_Library/Core/Src/usbd_ctlreq.o
                0x0000000008007f24                USBD_StdDevReq
 .text.USBD_StdItfReq
                0x0000000008007ff8       0x8c Middlewares/ST/STM32_USB_Device_Library/Core/Src/usbd_ctlreq.o
                0x0000000008007ff8                USBD_StdItfReq
 .text.USBD_StdEPReq
                0x0000000008008084      0x2ba Middlewares/ST/STM32_USB_Device_Library/Core/Src/usbd_ctlreq.o
                0x0000000008008084                USBD_StdEPReq
 *fill*         0x000000000800833e        0x2 
 .text.USBD_GetDescriptor
                0x0000000008008340      0x324 Middlewares/ST/STM32_USB_Device_Library/Core/Src/usbd_ctlreq.o
 .text.USBD_SetAddress
                0x0000000008008664       0x84 Middlewares/ST/STM32_USB_Device_Library/Core/Src/usbd_ctlreq.o
 .text.USBD_SetConfig
                0x00000000080086e8      0x11c Middlewares/ST/STM32_USB_Device_Library/Core/Src/usbd_ctlreq.o
 .text.USBD_GetConfig
                0x0000000008008804       0x68 Middlewares/ST/STM32_USB_Device_Library/Core/Src/usbd_ctlreq.o
 .text.USBD_GetStatus
                0x000000000800886c       0x66 Middlewares/ST/STM32_USB_Device_Library/Core/Src/usbd_ctlreq.o
 .text.USBD_SetFeature
                0x00000000080088d2       0x28 Middlewares/ST/STM32_USB_Device_Library/Core/Src/usbd_ctlreq.o
 .text.USBD_ClrFeature
                0x00000000080088fa       0x42 Middlewares/ST/STM32_USB_Device_Library/Core/Src/usbd_ctlreq.o
 .text.USBD_ParseSetupRequest
                0x000000000800893c       0x7a Middlewares/ST/STM32_USB_Device_Library/Core/Src/usbd_ctlreq.o
                0x000000000800893c                USBD_ParseSetupRequest
 .text.USBD_CtlError
                0x00000000080089b6       0x22 Middlewares/ST/STM32_USB_Device_Library/Core/Src/usbd_ctlreq.o
                0x00000000080089b6                USBD_CtlError
 .text.USBD_GetString
                0x00000000080089d8       0x84 Middlewares/ST/STM32_USB_Device_Library/Core/Src/usbd_ctlreq.o
                0x00000000080089d8                USBD_GetString
 .text.USBD_GetLen
                0x0000000008008a5c       0x30 Middlewares/ST/STM32_USB_Device_Library/Core/Src/usbd_ctlreq.o
 .text.USBD_CtlSendData
                0x0000000008008a8c       0x38 Middlewares/ST/STM32_USB_Device_Library/Core/Src/usbd_ioreq.o
                0x0000000008008a8c                USBD_CtlSendData
 .text.USBD_CtlContinueSendData
                0x0000000008008ac4       0x24 Middlewares/ST/STM32_USB_Device_Library/Core/Src/usbd_ioreq.o
                0x0000000008008ac4                USBD_CtlContinueSendData
 .text.USBD_CtlPrepareRx
                0x0000000008008ae8       0x3c Middlewares/ST/STM32_USB_Device_Library/Core/Src/usbd_ioreq.o
                0x0000000008008ae8                USBD_CtlPrepareRx
 .text.USBD_CtlContinueRx
                0x0000000008008b24       0x24 Middlewares/ST/STM32_USB_Device_Library/Core/Src/usbd_ioreq.o
                0x0000000008008b24                USBD_CtlContinueRx
 .text.USBD_CtlSendStatus
                0x0000000008008b48       0x26 Middlewares/ST/STM32_USB_Device_Library/Core/Src/usbd_ioreq.o
                0x0000000008008b48                USBD_CtlSendStatus
 .text.USBD_CtlReceiveStatus
                0x0000000008008b6e       0x26 Middlewares/ST/STM32_USB_Device_Library/Core/Src/usbd_ioreq.o
                0x0000000008008b6e                USBD_CtlReceiveStatus
 .text.MX_USB_DEVICE_Init
                0x0000000008008b94       0x60 USB_DEVICE/App/usb_device.o
                0x0000000008008b94                MX_USB_DEVICE_Init
 .text.CDC_Init_FS
                0x0000000008008bf4       0x28 USB_DEVICE/App/usbd_cdc_if.o
 .text.CDC_DeInit_FS
                0x0000000008008c1c       0x10 USB_DEVICE/App/usbd_cdc_if.o
 .text.CDC_Control_FS
                0x0000000008008c2c       0xbc USB_DEVICE/App/usbd_cdc_if.o
 .text.CDC_Receive_FS
                0x0000000008008ce8       0x28 USB_DEVICE/App/usbd_cdc_if.o
 .text.CDC_Transmit_FS
                0x0000000008008d10       0x4c USB_DEVICE/App/usbd_cdc_if.o
                0x0000000008008d10                CDC_Transmit_FS
 .text.USBD_FS_DeviceDescriptor
                0x0000000008008d5c       0x24 USB_DEVICE/App/usbd_desc.o
                0x0000000008008d5c                USBD_FS_DeviceDescriptor
 .text.USBD_FS_LangIDStrDescriptor
                0x0000000008008d80       0x24 USB_DEVICE/App/usbd_desc.o
                0x0000000008008d80                USBD_FS_LangIDStrDescriptor
 .text.USBD_FS_ProductStrDescriptor
                0x0000000008008da4       0x3c USB_DEVICE/App/usbd_desc.o
                0x0000000008008da4                USBD_FS_ProductStrDescriptor
 .text.USBD_FS_ManufacturerStrDescriptor
                0x0000000008008de0       0x28 USB_DEVICE/App/usbd_desc.o
                0x0000000008008de0                USBD_FS_ManufacturerStrDescriptor
 .text.USBD_FS_SerialStrDescriptor
                0x0000000008008e08       0x24 USB_DEVICE/App/usbd_desc.o
                0x0000000008008e08                USBD_FS_SerialStrDescriptor
 .text.USBD_FS_ConfigStrDescriptor
                0x0000000008008e2c       0x3c USB_DEVICE/App/usbd_desc.o
                0x0000000008008e2c                USBD_FS_ConfigStrDescriptor
 .text.USBD_FS_InterfaceStrDescriptor
                0x0000000008008e68       0x3c USB_DEVICE/App/usbd_desc.o
                0x0000000008008e68                USBD_FS_InterfaceStrDescriptor
 .text.USBD_FS_USR_BOSDescriptor
                0x0000000008008ea4       0x24 USB_DEVICE/App/usbd_desc.o
                0x0000000008008ea4                USBD_FS_USR_BOSDescriptor
 .text.Get_SerialNum
                0x0000000008008ec8       0x58 USB_DEVICE/App/usbd_desc.o
 .text.IntToUnicode
                0x0000000008008f20       0x7c USB_DEVICE/App/usbd_desc.o
 .text.HAL_PCD_MspInit
                0x0000000008008f9c       0x98 USB_DEVICE/Target/usbd_conf.o
                0x0000000008008f9c                HAL_PCD_MspInit
 .text.HAL_PCD_SetupStageCallback
                0x0000000008009034       0x24 USB_DEVICE/Target/usbd_conf.o
                0x0000000008009034                HAL_PCD_SetupStageCallback
 .text.HAL_PCD_DataOutStageCallback
                0x0000000008009058       0x30 USB_DEVICE/Target/usbd_conf.o
                0x0000000008009058                HAL_PCD_DataOutStageCallback
 .text.HAL_PCD_DataInStageCallback
                0x0000000008009088       0x2e USB_DEVICE/Target/usbd_conf.o
                0x0000000008009088                HAL_PCD_DataInStageCallback
 .text.HAL_PCD_SOFCallback
                0x00000000080090b6       0x1c USB_DEVICE/Target/usbd_conf.o
                0x00000000080090b6                HAL_PCD_SOFCallback
 .text.HAL_PCD_ResetCallback
                0x00000000080090d2       0x3c USB_DEVICE/Target/usbd_conf.o
                0x00000000080090d2                HAL_PCD_ResetCallback
 *fill*         0x000000000800910e        0x2 
 .text.HAL_PCD_SuspendCallback
                0x0000000008009110       0x34 USB_DEVICE/Target/usbd_conf.o
                0x0000000008009110                HAL_PCD_SuspendCallback
 .text.HAL_PCD_ResumeCallback
                0x0000000008009144       0x38 USB_DEVICE/Target/usbd_conf.o
                0x0000000008009144                HAL_PCD_ResumeCallback
 .text.USBD_LL_Init
                0x000000000800917c       0xc4 USB_DEVICE/Target/usbd_conf.o
                0x000000000800917c                USBD_LL_Init
 .text.USBD_LL_Start
                0x0000000008009240       0x64 USB_DEVICE/Target/usbd_conf.o
                0x0000000008009240                USBD_LL_Start
 .text.USBD_LL_OpenEP
                0x00000000080092a4       0x7c USB_DEVICE/Target/usbd_conf.o
                0x00000000080092a4                USBD_LL_OpenEP
 .text.USBD_LL_CloseEP
                0x0000000008009320       0x6c USB_DEVICE/Target/usbd_conf.o
                0x0000000008009320                USBD_LL_CloseEP
 .text.USBD_LL_StallEP
                0x000000000800938c       0x6c USB_DEVICE/Target/usbd_conf.o
                0x000000000800938c                USBD_LL_StallEP
 .text.USBD_LL_ClearStallEP
                0x00000000080093f8       0x6c USB_DEVICE/Target/usbd_conf.o
                0x00000000080093f8                USBD_LL_ClearStallEP
 .text.USBD_LL_IsStallEP
                0x0000000008009464       0x4c USB_DEVICE/Target/usbd_conf.o
                0x0000000008009464                USBD_LL_IsStallEP
 .text.USBD_LL_SetUSBAddress
                0x00000000080094b0       0x6c USB_DEVICE/Target/usbd_conf.o
                0x00000000080094b0                USBD_LL_SetUSBAddress
 .text.USBD_LL_Transmit
                0x000000000800951c       0x74 USB_DEVICE/Target/usbd_conf.o
                0x000000000800951c                USBD_LL_Transmit
 .text.USBD_LL_PrepareReceive
                0x0000000008009590       0x74 USB_DEVICE/Target/usbd_conf.o
                0x0000000008009590                USBD_LL_PrepareReceive
 .text.USBD_LL_GetRxDataSize
                0x0000000008009604       0x26 USB_DEVICE/Target/usbd_conf.o
                0x0000000008009604                USBD_LL_GetRxDataSize
 *fill*         0x000000000800962a        0x2 
 .text.HAL_PCDEx_LPM_Callback
                0x000000000800962c       0x6c USB_DEVICE/Target/usbd_conf.o
                0x000000000800962c                HAL_PCDEx_LPM_Callback
 .text.USBD_static_malloc
                0x0000000008009698       0x1c USB_DEVICE/Target/usbd_conf.o
                0x0000000008009698                USBD_static_malloc
 .text.USBD_static_free
                0x00000000080096b4       0x14 USB_DEVICE/Target/usbd_conf.o
                0x00000000080096b4                USBD_static_free
 .text.SystemClockConfig_Resume
                0x00000000080096c8        0xe USB_DEVICE/Target/usbd_conf.o
 *fill*         0x00000000080096d6        0x2 
 .text.__libc_init_array
                0x00000000080096d8       0x48 c:/st/stm32cubeide_1.3.0/stm32cubeide/plugins/com.st.stm32cube.ide.mcu.externaltools.gnu-tools-for-stm32.7-2018-q2-update.win32_1.0.0.201904181610/tools/bin/../lib/gcc/arm-none-eabi/7.3.1/../../../../arm-none-eabi/lib/thumb/v7e-m/fpv4-sp/hard\libc_nano.a(lib_a-init.o)
                0x00000000080096d8                __libc_init_array
 .text.memset   0x0000000008009720       0x10 c:/st/stm32cubeide_1.3.0/stm32cubeide/plugins/com.st.stm32cube.ide.mcu.externaltools.gnu-tools-for-stm32.7-2018-q2-update.win32_1.0.0.201904181610/tools/bin/../lib/gcc/arm-none-eabi/7.3.1/../../../../arm-none-eabi/lib/thumb/v7e-m/fpv4-sp/hard\libc_nano.a(lib_a-memset.o)
                0x0000000008009720                memset
 .text.strncpy  0x0000000008009730       0x2a c:/st/stm32cubeide_1.3.0/stm32cubeide/plugins/com.st.stm32cube.ide.mcu.externaltools.gnu-tools-for-stm32.7-2018-q2-update.win32_1.0.0.201904181610/tools/bin/../lib/gcc/arm-none-eabi/7.3.1/../../../../arm-none-eabi/lib/thumb/v7e-m/fpv4-sp/hard\libc_nano.a(lib_a-strncpy.o)
                0x0000000008009730                strncpy
 *(.glue_7)
 .glue_7        0x000000000800975a        0x0 linker stubs
 *(.glue_7t)
 .glue_7t       0x000000000800975a        0x0 linker stubs
 *(.eh_frame)
 *fill*         0x000000000800975a        0x2 
 .eh_frame      0x000000000800975c        0x0 c:/st/stm32cubeide_1.3.0/stm32cubeide/plugins/com.st.stm32cube.ide.mcu.externaltools.gnu-tools-for-stm32.7-2018-q2-update.win32_1.0.0.201904181610/tools/bin/../lib/gcc/arm-none-eabi/7.3.1/thumb/v7e-m/fpv4-sp/hard/crtbegin.o
 *(.init)
 .init          0x000000000800975c        0x4 c:/st/stm32cubeide_1.3.0/stm32cubeide/plugins/com.st.stm32cube.ide.mcu.externaltools.gnu-tools-for-stm32.7-2018-q2-update.win32_1.0.0.201904181610/tools/bin/../lib/gcc/arm-none-eabi/7.3.1/thumb/v7e-m/fpv4-sp/hard/crti.o
                0x000000000800975c                _init
 .init          0x0000000008009760        0x8 c:/st/stm32cubeide_1.3.0/stm32cubeide/plugins/com.st.stm32cube.ide.mcu.externaltools.gnu-tools-for-stm32.7-2018-q2-update.win32_1.0.0.201904181610/tools/bin/../lib/gcc/arm-none-eabi/7.3.1/thumb/v7e-m/fpv4-sp/hard/crtn.o
 *(.fini)
 .fini          0x0000000008009768        0x4 c:/st/stm32cubeide_1.3.0/stm32cubeide/plugins/com.st.stm32cube.ide.mcu.externaltools.gnu-tools-for-stm32.7-2018-q2-update.win32_1.0.0.201904181610/tools/bin/../lib/gcc/arm-none-eabi/7.3.1/thumb/v7e-m/fpv4-sp/hard/crti.o
                0x0000000008009768                _fini
 .fini          0x000000000800976c        0x8 c:/st/stm32cubeide_1.3.0/stm32cubeide/plugins/com.st.stm32cube.ide.mcu.externaltools.gnu-tools-for-stm32.7-2018-q2-update.win32_1.0.0.201904181610/tools/bin/../lib/gcc/arm-none-eabi/7.3.1/thumb/v7e-m/fpv4-sp/hard/crtn.o
                0x0000000008009774                . = ALIGN (0x4)
                0x0000000008009774                _etext = .

.vfp11_veneer   0x0000000008009774        0x0
 .vfp11_veneer  0x0000000008009774        0x0 linker stubs

.v4_bx          0x0000000008009774        0x0
 .v4_bx         0x0000000008009774        0x0 linker stubs

.iplt           0x0000000008009774        0x0
 .iplt          0x0000000008009774        0x0 c:/st/stm32cubeide_1.3.0/stm32cubeide/plugins/com.st.stm32cube.ide.mcu.externaltools.gnu-tools-for-stm32.7-2018-q2-update.win32_1.0.0.201904181610/tools/bin/../lib/gcc/arm-none-eabi/7.3.1/thumb/v7e-m/fpv4-sp/hard/crtbegin.o

.rodata         0x0000000008009774       0xac
                0x0000000008009774                . = ALIGN (0x4)
 *(.rodata)
 .rodata        0x0000000008009774       0x46 USB_DEVICE/App/usbd_desc.o
 *(.rodata*)
 *fill*         0x00000000080097ba        0x2 
 .rodata._ZTV10RFM95_LoRa
                0x00000000080097bc       0x1c Core/Src/RFM95/LORA/RFM95LoRa.o
                0x00000000080097bc                vtable for RFM95_LoRa
 .rodata.AHBPrescTable
                0x00000000080097d8       0x10 Core/Src/system_stm32l4xx.o
                0x00000000080097d8                AHBPrescTable
 .rodata.APBPrescTable
                0x00000000080097e8        0x8 Core/Src/system_stm32l4xx.o
                0x00000000080097e8                APBPrescTable
 .rodata.MSIRangeTable
                0x00000000080097f0       0x30 Core/Src/system_stm32l4xx.o
                0x00000000080097f0                MSIRangeTable
                0x0000000008009820                . = ALIGN (0x4)

.ARM.extab      0x0000000008009820        0x0
                0x0000000008009820                . = ALIGN (0x4)
 *(.ARM.extab* .gnu.linkonce.armextab.*)
                0x0000000008009820                . = ALIGN (0x4)

.ARM            0x0000000008009820        0x8
                0x0000000008009820                . = ALIGN (0x4)
                0x0000000008009820                __exidx_start = .
 *(.ARM.exidx*)
 .ARM.exidx     0x0000000008009820        0x8 c:/st/stm32cubeide_1.3.0/stm32cubeide/plugins/com.st.stm32cube.ide.mcu.externaltools.gnu-tools-for-stm32.7-2018-q2-update.win32_1.0.0.201904181610/tools/bin/../lib/gcc/arm-none-eabi/7.3.1/thumb/v7e-m/fpv4-sp/hard\libgcc.a(_udivmoddi4.o)
                0x0000000008009828                __exidx_end = .
                0x0000000008009828                . = ALIGN (0x4)

.rel.dyn        0x0000000008009828        0x0
 .rel.iplt      0x0000000008009828        0x0 c:/st/stm32cubeide_1.3.0/stm32cubeide/plugins/com.st.stm32cube.ide.mcu.externaltools.gnu-tools-for-stm32.7-2018-q2-update.win32_1.0.0.201904181610/tools/bin/../lib/gcc/arm-none-eabi/7.3.1/thumb/v7e-m/fpv4-sp/hard/crtbegin.o

.preinit_array  0x0000000008009828        0x0
                0x0000000008009828                . = ALIGN (0x4)
                0x0000000008009828                PROVIDE (__preinit_array_start = .)
 *(.preinit_array*)
                0x0000000008009828                PROVIDE (__preinit_array_end = .)
                0x0000000008009828                . = ALIGN (0x4)

.init_array     0x0000000008009828        0x8
                0x0000000008009828                . = ALIGN (0x4)
                0x0000000008009828                PROVIDE (__init_array_start = .)
 *(SORT_BY_NAME(.init_array.*))
 *(.init_array*)
 .init_array    0x0000000008009828        0x4 c:/st/stm32cubeide_1.3.0/stm32cubeide/plugins/com.st.stm32cube.ide.mcu.externaltools.gnu-tools-for-stm32.7-2018-q2-update.win32_1.0.0.201904181610/tools/bin/../lib/gcc/arm-none-eabi/7.3.1/thumb/v7e-m/fpv4-sp/hard/crtbegin.o
 .init_array    0x000000000800982c        0x4 Core/Src/main.o
                0x0000000008009830                PROVIDE (__init_array_end = .)
                0x0000000008009830                . = ALIGN (0x4)

.fini_array     0x0000000008009830        0x4
                0x0000000008009830                . = ALIGN (0x4)
                [!provide]                        PROVIDE (__fini_array_start = .)
 *(SORT_BY_NAME(.fini_array.*))
 *(.fini_array*)
 .fini_array    0x0000000008009830        0x4 c:/st/stm32cubeide_1.3.0/stm32cubeide/plugins/com.st.stm32cube.ide.mcu.externaltools.gnu-tools-for-stm32.7-2018-q2-update.win32_1.0.0.201904181610/tools/bin/../lib/gcc/arm-none-eabi/7.3.1/thumb/v7e-m/fpv4-sp/hard/crtbegin.o
                [!provide]                        PROVIDE (__fini_array_end = .)
                0x0000000008009834                . = ALIGN (0x4)
                0x0000000008009834                _sidata = LOADADDR (.data)

.data           0x0000000020000000      0x18c load address 0x0000000008009834
                0x0000000020000000                . = ALIGN (0x4)
                0x0000000020000000                _sdata = .
 *(.data)
 *(.data*)
 .data.SystemCoreClock
                0x0000000020000000        0x4 Core/Src/system_stm32l4xx.o
                0x0000000020000000                SystemCoreClock
 .data.uwTickPrio
                0x0000000020000004        0x4 Drivers/STM32L4xx_HAL_Driver/Src/stm32l4xx_hal.o
                0x0000000020000004                uwTickPrio
 .data.uwTickFreq
                0x0000000020000008        0x4 Drivers/STM32L4xx_HAL_Driver/Src/stm32l4xx_hal.o
                0x0000000020000008                uwTickFreq
 .data.USBD_CDC_DeviceQualifierDesc
                0x000000002000000c        0xa Middlewares/ST/STM32_USB_Device_Library/Class/CDC/Src/usbd_cdc.o
 *fill*         0x0000000020000016        0x2 
 .data.USBD_CDC
                0x0000000020000018       0x38 Middlewares/ST/STM32_USB_Device_Library/Class/CDC/Src/usbd_cdc.o
                0x0000000020000018                USBD_CDC
 .data.USBD_CDC_CfgHSDesc
                0x0000000020000050       0x43 Middlewares/ST/STM32_USB_Device_Library/Class/CDC/Src/usbd_cdc.o
                0x0000000020000050                USBD_CDC_CfgHSDesc
 *fill*         0x0000000020000093        0x1 
 .data.USBD_CDC_CfgFSDesc
                0x0000000020000094       0x43 Middlewares/ST/STM32_USB_Device_Library/Class/CDC/Src/usbd_cdc.o
                0x0000000020000094                USBD_CDC_CfgFSDesc
 *fill*         0x00000000200000d7        0x1 
 .data.USBD_CDC_OtherSpeedCfgDesc
                0x00000000200000d8       0x43 Middlewares/ST/STM32_USB_Device_Library/Class/CDC/Src/usbd_cdc.o
                0x00000000200000d8                USBD_CDC_OtherSpeedCfgDesc
 *fill*         0x000000002000011b        0x1 
 .data.USBD_Interface_fops_FS
                0x000000002000011c       0x10 USB_DEVICE/App/usbd_cdc_if.o
                0x000000002000011c                USBD_Interface_fops_FS
 .data.FS_Desc  0x000000002000012c       0x20 USB_DEVICE/App/usbd_desc.o
                0x000000002000012c                FS_Desc
 .data.USBD_FS_DeviceDesc
                0x000000002000014c       0x12 USB_DEVICE/App/usbd_desc.o
                0x000000002000014c                USBD_FS_DeviceDesc
 *fill*         0x000000002000015e        0x2 
 .data.USBD_FS_BOSDesc
                0x0000000020000160        0xc USB_DEVICE/App/usbd_desc.o
                0x0000000020000160                USBD_FS_BOSDesc
 .data.USBD_LangIDDesc
                0x000000002000016c        0x4 USB_DEVICE/App/usbd_desc.o
                0x000000002000016c                USBD_LangIDDesc
 .data.USBD_StringSerial
                0x0000000020000170       0x1a USB_DEVICE/App/usbd_desc.o
                0x0000000020000170                USBD_StringSerial
                0x000000002000018c                . = ALIGN (0x4)
 *fill*         0x000000002000018a        0x2 
                0x000000002000018c                _edata = .

.igot.plt       0x000000002000018c        0x0 load address 0x00000000080099c0
 .igot.plt      0x000000002000018c        0x0 c:/st/stm32cubeide_1.3.0/stm32cubeide/plugins/com.st.stm32cube.ide.mcu.externaltools.gnu-tools-for-stm32.7-2018-q2-update.win32_1.0.0.201904181610/tools/bin/../lib/gcc/arm-none-eabi/7.3.1/thumb/v7e-m/fpv4-sp/hard/crtbegin.o
                0x000000002000018c                . = ALIGN (0x4)

.bss            0x000000002000018c     0x13e4 load address 0x00000000080099c0
                0x000000002000018c                _sbss = .
                0x000000002000018c                __bss_start__ = _sbss
 *(.bss)
 .bss           0x000000002000018c       0x1c c:/st/stm32cubeide_1.3.0/stm32cubeide/plugins/com.st.stm32cube.ide.mcu.externaltools.gnu-tools-for-stm32.7-2018-q2-update.win32_1.0.0.201904181610/tools/bin/../lib/gcc/arm-none-eabi/7.3.1/thumb/v7e-m/fpv4-sp/hard/crtbegin.o
 *(.bss*)
 .bss._ZZN3GPS12gpsInterruptEhE1i
                0x00000000200001a8        0x1 Core/Src/GPS/GPS.o
 *fill*         0x00000000200001a9        0x3 
 .bss.appMain   0x00000000200001ac      0x164 Core/Src/main.o
                0x00000000200001ac                appMain
 .bss.rxData    0x0000000020000310        0x1 Core/Src/main.o
                0x0000000020000310                rxData
 .bss.cfgidx.10256
                0x0000000020000311        0x1 Middlewares/ST/STM32_USB_Device_Library/Core/Src/usbd_ctlreq.o
 *fill*         0x0000000020000312        0x2 
 .bss.mem.10399
                0x0000000020000314      0x220 USB_DEVICE/Target/usbd_conf.o
 *(COMMON)
 COMMON         0x0000000020000534       0x4c Core/Src/i2c.o
                0x0000000020000534                hi2c1
 COMMON         0x0000000020000580       0x64 Core/Src/spi.o
                0x0000000020000580                hspi1
 COMMON         0x00000000200005e4       0x80 Core/Src/usart.o
                0x00000000200005e4                huart2
 COMMON         0x0000000020000664        0x4 Drivers/STM32L4xx_HAL_Driver/Src/stm32l4xx_hal.o
                0x0000000020000664                uwTick
 COMMON         0x0000000020000668      0x2c4 USB_DEVICE/App/usb_device.o
                0x0000000020000668                hUsbDeviceFS
 COMMON         0x000000002000092c      0x7d0 USB_DEVICE/App/usbd_cdc_if.o
                0x000000002000092c                UserRxBufferFS
                0x0000000020000d14                UserTxBufferFS
 COMMON         0x00000000200010fc      0x200 USB_DEVICE/App/usbd_desc.o
                0x00000000200010fc                USBD_StrDesc
 COMMON         0x00000000200012fc      0x274 USB_DEVICE/Target/usbd_conf.o
                0x00000000200012fc                hpcd_USB_FS
                0x0000000020001570                . = ALIGN (0x4)
                0x0000000020001570                _ebss = .
                0x0000000020001570                __bss_end__ = _ebss

._user_heap_stack
                0x0000000020001570      0x600 load address 0x00000000080099c0
                0x0000000020001570                . = ALIGN (0x8)
                0x0000000020001570                PROVIDE (end = .)
                [!provide]                        PROVIDE (_end = .)
                0x0000000020001770                . = (. + _Min_Heap_Size)
 *fill*         0x0000000020001570      0x200 
                0x0000000020001b70                . = (. + _Min_Stack_Size)
 *fill*         0x0000000020001770      0x400 
                0x0000000020001b70                . = ALIGN (0x8)

/DISCARD/
 libc.a(*)
 libm.a(*)
 libgcc.a(*)

.ARM.attributes
                0x0000000000000000       0x30
 *(.ARM.attributes)
 .ARM.attributes
                0x0000000000000000       0x22 c:/st/stm32cubeide_1.3.0/stm32cubeide/plugins/com.st.stm32cube.ide.mcu.externaltools.gnu-tools-for-stm32.7-2018-q2-update.win32_1.0.0.201904181610/tools/bin/../lib/gcc/arm-none-eabi/7.3.1/thumb/v7e-m/fpv4-sp/hard/crti.o
 .ARM.attributes
                0x0000000000000022       0x34 c:/st/stm32cubeide_1.3.0/stm32cubeide/plugins/com.st.stm32cube.ide.mcu.externaltools.gnu-tools-for-stm32.7-2018-q2-update.win32_1.0.0.201904181610/tools/bin/../lib/gcc/arm-none-eabi/7.3.1/thumb/v7e-m/fpv4-sp/hard/crtbegin.o
 .ARM.attributes
                0x0000000000000056       0x39 Core/Src/AppMain/AppMain.o
 .ARM.attributes
                0x000000000000008f       0x39 Core/Src/GPS/GPS.o
 .ARM.attributes
                0x00000000000000c8       0x39 Core/Src/Model/Model.o
 .ARM.attributes
                0x0000000000000101       0x39 Core/Src/RFM95/LORA/RFM95LoRa.o
 .ARM.attributes
                0x000000000000013a       0x39 Core/Src/USB/USBCom.o
 .ARM.attributes
                0x0000000000000173       0x39 Core/Src/gpio.o
 .ARM.attributes
                0x00000000000001ac       0x39 Core/Src/i2c.o
 .ARM.attributes
                0x00000000000001e5       0x39 Core/Src/main.o
 .ARM.attributes
                0x000000000000021e       0x39 Core/Src/spi.o
 .ARM.attributes
                0x0000000000000257       0x39 Core/Src/stm32l4xx_hal_msp.o
 .ARM.attributes
                0x0000000000000290       0x39 Core/Src/stm32l4xx_it.o
 .ARM.attributes
                0x00000000000002c9       0x39 Core/Src/system_stm32l4xx.o
 .ARM.attributes
                0x0000000000000302       0x39 Core/Src/usart.o
 .ARM.attributes
                0x000000000000033b       0x21 Core/Startup/startup_stm32l412k8tx.o
 .ARM.attributes
                0x000000000000035c       0x39 Drivers/STM32L4xx_HAL_Driver/Src/stm32l4xx_hal.o
 .ARM.attributes
                0x0000000000000395       0x39 Drivers/STM32L4xx_HAL_Driver/Src/stm32l4xx_hal_cortex.o
 .ARM.attributes
                0x00000000000003ce       0x39 Drivers/STM32L4xx_HAL_Driver/Src/stm32l4xx_hal_dma.o
 .ARM.attributes
                0x0000000000000407       0x39 Drivers/STM32L4xx_HAL_Driver/Src/stm32l4xx_hal_gpio.o
 .ARM.attributes
                0x0000000000000440       0x39 Drivers/STM32L4xx_HAL_Driver/Src/stm32l4xx_hal_i2c.o
 .ARM.attributes
                0x0000000000000479       0x39 Drivers/STM32L4xx_HAL_Driver/Src/stm32l4xx_hal_i2c_ex.o
 .ARM.attributes
                0x00000000000004b2       0x39 Drivers/STM32L4xx_HAL_Driver/Src/stm32l4xx_hal_pcd.o
 .ARM.attributes
                0x00000000000004eb       0x39 Drivers/STM32L4xx_HAL_Driver/Src/stm32l4xx_hal_pcd_ex.o
 .ARM.attributes
                0x0000000000000524       0x39 Drivers/STM32L4xx_HAL_Driver/Src/stm32l4xx_hal_pwr_ex.o
 .ARM.attributes
                0x000000000000055d       0x39 Drivers/STM32L4xx_HAL_Driver/Src/stm32l4xx_hal_rcc.o
 .ARM.attributes
                0x0000000000000596       0x39 Drivers/STM32L4xx_HAL_Driver/Src/stm32l4xx_hal_rcc_ex.o
 .ARM.attributes
                0x00000000000005cf       0x39 Drivers/STM32L4xx_HAL_Driver/Src/stm32l4xx_hal_spi.o
 .ARM.attributes
                0x0000000000000608       0x39 Drivers/STM32L4xx_HAL_Driver/Src/stm32l4xx_hal_uart.o
 .ARM.attributes
                0x0000000000000641       0x39 Drivers/STM32L4xx_HAL_Driver/Src/stm32l4xx_hal_uart_ex.o
 .ARM.attributes
                0x000000000000067a       0x39 Drivers/STM32L4xx_HAL_Driver/Src/stm32l4xx_ll_usb.o
 .ARM.attributes
                0x00000000000006b3       0x39 Middlewares/ST/STM32_USB_Device_Library/Class/CDC/Src/usbd_cdc.o
 .ARM.attributes
                0x00000000000006ec       0x39 Middlewares/ST/STM32_USB_Device_Library/Core/Src/usbd_core.o
 .ARM.attributes
                0x0000000000000725       0x39 Middlewares/ST/STM32_USB_Device_Library/Core/Src/usbd_ctlreq.o
 .ARM.attributes
                0x000000000000075e       0x39 Middlewares/ST/STM32_USB_Device_Library/Core/Src/usbd_ioreq.o
 .ARM.attributes
                0x0000000000000797       0x39 USB_DEVICE/App/usb_device.o
 .ARM.attributes
                0x00000000000007d0       0x39 USB_DEVICE/App/usbd_cdc_if.o
 .ARM.attributes
                0x0000000000000809       0x39 USB_DEVICE/App/usbd_desc.o
 .ARM.attributes
                0x0000000000000842       0x39 USB_DEVICE/Target/usbd_conf.o
 .ARM.attributes
                0x000000000000087b       0x34 c:/st/stm32cubeide_1.3.0/stm32cubeide/plugins/com.st.stm32cube.ide.mcu.externaltools.gnu-tools-for-stm32.7-2018-q2-update.win32_1.0.0.201904181610/tools/bin/../lib/gcc/arm-none-eabi/7.3.1/../../../../arm-none-eabi/lib/thumb/v7e-m/fpv4-sp/hard\libc_nano.a(lib_a-init.o)
 .ARM.attributes
                0x00000000000008af       0x34 c:/st/stm32cubeide_1.3.0/stm32cubeide/plugins/com.st.stm32cube.ide.mcu.externaltools.gnu-tools-for-stm32.7-2018-q2-update.win32_1.0.0.201904181610/tools/bin/../lib/gcc/arm-none-eabi/7.3.1/../../../../arm-none-eabi/lib/thumb/v7e-m/fpv4-sp/hard\libc_nano.a(lib_a-memset.o)
 .ARM.attributes
                0x00000000000008e3       0x34 c:/st/stm32cubeide_1.3.0/stm32cubeide/plugins/com.st.stm32cube.ide.mcu.externaltools.gnu-tools-for-stm32.7-2018-q2-update.win32_1.0.0.201904181610/tools/bin/../lib/gcc/arm-none-eabi/7.3.1/../../../../arm-none-eabi/lib/thumb/v7e-m/fpv4-sp/hard\libc_nano.a(lib_a-strncpy.o)
 .ARM.attributes
                0x0000000000000917       0x22 c:/st/stm32cubeide_1.3.0/stm32cubeide/plugins/com.st.stm32cube.ide.mcu.externaltools.gnu-tools-for-stm32.7-2018-q2-update.win32_1.0.0.201904181610/tools/bin/../lib/gcc/arm-none-eabi/7.3.1/thumb/v7e-m/fpv4-sp/hard\libgcc.a(_arm_addsubdf3.o)
 .ARM.attributes
                0x0000000000000939       0x22 c:/st/stm32cubeide_1.3.0/stm32cubeide/plugins/com.st.stm32cube.ide.mcu.externaltools.gnu-tools-for-stm32.7-2018-q2-update.win32_1.0.0.201904181610/tools/bin/../lib/gcc/arm-none-eabi/7.3.1/thumb/v7e-m/fpv4-sp/hard\libgcc.a(_arm_cmpdf2.o)
 .ARM.attributes
                0x000000000000095b       0x22 c:/st/stm32cubeide_1.3.0/stm32cubeide/plugins/com.st.stm32cube.ide.mcu.externaltools.gnu-tools-for-stm32.7-2018-q2-update.win32_1.0.0.201904181610/tools/bin/../lib/gcc/arm-none-eabi/7.3.1/thumb/v7e-m/fpv4-sp/hard\libgcc.a(_aeabi_uldivmod.o)
 .ARM.attributes
                0x000000000000097d       0x34 c:/st/stm32cubeide_1.3.0/stm32cubeide/plugins/com.st.stm32cube.ide.mcu.externaltools.gnu-tools-for-stm32.7-2018-q2-update.win32_1.0.0.201904181610/tools/bin/../lib/gcc/arm-none-eabi/7.3.1/thumb/v7e-m/fpv4-sp/hard\libgcc.a(_udivmoddi4.o)
 .ARM.attributes
                0x00000000000009b1       0x22 c:/st/stm32cubeide_1.3.0/stm32cubeide/plugins/com.st.stm32cube.ide.mcu.externaltools.gnu-tools-for-stm32.7-2018-q2-update.win32_1.0.0.201904181610/tools/bin/../lib/gcc/arm-none-eabi/7.3.1/thumb/v7e-m/fpv4-sp/hard\libgcc.a(_dvmd_tls.o)
 .ARM.attributes
                0x00000000000009d3       0x22 c:/st/stm32cubeide_1.3.0/stm32cubeide/plugins/com.st.stm32cube.ide.mcu.externaltools.gnu-tools-for-stm32.7-2018-q2-update.win32_1.0.0.201904181610/tools/bin/../lib/gcc/arm-none-eabi/7.3.1/thumb/v7e-m/fpv4-sp/hard/crtn.o
OUTPUT(GCS.elf elf32-littlearm)

.debug_info     0x0000000000000000    0x27e0f
 .debug_info    0x0000000000000000     0x264f Core/Src/AppMain/AppMain.o
 .debug_info    0x000000000000264f     0x1443 Core/Src/GPS/GPS.o
 .debug_info    0x0000000000003a92     0x101f Core/Src/Model/Model.o
 .debug_info    0x0000000000004ab1     0x2db4 Core/Src/RFM95/LORA/RFM95LoRa.o
 .debug_info    0x0000000000007865     0x167c Core/Src/USB/USBCom.o
 .debug_info    0x0000000000008ee1      0x62c Core/Src/gpio.o
 .debug_info    0x000000000000950d      0xb34 Core/Src/i2c.o
 .debug_info    0x000000000000a041     0x277e Core/Src/main.o
 .debug_info    0x000000000000c7bf      0xae5 Core/Src/spi.o
 .debug_info    0x000000000000d2a4      0x4d5 Core/Src/stm32l4xx_hal_msp.o
 .debug_info    0x000000000000d779      0xccb Core/Src/stm32l4xx_it.o
 .debug_info    0x000000000000e444      0x703 Core/Src/system_stm32l4xx.o
 .debug_info    0x000000000000eb47      0xd0e Core/Src/usart.o
 .debug_info    0x000000000000f855       0x22 Core/Startup/startup_stm32l412k8tx.o
 .debug_info    0x000000000000f877      0xa77 Drivers/STM32L4xx_HAL_Driver/Src/stm32l4xx_hal.o
 .debug_info    0x00000000000102ee      0xea6 Drivers/STM32L4xx_HAL_Driver/Src/stm32l4xx_hal_cortex.o
 .debug_info    0x0000000000011194      0x8c1 Drivers/STM32L4xx_HAL_Driver/Src/stm32l4xx_hal_dma.o
 .debug_info    0x0000000000011a55      0x982 Drivers/STM32L4xx_HAL_Driver/Src/stm32l4xx_hal_gpio.o
 .debug_info    0x00000000000123d7     0x20dc Drivers/STM32L4xx_HAL_Driver/Src/stm32l4xx_hal_i2c.o
 .debug_info    0x00000000000144b3      0xb4e Drivers/STM32L4xx_HAL_Driver/Src/stm32l4xx_hal_i2c_ex.o
 .debug_info    0x0000000000015001      0xf94 Drivers/STM32L4xx_HAL_Driver/Src/stm32l4xx_hal_pcd.o
 .debug_info    0x0000000000015f95      0x9aa Drivers/STM32L4xx_HAL_Driver/Src/stm32l4xx_hal_pcd_ex.o
 .debug_info    0x000000000001693f      0xaf2 Drivers/STM32L4xx_HAL_Driver/Src/stm32l4xx_hal_pwr_ex.o
 .debug_info    0x0000000000017431      0xcca Drivers/STM32L4xx_HAL_Driver/Src/stm32l4xx_hal_rcc.o
 .debug_info    0x00000000000180fb      0xde6 Drivers/STM32L4xx_HAL_Driver/Src/stm32l4xx_hal_rcc_ex.o
 .debug_info    0x0000000000018ee1     0x1702 Drivers/STM32L4xx_HAL_Driver/Src/stm32l4xx_hal_spi.o
 .debug_info    0x000000000001a5e3     0x181b Drivers/STM32L4xx_HAL_Driver/Src/stm32l4xx_hal_uart.o
 .debug_info    0x000000000001bdfe      0xa06 Drivers/STM32L4xx_HAL_Driver/Src/stm32l4xx_hal_uart_ex.o
 .debug_info    0x000000000001c804     0x164b Drivers/STM32L4xx_HAL_Driver/Src/stm32l4xx_ll_usb.o
 .debug_info    0x000000000001de4f     0x18df Middlewares/ST/STM32_USB_Device_Library/Class/CDC/Src/usbd_cdc.o
 .debug_info    0x000000000001f72e     0x12ec Middlewares/ST/STM32_USB_Device_Library/Core/Src/usbd_core.o
 .debug_info    0x0000000000020a1a     0x125c Middlewares/ST/STM32_USB_Device_Library/Core/Src/usbd_ctlreq.o
 .debug_info    0x0000000000021c76     0x104d Middlewares/ST/STM32_USB_Device_Library/Core/Src/usbd_ioreq.o
 .debug_info    0x0000000000022cc3      0xf95 USB_DEVICE/App/usb_device.o
 .debug_info    0x0000000000023c58     0x1150 USB_DEVICE/App/usbd_cdc_if.o
 .debug_info    0x0000000000024da8      0xe95 USB_DEVICE/App/usbd_desc.o
 .debug_info    0x0000000000025c3d     0x21d2 USB_DEVICE/Target/usbd_conf.o

.debug_abbrev   0x0000000000000000     0x5116
 .debug_abbrev  0x0000000000000000      0x3ee Core/Src/AppMain/AppMain.o
 .debug_abbrev  0x00000000000003ee      0x2f7 Core/Src/GPS/GPS.o
 .debug_abbrev  0x00000000000006e5      0x2a2 Core/Src/Model/Model.o
 .debug_abbrev  0x0000000000000987      0x494 Core/Src/RFM95/LORA/RFM95LoRa.o
 .debug_abbrev  0x0000000000000e1b      0x33c Core/Src/USB/USBCom.o
 .debug_abbrev  0x0000000000001157      0x134 Core/Src/gpio.o
 .debug_abbrev  0x000000000000128b      0x1a4 Core/Src/i2c.o
 .debug_abbrev  0x000000000000142f      0x423 Core/Src/main.o
 .debug_abbrev  0x0000000000001852      0x199 Core/Src/spi.o
 .debug_abbrev  0x00000000000019eb      0x125 Core/Src/stm32l4xx_hal_msp.o
 .debug_abbrev  0x0000000000001b10      0x174 Core/Src/stm32l4xx_it.o
 .debug_abbrev  0x0000000000001c84      0x150 Core/Src/system_stm32l4xx.o
 .debug_abbrev  0x0000000000001dd4      0x1a2 Core/Src/usart.o
 .debug_abbrev  0x0000000000001f76       0x12 Core/Startup/startup_stm32l412k8tx.o
 .debug_abbrev  0x0000000000001f88      0x1e1 Drivers/STM32L4xx_HAL_Driver/Src/stm32l4xx_hal.o
 .debug_abbrev  0x0000000000002169      0x2fa Drivers/STM32L4xx_HAL_Driver/Src/stm32l4xx_hal_cortex.o
 .debug_abbrev  0x0000000000002463      0x1d9 Drivers/STM32L4xx_HAL_Driver/Src/stm32l4xx_hal_dma.o
 .debug_abbrev  0x000000000000263c      0x1c0 Drivers/STM32L4xx_HAL_Driver/Src/stm32l4xx_hal_gpio.o
 .debug_abbrev  0x00000000000027fc      0x22a Drivers/STM32L4xx_HAL_Driver/Src/stm32l4xx_hal_i2c.o
 .debug_abbrev  0x0000000000002a26      0x1b9 Drivers/STM32L4xx_HAL_Driver/Src/stm32l4xx_hal_i2c_ex.o
 .debug_abbrev  0x0000000000002bdf      0x263 Drivers/STM32L4xx_HAL_Driver/Src/stm32l4xx_hal_pcd.o
 .debug_abbrev  0x0000000000002e42      0x1b1 Drivers/STM32L4xx_HAL_Driver/Src/stm32l4xx_hal_pcd_ex.o
 .debug_abbrev  0x0000000000002ff3      0x1cb Drivers/STM32L4xx_HAL_Driver/Src/stm32l4xx_hal_pwr_ex.o
 .debug_abbrev  0x00000000000031be      0x250 Drivers/STM32L4xx_HAL_Driver/Src/stm32l4xx_hal_rcc.o
 .debug_abbrev  0x000000000000340e      0x204 Drivers/STM32L4xx_HAL_Driver/Src/stm32l4xx_hal_rcc_ex.o
 .debug_abbrev  0x0000000000003612      0x228 Drivers/STM32L4xx_HAL_Driver/Src/stm32l4xx_hal_spi.o
 .debug_abbrev  0x000000000000383a      0x205 Drivers/STM32L4xx_HAL_Driver/Src/stm32l4xx_hal_uart.o
 .debug_abbrev  0x0000000000003a3f      0x1e2 Drivers/STM32L4xx_HAL_Driver/Src/stm32l4xx_hal_uart_ex.o
 .debug_abbrev  0x0000000000003c21      0x1c5 Drivers/STM32L4xx_HAL_Driver/Src/stm32l4xx_ll_usb.o
 .debug_abbrev  0x0000000000003de6      0x2b6 Middlewares/ST/STM32_USB_Device_Library/Class/CDC/Src/usbd_cdc.o
 .debug_abbrev  0x000000000000409c      0x270 Middlewares/ST/STM32_USB_Device_Library/Core/Src/usbd_core.o
 .debug_abbrev  0x000000000000430c      0x2a0 Middlewares/ST/STM32_USB_Device_Library/Core/Src/usbd_ctlreq.o
 .debug_abbrev  0x00000000000045ac      0x1e0 Middlewares/ST/STM32_USB_Device_Library/Core/Src/usbd_ioreq.o
 .debug_abbrev  0x000000000000478c      0x1be USB_DEVICE/App/usb_device.o
 .debug_abbrev  0x000000000000494a      0x285 USB_DEVICE/App/usbd_cdc_if.o
 .debug_abbrev  0x0000000000004bcf      0x265 USB_DEVICE/App/usbd_desc.o
 .debug_abbrev  0x0000000000004e34      0x2e2 USB_DEVICE/Target/usbd_conf.o

.debug_aranges  0x0000000000000000     0x1760
 .debug_aranges
                0x0000000000000000       0x30 Core/Src/AppMain/AppMain.o
 .debug_aranges
                0x0000000000000030       0x38 Core/Src/GPS/GPS.o
 .debug_aranges
                0x0000000000000068       0x90 Core/Src/Model/Model.o
 .debug_aranges
                0x00000000000000f8      0x128 Core/Src/RFM95/LORA/RFM95LoRa.o
 .debug_aranges
                0x0000000000000220       0x30 Core/Src/USB/USBCom.o
 .debug_aranges
                0x0000000000000250       0x20 Core/Src/gpio.o
 .debug_aranges
                0x0000000000000270       0x30 Core/Src/i2c.o
 .debug_aranges
                0x00000000000002a0       0x48 Core/Src/main.o
 .debug_aranges
                0x00000000000002e8       0x30 Core/Src/spi.o
 .debug_aranges
                0x0000000000000318       0x20 Core/Src/stm32l4xx_hal_msp.o
 .debug_aranges
                0x0000000000000338       0x70 Core/Src/stm32l4xx_it.o
 .debug_aranges
                0x00000000000003a8       0x28 Core/Src/system_stm32l4xx.o
 .debug_aranges
                0x00000000000003d0       0x30 Core/Src/usart.o
 .debug_aranges
                0x0000000000000400       0x28 Core/Startup/startup_stm32l412k8tx.o
 .debug_aranges
                0x0000000000000428      0x108 Drivers/STM32L4xx_HAL_Driver/Src/stm32l4xx_hal.o
 .debug_aranges
                0x0000000000000530      0x118 Drivers/STM32L4xx_HAL_Driver/Src/stm32l4xx_hal_cortex.o
 .debug_aranges
                0x0000000000000648       0x80 Drivers/STM32L4xx_HAL_Driver/Src/stm32l4xx_hal_dma.o
 .debug_aranges
                0x00000000000006c8       0x58 Drivers/STM32L4xx_HAL_Driver/Src/stm32l4xx_hal_gpio.o
 .debug_aranges
                0x0000000000000720      0x290 Drivers/STM32L4xx_HAL_Driver/Src/stm32l4xx_hal_i2c.o
 .debug_aranges
                0x00000000000009b0       0x48 Drivers/STM32L4xx_HAL_Driver/Src/stm32l4xx_hal_i2c_ex.o
 .debug_aranges
                0x00000000000009f8      0x120 Drivers/STM32L4xx_HAL_Driver/Src/stm32l4xx_hal_pcd.o
 .debug_aranges
                0x0000000000000b18       0x58 Drivers/STM32L4xx_HAL_Driver/Src/stm32l4xx_hal_pcd_ex.o
 .debug_aranges
                0x0000000000000b70      0x148 Drivers/STM32L4xx_HAL_Driver/Src/stm32l4xx_hal_pwr_ex.o
 .debug_aranges
                0x0000000000000cb8       0x88 Drivers/STM32L4xx_HAL_Driver/Src/stm32l4xx_hal_rcc.o
 .debug_aranges
                0x0000000000000d40       0xd0 Drivers/STM32L4xx_HAL_Driver/Src/stm32l4xx_hal_rcc_ex.o
 .debug_aranges
                0x0000000000000e10      0x1d8 Drivers/STM32L4xx_HAL_Driver/Src/stm32l4xx_hal_spi.o
 .debug_aranges
                0x0000000000000fe8      0x210 Drivers/STM32L4xx_HAL_Driver/Src/stm32l4xx_hal_uart.o
 .debug_aranges
                0x00000000000011f8       0x60 Drivers/STM32L4xx_HAL_Driver/Src/stm32l4xx_hal_uart_ex.o
 .debug_aranges
                0x0000000000001258      0x108 Drivers/STM32L4xx_HAL_Driver/Src/stm32l4xx_ll_usb.o
 .debug_aranges
                0x0000000000001360       0x90 Middlewares/ST/STM32_USB_Device_Library/Class/CDC/Src/usbd_cdc.o
 .debug_aranges
                0x00000000000013f0       0xb8 Middlewares/ST/STM32_USB_Device_Library/Core/Src/usbd_core.o
 .debug_aranges
                0x00000000000014a8       0x88 Middlewares/ST/STM32_USB_Device_Library/Core/Src/usbd_ctlreq.o
 .debug_aranges
                0x0000000000001530       0x50 Middlewares/ST/STM32_USB_Device_Library/Core/Src/usbd_ioreq.o
 .debug_aranges
                0x0000000000001580       0x20 USB_DEVICE/App/usb_device.o
 .debug_aranges
                0x00000000000015a0       0x40 USB_DEVICE/App/usbd_cdc_if.o
 .debug_aranges
                0x00000000000015e0       0x68 USB_DEVICE/App/usbd_desc.o
 .debug_aranges
                0x0000000000001648      0x118 USB_DEVICE/Target/usbd_conf.o

.debug_ranges   0x0000000000000000     0x1518
 .debug_ranges  0x0000000000000000       0x20 Core/Src/AppMain/AppMain.o
 .debug_ranges  0x0000000000000020       0x28 Core/Src/GPS/GPS.o
 .debug_ranges  0x0000000000000048       0x80 Core/Src/Model/Model.o
 .debug_ranges  0x00000000000000c8      0x118 Core/Src/RFM95/LORA/RFM95LoRa.o
 .debug_ranges  0x00000000000001e0       0x20 Core/Src/USB/USBCom.o
 .debug_ranges  0x0000000000000200       0x10 Core/Src/gpio.o
 .debug_ranges  0x0000000000000210       0x20 Core/Src/i2c.o
 .debug_ranges  0x0000000000000230       0x38 Core/Src/main.o
 .debug_ranges  0x0000000000000268       0x20 Core/Src/spi.o
 .debug_ranges  0x0000000000000288       0x10 Core/Src/stm32l4xx_hal_msp.o
 .debug_ranges  0x0000000000000298       0x60 Core/Src/stm32l4xx_it.o
 .debug_ranges  0x00000000000002f8       0x18 Core/Src/system_stm32l4xx.o
 .debug_ranges  0x0000000000000310       0x20 Core/Src/usart.o
 .debug_ranges  0x0000000000000330       0x20 Core/Startup/startup_stm32l412k8tx.o
 .debug_ranges  0x0000000000000350       0xf8 Drivers/STM32L4xx_HAL_Driver/Src/stm32l4xx_hal.o
 .debug_ranges  0x0000000000000448      0x108 Drivers/STM32L4xx_HAL_Driver/Src/stm32l4xx_hal_cortex.o
 .debug_ranges  0x0000000000000550       0x70 Drivers/STM32L4xx_HAL_Driver/Src/stm32l4xx_hal_dma.o
 .debug_ranges  0x00000000000005c0       0x48 Drivers/STM32L4xx_HAL_Driver/Src/stm32l4xx_hal_gpio.o
 .debug_ranges  0x0000000000000608      0x280 Drivers/STM32L4xx_HAL_Driver/Src/stm32l4xx_hal_i2c.o
 .debug_ranges  0x0000000000000888       0x38 Drivers/STM32L4xx_HAL_Driver/Src/stm32l4xx_hal_i2c_ex.o
 .debug_ranges  0x00000000000008c0      0x110 Drivers/STM32L4xx_HAL_Driver/Src/stm32l4xx_hal_pcd.o
 .debug_ranges  0x00000000000009d0       0x48 Drivers/STM32L4xx_HAL_Driver/Src/stm32l4xx_hal_pcd_ex.o
 .debug_ranges  0x0000000000000a18      0x138 Drivers/STM32L4xx_HAL_Driver/Src/stm32l4xx_hal_pwr_ex.o
 .debug_ranges  0x0000000000000b50       0x78 Drivers/STM32L4xx_HAL_Driver/Src/stm32l4xx_hal_rcc.o
 .debug_ranges  0x0000000000000bc8       0xc0 Drivers/STM32L4xx_HAL_Driver/Src/stm32l4xx_hal_rcc_ex.o
 .debug_ranges  0x0000000000000c88      0x1c8 Drivers/STM32L4xx_HAL_Driver/Src/stm32l4xx_hal_spi.o
 .debug_ranges  0x0000000000000e50      0x200 Drivers/STM32L4xx_HAL_Driver/Src/stm32l4xx_hal_uart.o
 .debug_ranges  0x0000000000001050       0x50 Drivers/STM32L4xx_HAL_Driver/Src/stm32l4xx_hal_uart_ex.o
 .debug_ranges  0x00000000000010a0       0xf8 Drivers/STM32L4xx_HAL_Driver/Src/stm32l4xx_ll_usb.o
 .debug_ranges  0x0000000000001198       0x80 Middlewares/ST/STM32_USB_Device_Library/Class/CDC/Src/usbd_cdc.o
 .debug_ranges  0x0000000000001218       0xa8 Middlewares/ST/STM32_USB_Device_Library/Core/Src/usbd_core.o
 .debug_ranges  0x00000000000012c0       0x78 Middlewares/ST/STM32_USB_Device_Library/Core/Src/usbd_ctlreq.o
 .debug_ranges  0x0000000000001338       0x40 Middlewares/ST/STM32_USB_Device_Library/Core/Src/usbd_ioreq.o
 .debug_ranges  0x0000000000001378       0x10 USB_DEVICE/App/usb_device.o
 .debug_ranges  0x0000000000001388       0x30 USB_DEVICE/App/usbd_cdc_if.o
 .debug_ranges  0x00000000000013b8       0x58 USB_DEVICE/App/usbd_desc.o
 .debug_ranges  0x0000000000001410      0x108 USB_DEVICE/Target/usbd_conf.o

.debug_macro    0x0000000000000000    0x21ef2
 .debug_macro   0x0000000000000000      0x4fc Core/Src/AppMain/AppMain.o
 .debug_macro   0x00000000000004fc      0xb2c Core/Src/AppMain/AppMain.o
 .debug_macro   0x0000000000001028       0x10 Core/Src/AppMain/AppMain.o
 .debug_macro   0x0000000000001038       0xc6 Core/Src/AppMain/AppMain.o
 .debug_macro   0x00000000000010fe       0x2e Core/Src/AppMain/AppMain.o
 .debug_macro   0x000000000000112c       0x28 Core/Src/AppMain/AppMain.o
 .debug_macro   0x0000000000001154       0x1c Core/Src/AppMain/AppMain.o
 .debug_macro   0x0000000000001170       0x22 Core/Src/AppMain/AppMain.o
 .debug_macro   0x0000000000001192       0x8e Core/Src/AppMain/AppMain.o
 .debug_macro   0x0000000000001220       0x51 Core/Src/AppMain/AppMain.o
 .debug_macro   0x0000000000001271       0xef Core/Src/AppMain/AppMain.o
 .debug_macro   0x0000000000001360       0x6a Core/Src/AppMain/AppMain.o
 .debug_macro   0x00000000000013ca      0x1df Core/Src/AppMain/AppMain.o
 .debug_macro   0x00000000000015a9       0x1c Core/Src/AppMain/AppMain.o
 .debug_macro   0x00000000000015c5       0x22 Core/Src/AppMain/AppMain.o
 .debug_macro   0x00000000000015e7       0xdf Core/Src/AppMain/AppMain.o
 .debug_macro   0x00000000000016c6     0x102d Core/Src/AppMain/AppMain.o
 .debug_macro   0x00000000000026f3      0x11f Core/Src/AppMain/AppMain.o
 .debug_macro   0x0000000000002812     0xe479 Core/Src/AppMain/AppMain.o
 .debug_macro   0x0000000000010c8b       0x43 Core/Src/AppMain/AppMain.o
 .debug_macro   0x0000000000010cce     0x3889 Core/Src/AppMain/AppMain.o
 .debug_macro   0x0000000000014557      0x17b Core/Src/AppMain/AppMain.o
 .debug_macro   0x00000000000146d2       0x5c Core/Src/AppMain/AppMain.o
 .debug_macro   0x000000000001472e     0x101f Core/Src/AppMain/AppMain.o
 .debug_macro   0x000000000001574d      0x494 Core/Src/AppMain/AppMain.o
 .debug_macro   0x0000000000015be1      0x21d Core/Src/AppMain/AppMain.o
 .debug_macro   0x0000000000015dfe      0x13d Core/Src/AppMain/AppMain.o
 .debug_macro   0x0000000000015f3b       0xd7 Core/Src/AppMain/AppMain.o
 .debug_macro   0x0000000000016012      0x26b Core/Src/AppMain/AppMain.o
 .debug_macro   0x000000000001627d      0x23d Core/Src/AppMain/AppMain.o
 .debug_macro   0x00000000000164ba      0x375 Core/Src/AppMain/AppMain.o
 .debug_macro   0x000000000001682f       0xd6 Core/Src/AppMain/AppMain.o
 .debug_macro   0x0000000000016905      0x22c Core/Src/AppMain/AppMain.o
 .debug_macro   0x0000000000016b31       0x5e Core/Src/AppMain/AppMain.o
 .debug_macro   0x0000000000016b8f       0xa5 Core/Src/AppMain/AppMain.o
 .debug_macro   0x0000000000016c34      0x122 Core/Src/AppMain/AppMain.o
 .debug_macro   0x0000000000016d56      0x365 Core/Src/AppMain/AppMain.o
 .debug_macro   0x00000000000170bb      0x2fe Core/Src/AppMain/AppMain.o
 .debug_macro   0x00000000000173b9      0x59e Core/Src/AppMain/AppMain.o
 .debug_macro   0x0000000000017957       0x44 Core/Src/AppMain/AppMain.o
 .debug_macro   0x000000000001799b       0x65 Core/Src/AppMain/AppMain.o
 .debug_macro   0x0000000000017a00      0x234 Core/Src/AppMain/AppMain.o
 .debug_macro   0x0000000000017c34      0x23a Core/Src/AppMain/AppMain.o
 .debug_macro   0x0000000000017e6e       0x46 Core/Src/AppMain/AppMain.o