Archive member included to satisfy reference by file (symbol)

c:/st/stm32cubeide_1.3.0/stm32cubeide/plugins/com.st.stm32cube.ide.mcu.externaltools.gnu-tools-for-stm32.7-2018-q2-update.win32_1.0.0.201904181610/tools/bin/../lib/gcc/arm-none-eabi/7.3.1/../../../../arm-none-eabi/lib/thumb/v7e-m/fpv4-sp/hard\libc_nano.a(lib_a-errno.o)
                              Core/Src/syscalls.o (__errno)
c:/st/stm32cubeide_1.3.0/stm32cubeide/plugins/com.st.stm32cube.ide.mcu.externaltools.gnu-tools-for-stm32.7-2018-q2-update.win32_1.0.0.201904181610/tools/bin/../lib/gcc/arm-none-eabi/7.3.1/../../../../arm-none-eabi/lib/thumb/v7e-m/fpv4-sp/hard\libc_nano.a(lib_a-exit.o)
                              c:/st/stm32cubeide_1.3.0/stm32cubeide/plugins/com.st.stm32cube.ide.mcu.externaltools.gnu-tools-for-stm32.7-2018-q2-update.win32_1.0.0.201904181610/tools/bin/../lib/gcc/arm-none-eabi/7.3.1/../../../../arm-none-eabi/lib/thumb/v7e-m/fpv4-sp/hard/crt0.o (exit)
c:/st/stm32cubeide_1.3.0/stm32cubeide/plugins/com.st.stm32cube.ide.mcu.externaltools.gnu-tools-for-stm32.7-2018-q2-update.win32_1.0.0.201904181610/tools/bin/../lib/gcc/arm-none-eabi/7.3.1/../../../../arm-none-eabi/lib/thumb/v7e-m/fpv4-sp/hard\libc_nano.a(lib_a-impure.o)
                              c:/st/stm32cubeide_1.3.0/stm32cubeide/plugins/com.st.stm32cube.ide.mcu.externaltools.gnu-tools-for-stm32.7-2018-q2-update.win32_1.0.0.201904181610/tools/bin/../lib/gcc/arm-none-eabi/7.3.1/../../../../arm-none-eabi/lib/thumb/v7e-m/fpv4-sp/hard\libc_nano.a(lib_a-exit.o) (_global_impure_ptr)
c:/st/stm32cubeide_1.3.0/stm32cubeide/plugins/com.st.stm32cube.ide.mcu.externaltools.gnu-tools-for-stm32.7-2018-q2-update.win32_1.0.0.201904181610/tools/bin/../lib/gcc/arm-none-eabi/7.3.1/../../../../arm-none-eabi/lib/thumb/v7e-m/fpv4-sp/hard\libc_nano.a(lib_a-init.o)
                              c:/st/stm32cubeide_1.3.0/stm32cubeide/plugins/com.st.stm32cube.ide.mcu.externaltools.gnu-tools-for-stm32.7-2018-q2-update.win32_1.0.0.201904181610/tools/bin/../lib/gcc/arm-none-eabi/7.3.1/../../../../arm-none-eabi/lib/thumb/v7e-m/fpv4-sp/hard/crt0.o (__libc_init_array)
c:/st/stm32cubeide_1.3.0/stm32cubeide/plugins/com.st.stm32cube.ide.mcu.externaltools.gnu-tools-for-stm32.7-2018-q2-update.win32_1.0.0.201904181610/tools/bin/../lib/gcc/arm-none-eabi/7.3.1/../../../../arm-none-eabi/lib/thumb/v7e-m/fpv4-sp/hard\libc_nano.a(lib_a-memset.o)
                              c:/st/stm32cubeide_1.3.0/stm32cubeide/plugins/com.st.stm32cube.ide.mcu.externaltools.gnu-tools-for-stm32.7-2018-q2-update.win32_1.0.0.201904181610/tools/bin/../lib/gcc/arm-none-eabi/7.3.1/../../../../arm-none-eabi/lib/thumb/v7e-m/fpv4-sp/hard/crt0.o (memset)
c:/st/stm32cubeide_1.3.0/stm32cubeide/plugins/com.st.stm32cube.ide.mcu.externaltools.gnu-tools-for-stm32.7-2018-q2-update.win32_1.0.0.201904181610/tools/bin/../lib/gcc/arm-none-eabi/7.3.1/../../../../arm-none-eabi/lib/thumb/v7e-m/fpv4-sp/hard\libc_nano.a(lib_a-strncpy.o)
                              Core/Src/Model/Model.o (strncpy)
c:/st/stm32cubeide_1.3.0/stm32cubeide/plugins/com.st.stm32cube.ide.mcu.externaltools.gnu-tools-for-stm32.7-2018-q2-update.win32_1.0.0.201904181610/tools/bin/../lib/gcc/arm-none-eabi/7.3.1/thumb/v7e-m/fpv4-sp/hard\libgcc.a(_aeabi_uldivmod.o)
                              Drivers/STM32L4xx_HAL_Driver/Src/stm32l4xx_hal_uart.o (__aeabi_uldivmod)
c:/st/stm32cubeide_1.3.0/stm32cubeide/plugins/com.st.stm32cube.ide.mcu.externaltools.gnu-tools-for-stm32.7-2018-q2-update.win32_1.0.0.201904181610/tools/bin/../lib/gcc/arm-none-eabi/7.3.1/thumb/v7e-m/fpv4-sp/hard\libgcc.a(_udivmoddi4.o)
                              c:/st/stm32cubeide_1.3.0/stm32cubeide/plugins/com.st.stm32cube.ide.mcu.externaltools.gnu-tools-for-stm32.7-2018-q2-update.win32_1.0.0.201904181610/tools/bin/../lib/gcc/arm-none-eabi/7.3.1/thumb/v7e-m/fpv4-sp/hard\libgcc.a(_aeabi_uldivmod.o) (__udivmoddi4)
c:/st/stm32cubeide_1.3.0/stm32cubeide/plugins/com.st.stm32cube.ide.mcu.externaltools.gnu-tools-for-stm32.7-2018-q2-update.win32_1.0.0.201904181610/tools/bin/../lib/gcc/arm-none-eabi/7.3.1/thumb/v7e-m/fpv4-sp/hard\libgcc.a(_dvmd_tls.o)
                              c:/st/stm32cubeide_1.3.0/stm32cubeide/plugins/com.st.stm32cube.ide.mcu.externaltools.gnu-tools-for-stm32.7-2018-q2-update.win32_1.0.0.201904181610/tools/bin/../lib/gcc/arm-none-eabi/7.3.1/thumb/v7e-m/fpv4-sp/hard\libgcc.a(_aeabi_uldivmod.o) (__aeabi_ldiv0)

Allocating common symbols
Common symbol       size              file

hUsbDeviceFS        0x2c4             USB_DEVICE/App/usb_device.o
hi2c1               0x4c              Core/Src/i2c.o
uwTick              0x4               Drivers/STM32L4xx_HAL_Driver/Src/stm32l4xx_hal.o
UserRxBufferFS      0x3e8             USB_DEVICE/App/usbd_cdc_if.o
UserTxBufferFS      0x3e8             USB_DEVICE/App/usbd_cdc_if.o
hspi1               0x64              Core/Src/spi.o
huart2              0x80              Core/Src/usart.o
hpcd_USB_FS         0x274             USB_DEVICE/Target/usbd_conf.o
[...]
Memory Configuration

Name             Origin             Length             Attributes
RAM              0x0000000020000000 0x000000000000a000 xrw
FLASH            0x0000000008000000 0x0000000000010000 xr
*default*        0x0000000000000000 0xffffffffffffffff

Linker script and memory map

LOAD c:/st/stm32cubeide_1.3.0/stm32cubeide/plugins/com.st.stm32cube.ide.mcu.externaltools.gnu-tools-for-stm32.7-2018-q2-update.win32_1.0.0.201904181610/tools/bin/../lib/gcc/arm-none-eabi/7.3.1/thumb/v7e-m/fpv4-sp/hard/crti.o
LOAD c:/st/stm32cubeide_1.3.0/stm32cubeide/plugins/com.st.stm32cube.ide.mcu.externaltools.gnu-tools-for-stm32.7-2018-q2-update.win32_1.0.0.201904181610/tools/bin/../lib/gcc/arm-none-eabi/7.3.1/thumb/v7e-m/fpv4-sp/hard/crtbegin.o
LOAD c:/st/stm32cubeide_1.3.0/stm32cubeide/plugins/com.st.stm32cube.ide.mcu.externaltools.gnu-tools-for-stm32.7-2018-q2-update.win32_1.0.0.201904181610/tools/bin/../lib/gcc/arm-none-eabi/7.3.1/../../../../arm-none-eabi/lib/thumb/v7e-m/fpv4-sp/hard/crt0.o
LOAD Core/Src/AppMain/AppMain.o
LOAD Core/Src/FXPS7115D4/FXPS7115.o
LOAD Core/Src/GPS/GPS.o
LOAD Core/Src/Model/Model.o
LOAD Core/Src/SHT21/SHT21.o
LOAD Core/Src/gpio.o
LOAD Core/Src/i2c.o
LOAD Core/Src/main.o
LOAD Core/Src/spi.o
LOAD Core/Src/stm32l4xx_hal_msp.o
LOAD Core/Src/stm32l4xx_it.o
LOAD Core/Src/syscalls.o
LOAD Core/Src/sysmem.o
LOAD Core/Src/system_stm32l4xx.o
LOAD Core/Src/usart.o
LOAD Core/Startup/startup_stm32l412k8tx.o
LOAD Drivers/STM32L4xx_HAL_Driver/Src/stm32l4xx_hal.o
LOAD Drivers/STM32L4xx_HAL_Driver/Src/stm32l4xx_hal_cortex.o
LOAD Drivers/STM32L4xx_HAL_Driver/Src/stm32l4xx_hal_dma.o
LOAD Drivers/STM32L4xx_HAL_Driver/Src/stm32l4xx_hal_dma_ex.o
LOAD Drivers/STM32L4xx_HAL_Driver/Src/stm32l4xx_hal_exti.o
LOAD Drivers/STM32L4xx_HAL_Driver/Src/stm32l4xx_hal_flash.o
LOAD Drivers/STM32L4xx_HAL_Driver/Src/stm32l4xx_hal_flash_ex.o
LOAD Drivers/STM32L4xx_HAL_Driver/Src/stm32l4xx_hal_flash_ramfunc.o
LOAD Drivers/STM32L4xx_HAL_Driver/Src/stm32l4xx_hal_gpio.o
LOAD Drivers/STM32L4xx_HAL_Driver/Src/stm32l4xx_hal_i2c.o
LOAD Drivers/STM32L4xx_HAL_Driver/Src/stm32l4xx_hal_i2c_ex.o
LOAD Drivers/STM32L4xx_HAL_Driver/Src/stm32l4xx_hal_pcd.o
LOAD Drivers/STM32L4xx_HAL_Driver/Src/stm32l4xx_hal_pcd_ex.o
LOAD Drivers/STM32L4xx_HAL_Driver/Src/stm32l4xx_hal_pwr.o
LOAD Drivers/STM32L4xx_HAL_Driver/Src/stm32l4xx_hal_pwr_ex.o
LOAD Drivers/STM32L4xx_HAL_Driver/Src/stm32l4xx_hal_rcc.o
LOAD Drivers/STM32L4xx_HAL_Driver/Src/stm32l4xx_hal_rcc_ex.o
LOAD Drivers/STM32L4xx_HAL_Driver/Src/stm32l4xx_hal_spi.o
LOAD Drivers/STM32L4xx_HAL_Driver/Src/stm32l4xx_hal_spi_ex.o
LOAD Drivers/STM32L4xx_HAL_Driver/Src/stm32l4xx_hal_tim.o
LOAD Drivers/STM32L4xx_HAL_Driver/Src/stm32l4xx_hal_tim_ex.o
LOAD Drivers/STM32L4xx_HAL_Driver/Src/stm32l4xx_hal_uart.o
LOAD Drivers/STM32L4xx_HAL_Driver/Src/stm32l4xx_hal_uart_ex.o
LOAD Drivers/STM32L4xx_HAL_Driver/Src/stm32l4xx_ll_usb.o
LOAD Middlewares/ST/STM32_USB_Device_Library/Class/CDC/Src/usbd_cdc.o
LOAD Middlewares/ST/STM32_USB_Device_Library/Core/Src/usbd_core.o
LOAD Middlewares/ST/STM32_USB_Device_Library/Core/Src/usbd_ctlreq.o
LOAD Middlewares/ST/STM32_USB_Device_Library/Core/Src/usbd_ioreq.o
LOAD USB_DEVICE/App/usb_device.o
LOAD USB_DEVICE/App/usbd_cdc_if.o
LOAD USB_DEVICE/App/usbd_desc.o
LOAD USB_DEVICE/Target/usbd_conf.o
START GROUP
LOAD c:/st/stm32cubeide_1.3.0/stm32cubeide/plugins/com.st.stm32cube.ide.mcu.externaltools.gnu-tools-for-stm32.7-2018-q2-update.win32_1.0.0.201904181610/tools/bin/../lib/gcc/arm-none-eabi/7.3.1/../../../../arm-none-eabi/lib/thumb/v7e-m/fpv4-sp/hard\libstdc++_nano.a
LOAD c:/st/stm32cubeide_1.3.0/stm32cubeide/plugins/com.st.stm32cube.ide.mcu.externaltools.gnu-tools-for-stm32.7-2018-q2-update.win32_1.0.0.201904181610/tools/bin/../lib/gcc/arm-none-eabi/7.3.1/../../../../arm-none-eabi/lib/thumb/v7e-m/fpv4-sp/hard\libsupc++_nano.a
END GROUP
LOAD c:/st/stm32cubeide_1.3.0/stm32cubeide/plugins/com.st.stm32cube.ide.mcu.externaltools.gnu-tools-for-stm32.7-2018-q2-update.win32_1.0.0.201904181610/tools/bin/../lib/gcc/arm-none-eabi/7.3.1/../../../../arm-none-eabi/lib/thumb/v7e-m/fpv4-sp/hard\libstdc++_nano.a
LOAD c:/st/stm32cubeide_1.3.0/stm32cubeide/plugins/com.st.stm32cube.ide.mcu.externaltools.gnu-tools-for-stm32.7-2018-q2-update.win32_1.0.0.201904181610/tools/bin/../lib/gcc/arm-none-eabi/7.3.1/../../../../arm-none-eabi/lib/thumb/v7e-m/fpv4-sp/hard\libm.a
LOAD c:/st/stm32cubeide_1.3.0/stm32cubeide/plugins/com.st.stm32cube.ide.mcu.externaltools.gnu-tools-for-stm32.7-2018-q2-update.win32_1.0.0.201904181610/tools/bin/../lib/gcc/arm-none-eabi/7.3.1/../../../../arm-none-eabi/lib/thumb/v7e-m/fpv4-sp/hard\libc_nano.a
START GROUP
LOAD c:/st/stm32cubeide_1.3.0/stm32cubeide/plugins/com.st.stm32cube.ide.mcu.externaltools.gnu-tools-for-stm32.7-2018-q2-update.win32_1.0.0.201904181610/tools/bin/../lib/gcc/arm-none-eabi/7.3.1/thumb/v7e-m/fpv4-sp/hard\libgcc.a
LOAD c:/st/stm32cubeide_1.3.0/stm32cubeide/plugins/com.st.stm32cube.ide.mcu.externaltools.gnu-tools-for-stm32.7-2018-q2-update.win32_1.0.0.201904181610/tools/bin/../lib/gcc/arm-none-eabi/7.3.1/../../../../arm-none-eabi/lib/thumb/v7e-m/fpv4-sp/hard\libc_nano.a
END GROUP
START GROUP
LOAD c:/st/stm32cubeide_1.3.0/stm32cubeide/plugins/com.st.stm32cube.ide.mcu.externaltools.gnu-tools-for-stm32.7-2018-q2-update.win32_1.0.0.201904181610/tools/bin/../lib/gcc/arm-none-eabi/7.3.1/thumb/v7e-m/fpv4-sp/hard\libgcc.a
LOAD c:/st/stm32cubeide_1.3.0/stm32cubeide/plugins/com.st.stm32cube.ide.mcu.externaltools.gnu-tools-for-stm32.7-2018-q2-update.win32_1.0.0.201904181610/tools/bin/../lib/gcc/arm-none-eabi/7.3.1/../../../../arm-none-eabi/lib/thumb/v7e-m/fpv4-sp/hard\libc_nano.a
LOAD c:/st/stm32cubeide_1.3.0/stm32cubeide/plugins/com.st.stm32cube.ide.mcu.externaltools.gnu-tools-for-stm32.7-2018-q2-update.win32_1.0.0.201904181610/tools/bin/../lib/gcc/arm-none-eabi/7.3.1/../../../../arm-none-eabi/lib/thumb/v7e-m/fpv4-sp/hard\libnosys.a
END GROUP
START GROUP
LOAD c:/st/stm32cubeide_1.3.0/stm32cubeide/plugins/com.st.stm32cube.ide.mcu.externaltools.gnu-tools-for-stm32.7-2018-q2-update.win32_1.0.0.201904181610/tools/bin/../lib/gcc/arm-none-eabi/7.3.1/thumb/v7e-m/fpv4-sp/hard\libgcc.a
LOAD c:/st/stm32cubeide_1.3.0/stm32cubeide/plugins/com.st.stm32cube.ide.mcu.externaltools.gnu-tools-for-stm32.7-2018-q2-update.win32_1.0.0.201904181610/tools/bin/../lib/gcc/arm-none-eabi/7.3.1/../../../../arm-none-eabi/lib/thumb/v7e-m/fpv4-sp/hard\libc_nano.a
LOAD c:/st/stm32cubeide_1.3.0/stm32cubeide/plugins/com.st.stm32cube.ide.mcu.externaltools.gnu-tools-for-stm32.7-2018-q2-update.win32_1.0.0.201904181610/tools/bin/../lib/gcc/arm-none-eabi/7.3.1/../../../../arm-none-eabi/lib/thumb/v7e-m/fpv4-sp/hard\libnosys.a
END GROUP
LOAD c:/st/stm32cubeide_1.3.0/stm32cubeide/plugins/com.st.stm32cube.ide.mcu.externaltools.gnu-tools-for-stm32.7-2018-q2-update.win32_1.0.0.201904181610/tools/bin/../lib/gcc/arm-none-eabi/7.3.1/thumb/v7e-m/fpv4-sp/hard/crtend.o
LOAD c:/st/stm32cubeide_1.3.0/stm32cubeide/plugins/com.st.stm32cube.ide.mcu.externaltools.gnu-tools-for-stm32.7-2018-q2-update.win32_1.0.0.201904181610/tools/bin/../lib/gcc/arm-none-eabi/7.3.1/thumb/v7e-m/fpv4-sp/hard/crtn.o
                0x000000002000a000                _estack = (ORIGIN (RAM) + LENGTH (RAM))
                0x0000000000000200                _Min_Heap_Size = 0x200
                0x0000000000000400                _Min_Stack_Size = 0x400

.isr_vector     0x0000000008000000      0x18c
                0x0000000008000000                . = ALIGN (0x4)
 *(.isr_vector)
 .isr_vector    0x0000000008000000      0x18c Core/Startup/startup_stm32l412k8tx.o
                0x0000000008000000                g_pfnVectors
                0x000000000800018c                . = ALIGN (0x4)

.text           0x000000000800018c     0x7524
                0x000000000800018c                . = ALIGN (0x4)
 *(.text)
 .text          0x000000000800018c       0x40 c:/st/stm32cubeide_1.3.0/stm32cubeide/plugins/com.st.stm32cube.ide.mcu.externaltools.gnu-tools-for-stm32.7-2018-q2-update.win32_1.0.0.201904181610/tools/bin/../lib/gcc/arm-none-eabi/7.3.1/thumb/v7e-m/fpv4-sp/hard/crtbegin.o
 .text          0x00000000080001cc       0x30 c:/st/stm32cubeide_1.3.0/stm32cubeide/plugins/com.st.stm32cube.ide.mcu.externaltools.gnu-tools-for-stm32.7-2018-q2-update.win32_1.0.0.201904181610/tools/bin/../lib/gcc/arm-none-eabi/7.3.1/thumb/v7e-m/fpv4-sp/hard\libgcc.a(_aeabi_uldivmod.o)
                0x00000000080001cc                __aeabi_uldivmod
 .text          0x00000000080001fc      0x2cc c:/st/stm32cubeide_1.3.0/stm32cubeide/plugins/com.st.stm32cube.ide.mcu.externaltools.gnu-tools-for-stm32.7-2018-q2-update.win32_1.0.0.201904181610/tools/bin/../lib/gcc/arm-none-eabi/7.3.1/thumb/v7e-m/fpv4-sp/hard\libgcc.a(_udivmoddi4.o)
                0x00000000080001fc                __udivmoddi4
 .text          0x00000000080004c8        0x4 c:/st/stm32cubeide_1.3.0/stm32cubeide/plugins/com.st.stm32cube.ide.mcu.externaltools.gnu-tools-for-stm32.7-2018-q2-update.win32_1.0.0.201904181610/tools/bin/../lib/gcc/arm-none-eabi/7.3.1/thumb/v7e-m/fpv4-sp/hard\libgcc.a(_dvmd_tls.o)
                0x00000000080004c8                __aeabi_idiv0
                0x00000000080004c8                __aeabi_ldiv0
 *(.text*)
 .text._Z41__static_initialization_and_destruction_0ii
                0x00000000080004cc       0x38 Core/Src/AppMain/AppMain.o
 .text._GLOBAL__sub_I__ZN7AppMainC2Ev
                0x0000000008000504       0x10 Core/Src/AppMain/AppMain.o
 .text._ZN3GPSC2EP5Model
                0x0000000008000514       0x44 Core/Src/GPS/GPS.o
                0x0000000008000514                GPS::GPS(Model*)
                0x0000000008000514                GPS::GPS(Model*)
 .text._ZN3GPS4initEv
                0x0000000008000558       0x4c Core/Src/GPS/GPS.o
                0x0000000008000558                GPS::init()
 .text._ZN5ModelC2Ev
                0x00000000080005a4       0x5c Core/Src/Model/Model.o
                0x00000000080005a4                Model::Model()
                0x00000000080005a4                Model::Model()
 .text.MX_GPIO_Init
                0x0000000008000600      0x134 Core/Src/gpio.o
                0x0000000008000600                MX_GPIO_Init
 .text.MX_I2C1_Init
                0x0000000008000734       0x80 Core/Src/i2c.o
                0x0000000008000734                MX_I2C1_Init
 .text.HAL_I2C_MspInit
                0x00000000080007b4       0x88 Core/Src/i2c.o
                0x00000000080007b4                HAL_I2C_MspInit
 .text.main     0x000000000800083c       0x22 Core/Src/main.o
                0x000000000800083c                main
 .text.SystemClock_Config
                0x000000000800085e       0xde Core/Src/main.o
                0x000000000800085e                SystemClock_Config
 .text.Error_Handler
                0x000000000800093c        0xe Core/Src/main.o
                0x000000000800093c                Error_Handler
 *fill*         0x000000000800094a        0x2 
 .text.MX_SPI1_Init
                0x000000000800094c       0x7c Core/Src/spi.o
                0x000000000800094c                MX_SPI1_Init
 .text.HAL_SPI_MspInit
                0x00000000080009c8       0x84 Core/Src/spi.o
                0x00000000080009c8                HAL_SPI_MspInit
 .text.HAL_MspInit
                0x0000000008000a4c       0x48 Core/Src/stm32l4xx_hal_msp.o
                0x0000000008000a4c                HAL_MspInit
 .text.NMI_Handler
                0x0000000008000a94        0xe Core/Src/stm32l4xx_it.o
                0x0000000008000a94                NMI_Handler
 .text.HardFault_Handler
                0x0000000008000aa2        0x6 Core/Src/stm32l4xx_it.o
                0x0000000008000aa2                HardFault_Handler
 .text.MemManage_Handler
                0x0000000008000aa8        0x6 Core/Src/stm32l4xx_it.o
                0x0000000008000aa8                MemManage_Handler
 .text.BusFault_Handler
                0x0000000008000aae        0x6 Core/Src/stm32l4xx_it.o
                0x0000000008000aae                BusFault_Handler
 .text.UsageFault_Handler
                0x0000000008000ab4        0x6 Core/Src/stm32l4xx_it.o
                0x0000000008000ab4                UsageFault_Handler
 .text.SVC_Handler
                0x0000000008000aba        0xe Core/Src/stm32l4xx_it.o
                0x0000000008000aba                SVC_Handler
 .text.DebugMon_Handler
                0x0000000008000ac8        0xe Core/Src/stm32l4xx_it.o
                0x0000000008000ac8                DebugMon_Handler
 .text.PendSV_Handler
                0x0000000008000ad6        0xe Core/Src/stm32l4xx_it.o
                0x0000000008000ad6                PendSV_Handler
 .text.SysTick_Handler
                0x0000000008000ae4        0xc Core/Src/stm32l4xx_it.o
                0x0000000008000ae4                SysTick_Handler
 .text.USB_IRQHandler
                0x0000000008000af0       0x14 Core/Src/stm32l4xx_it.o
                0x0000000008000af0                USB_IRQHandler
 .text.SystemInit
                0x0000000008000b04       0x6c Core/Src/system_stm32l4xx.o
                0x0000000008000b04                SystemInit
 .text.MX_USART2_UART_Init
                0x0000000008000b70       0x60 Core/Src/usart.o
                0x0000000008000b70                MX_USART2_UART_Init
 .text.HAL_UART_MspInit
                0x0000000008000bd0       0x84 Core/Src/usart.o
                0x0000000008000bd0                HAL_UART_MspInit
 .text.Reset_Handler
                0x0000000008000c54       0x50 Core/Startup/startup_stm32l412k8tx.o
                0x0000000008000c54                Reset_Handler
 .text.Default_Handler
                0x0000000008000ca4        0x2 Core/Startup/startup_stm32l412k8tx.o
                0x0000000008000ca4                RTC_Alarm_IRQHandler
                0x0000000008000ca4                EXTI2_IRQHandler
                0x0000000008000ca4                TIM1_CC_IRQHandler
                0x0000000008000ca4                TSC_IRQHandler
                0x0000000008000ca4                TIM6_IRQHandler
                0x0000000008000ca4                TAMP_STAMP_IRQHandler
                0x0000000008000ca4                EXTI3_IRQHandler
                0x0000000008000ca4                LPTIM2_IRQHandler
                0x0000000008000ca4                I2C3_ER_IRQHandler
                0x0000000008000ca4                EXTI0_IRQHandler
                0x0000000008000ca4                I2C2_EV_IRQHandler
                0x0000000008000ca4                FPU_IRQHandler
                0x0000000008000ca4                TIM1_UP_TIM16_IRQHandler
                0x0000000008000ca4                ADC1_2_IRQHandler
                0x0000000008000ca4                SPI1_IRQHandler
                0x0000000008000ca4                DMA2_Channel2_IRQHandler
                0x0000000008000ca4                DMA1_Channel4_IRQHandler
                0x0000000008000ca4                USART3_IRQHandler
                0x0000000008000ca4                DMA1_Channel7_IRQHandler
                0x0000000008000ca4                DMA2_Channel1_IRQHandler
                0x0000000008000ca4                QUADSPI_IRQHandler
                0x0000000008000ca4                I2C1_EV_IRQHandler
                0x0000000008000ca4                DMA1_Channel6_IRQHandler
                0x0000000008000ca4                DMA2_Channel4_IRQHandler
                0x0000000008000ca4                RCC_IRQHandler
                0x0000000008000ca4                TIM1_TRG_COM_IRQHandler
                0x0000000008000ca4                DMA1_Channel1_IRQHandler
                0x0000000008000ca4                Default_Handler
                0x0000000008000ca4                DMA2_Channel7_IRQHandler
                0x0000000008000ca4                EXTI15_10_IRQHandler
                0x0000000008000ca4                I2C3_EV_IRQHandler
                0x0000000008000ca4                EXTI9_5_IRQHandler
                0x0000000008000ca4                RTC_WKUP_IRQHandler
                0x0000000008000ca4                PVD_PVM_IRQHandler
                0x0000000008000ca4                SPI2_IRQHandler
                0x0000000008000ca4                DMA2_Channel5_IRQHandler
                0x0000000008000ca4                CRS_IRQHandler
                0x0000000008000ca4                DMA1_Channel5_IRQHandler
                0x0000000008000ca4                EXTI4_IRQHandler
                0x0000000008000ca4                RNG_IRQHandler
                0x0000000008000ca4                DMA1_Channel3_IRQHandler
                0x0000000008000ca4                COMP_IRQHandler
                0x0000000008000ca4                WWDG_IRQHandler
                0x0000000008000ca4                LPUART1_IRQHandler
                0x0000000008000ca4                DMA2_Channel6_IRQHandler
                0x0000000008000ca4                TIM2_IRQHandler
                0x0000000008000ca4                EXTI1_IRQHandler
                0x0000000008000ca4                USART2_IRQHandler
                0x0000000008000ca4                I2C2_ER_IRQHandler
                0x0000000008000ca4                DMA1_Channel2_IRQHandler
                0x0000000008000ca4                FLASH_IRQHandler
                0x0000000008000ca4                USART1_IRQHandler
                0x0000000008000ca4                I2C1_ER_IRQHandler
                0x0000000008000ca4                LPTIM1_IRQHandler
                0x0000000008000ca4                DMA2_Channel3_IRQHandler
                0x0000000008000ca4                TIM1_BRK_TIM15_IRQHandler
 .text.HAL_Init
                0x0000000008000ca6       0x30 Drivers/STM32L4xx_HAL_Driver/Src/stm32l4xx_hal.o
                0x0000000008000ca6                HAL_Init
 *fill*         0x0000000008000cd6        0x2 
 .text.HAL_InitTick
                0x0000000008000cd8       0x74 Drivers/STM32L4xx_HAL_Driver/Src/stm32l4xx_hal.o
                0x0000000008000cd8                HAL_InitTick
 .text.HAL_IncTick
                0x0000000008000d4c       0x24 Drivers/STM32L4xx_HAL_Driver/Src/stm32l4xx_hal.o
                0x0000000008000d4c                HAL_IncTick
 .text.HAL_GetTick
                0x0000000008000d70       0x18 Drivers/STM32L4xx_HAL_Driver/Src/stm32l4xx_hal.o
                0x0000000008000d70                HAL_GetTick
 .text.__NVIC_SetPriorityGrouping
                0x0000000008000d88       0x48 Drivers/STM32L4xx_HAL_Driver/Src/stm32l4xx_hal_cortex.o
 .text.__NVIC_GetPriorityGrouping
                0x0000000008000dd0       0x1c Drivers/STM32L4xx_HAL_Driver/Src/stm32l4xx_hal_cortex.o
 .text.__NVIC_EnableIRQ
                0x0000000008000dec       0x3c Drivers/STM32L4xx_HAL_Driver/Src/stm32l4xx_hal_cortex.o
 .text.__NVIC_SetPriority
                0x0000000008000e28       0x54 Drivers/STM32L4xx_HAL_Driver/Src/stm32l4xx_hal_cortex.o
 .text.NVIC_EncodePriority
                0x0000000008000e7c       0x66 Drivers/STM32L4xx_HAL_Driver/Src/stm32l4xx_hal_cortex.o
 *fill*         0x0000000008000ee2        0x2 
 .text.SysTick_Config
                0x0000000008000ee4       0x44 Drivers/STM32L4xx_HAL_Driver/Src/stm32l4xx_hal_cortex.o
 .text.HAL_NVIC_SetPriorityGrouping
                0x0000000008000f28       0x16 Drivers/STM32L4xx_HAL_Driver/Src/stm32l4xx_hal_cortex.o
                0x0000000008000f28                HAL_NVIC_SetPriorityGrouping
 .text.HAL_NVIC_SetPriority
                0x0000000008000f3e       0x38 Drivers/STM32L4xx_HAL_Driver/Src/stm32l4xx_hal_cortex.o
                0x0000000008000f3e                HAL_NVIC_SetPriority
 .text.HAL_NVIC_EnableIRQ
                0x0000000008000f76       0x1c Drivers/STM32L4xx_HAL_Driver/Src/stm32l4xx_hal_cortex.o
                0x0000000008000f76                HAL_NVIC_EnableIRQ
 .text.HAL_SYSTICK_Config
                0x0000000008000f92       0x18 Drivers/STM32L4xx_HAL_Driver/Src/stm32l4xx_hal_cortex.o
                0x0000000008000f92                HAL_SYSTICK_Config
 *fill*         0x0000000008000faa        0x2 
 .text.HAL_GPIO_Init
                0x0000000008000fac      0x2e4 Drivers/STM32L4xx_HAL_Driver/Src/stm32l4xx_hal_gpio.o
                0x0000000008000fac                HAL_GPIO_Init
 .text.HAL_GPIO_WritePin
                0x0000000008001290       0x30 Drivers/STM32L4xx_HAL_Driver/Src/stm32l4xx_hal_gpio.o
                0x0000000008001290                HAL_GPIO_WritePin
 .text.HAL_I2C_Init
                0x00000000080012c0      0x11e Drivers/STM32L4xx_HAL_Driver/Src/stm32l4xx_hal_i2c.o
                0x00000000080012c0                HAL_I2C_Init
 .text.HAL_I2CEx_ConfigAnalogFilter
                0x00000000080013de       0x96 Drivers/STM32L4xx_HAL_Driver/Src/stm32l4xx_hal_i2c_ex.o
                0x00000000080013de                HAL_I2CEx_ConfigAnalogFilter
 .text.HAL_I2CEx_ConfigDigitalFilter
                0x0000000008001474       0x98 Drivers/STM32L4xx_HAL_Driver/Src/stm32l4xx_hal_i2c_ex.o
                0x0000000008001474                HAL_I2CEx_ConfigDigitalFilter
 .text.HAL_PCD_Init
                0x000000000800150c      0x1d0 Drivers/STM32L4xx_HAL_Driver/Src/stm32l4xx_hal_pcd.o
                0x000000000800150c                HAL_PCD_Init
 .text.HAL_PCD_Start
                0x00000000080016dc       0x44 Drivers/STM32L4xx_HAL_Driver/Src/stm32l4xx_hal_pcd.o
                0x00000000080016dc                HAL_PCD_Start
 .text.HAL_PCD_IRQHandler
                0x0000000008001720      0x29c Drivers/STM32L4xx_HAL_Driver/Src/stm32l4xx_hal_pcd.o
                0x0000000008001720                HAL_PCD_IRQHandler
 .text.HAL_PCD_SetAddress
                0x00000000080019bc       0x4a Drivers/STM32L4xx_HAL_Driver/Src/stm32l4xx_hal_pcd.o
                0x00000000080019bc                HAL_PCD_SetAddress
 .text.HAL_PCD_EP_Open
                0x0000000008001a06       0xc0 Drivers/STM32L4xx_HAL_Driver/Src/stm32l4xx_hal_pcd.o
                0x0000000008001a06                HAL_PCD_EP_Open
 .text.HAL_PCD_EP_Close
                0x0000000008001ac6       0x84 Drivers/STM32L4xx_HAL_Driver/Src/stm32l4xx_hal_pcd.o
                0x0000000008001ac6                HAL_PCD_EP_Close
 .text.HAL_PCD_EP_Receive
                0x0000000008001b4a       0x74 Drivers/STM32L4xx_HAL_Driver/Src/stm32l4xx_hal_pcd.o
                0x0000000008001b4a                HAL_PCD_EP_Receive
 .text.HAL_PCD_EP_GetRxCount
                0x0000000008001bbe       0x2a Drivers/STM32L4xx_HAL_Driver/Src/stm32l4xx_hal_pcd.o
                0x0000000008001bbe                HAL_PCD_EP_GetRxCount
 .text.HAL_PCD_EP_Transmit
                0x0000000008001be8       0x72 Drivers/STM32L4xx_HAL_Driver/Src/stm32l4xx_hal_pcd.o
                0x0000000008001be8                HAL_PCD_EP_Transmit
 .text.HAL_PCD_EP_SetStall
                0x0000000008001c5a       0xb4 Drivers/STM32L4xx_HAL_Driver/Src/stm32l4xx_hal_pcd.o
                0x0000000008001c5a                HAL_PCD_EP_SetStall
 .text.HAL_PCD_EP_ClrStall
                0x0000000008001d0e       0x9c Drivers/STM32L4xx_HAL_Driver/Src/stm32l4xx_hal_pcd.o
                0x0000000008001d0e                HAL_PCD_EP_ClrStall
 *fill*         0x0000000008001daa        0x2 
 .text.PCD_EP_ISR_Handler
                0x0000000008001dac      0x518 Drivers/STM32L4xx_HAL_Driver/Src/stm32l4xx_hal_pcd.o
 .text.HAL_PCDEx_PMAConfig
                0x00000000080022c4       0x7a Drivers/STM32L4xx_HAL_Driver/Src/stm32l4xx_hal_pcd_ex.o
                0x00000000080022c4                HAL_PCDEx_PMAConfig
 .text.HAL_PCDEx_ActivateLPM
                0x000000000800233e       0x54 Drivers/STM32L4xx_HAL_Driver/Src/stm32l4xx_hal_pcd_ex.o
                0x000000000800233e                HAL_PCDEx_ActivateLPM
 *fill*         0x0000000008002392        0x2 
 .text.HAL_PWREx_GetVoltageRange
                0x0000000008002394       0x1c Drivers/STM32L4xx_HAL_Driver/Src/stm32l4xx_hal_pwr_ex.o
                0x0000000008002394                HAL_PWREx_GetVoltageRange
 .text.HAL_PWREx_ControlVoltageScaling
                0x00000000080023b0       0xac Drivers/STM32L4xx_HAL_Driver/Src/stm32l4xx_hal_pwr_ex.o
                0x00000000080023b0                HAL_PWREx_ControlVoltageScaling
 .text.HAL_PWREx_EnableVddUSB
                0x000000000800245c       0x20 Drivers/STM32L4xx_HAL_Driver/Src/stm32l4xx_hal_pwr_ex.o
                0x000000000800245c                HAL_PWREx_EnableVddUSB
 .text.HAL_RCC_OscConfig
                0x000000000800247c      0x8cc Drivers/STM32L4xx_HAL_Driver/Src/stm32l4xx_hal_rcc.o
                0x000000000800247c                HAL_RCC_OscConfig
 .text.HAL_RCC_ClockConfig
                0x0000000008002d48      0x1c4 Drivers/STM32L4xx_HAL_Driver/Src/stm32l4xx_hal_rcc.o
                0x0000000008002d48                HAL_RCC_ClockConfig
 .text.HAL_RCC_GetSysClockFreq
                0x0000000008002f0c      0x114 Drivers/STM32L4xx_HAL_Driver/Src/stm32l4xx_hal_rcc.o
                0x0000000008002f0c                HAL_RCC_GetSysClockFreq
 .text.HAL_RCC_GetHCLKFreq
                0x0000000008003020       0x18 Drivers/STM32L4xx_HAL_Driver/Src/stm32l4xx_hal_rcc.o
                0x0000000008003020                HAL_RCC_GetHCLKFreq
 .text.HAL_RCC_GetPCLK1Freq
                0x0000000008003038       0x2c Drivers/STM32L4xx_HAL_Driver/Src/stm32l4xx_hal_rcc.o
                0x0000000008003038                HAL_RCC_GetPCLK1Freq
 .text.HAL_RCC_GetPCLK2Freq
                0x0000000008003064       0x2c Drivers/STM32L4xx_HAL_Driver/Src/stm32l4xx_hal_rcc.o
                0x0000000008003064                HAL_RCC_GetPCLK2Freq
 .text.RCC_SetFlashLatencyFromMSIRange
                0x0000000008003090       0xc0 Drivers/STM32L4xx_HAL_Driver/Src/stm32l4xx_hal_rcc.o
 .text.HAL_RCCEx_PeriphCLKConfig
                0x0000000008003150      0x30c Drivers/STM32L4xx_HAL_Driver/Src/stm32l4xx_hal_rcc_ex.o
                0x0000000008003150                HAL_RCCEx_PeriphCLKConfig
 .text.HAL_SPI_Init
                0x000000000800345c      0x114 Drivers/STM32L4xx_HAL_Driver/Src/stm32l4xx_hal_spi.o
                0x000000000800345c                HAL_SPI_Init
 .text.HAL_UART_Init
                0x0000000008003570       0x9c Drivers/STM32L4xx_HAL_Driver/Src/stm32l4xx_hal_uart.o
                0x0000000008003570                HAL_UART_Init
 .text.HAL_UART_Receive_IT
                0x000000000800360c      0x144 Drivers/STM32L4xx_HAL_Driver/Src/stm32l4xx_hal_uart.o
                0x000000000800360c                HAL_UART_Receive_IT
 .text.HAL_UART_RxCpltCallback
                0x0000000008003750       0x14 Drivers/STM32L4xx_HAL_Driver/Src/stm32l4xx_hal_uart.o
                0x0000000008003750                HAL_UART_RxCpltCallback
 .text.UART_SetConfig
                0x0000000008003764      0x628 Drivers/STM32L4xx_HAL_Driver/Src/stm32l4xx_hal_uart.o
                0x0000000008003764                UART_SetConfig
 .text.UART_AdvFeatureConfig
                0x0000000008003d8c      0x144 Drivers/STM32L4xx_HAL_Driver/Src/stm32l4xx_hal_uart.o
                0x0000000008003d8c                UART_AdvFeatureConfig
 .text.UART_CheckIdleState
                0x0000000008003ed0       0x8a Drivers/STM32L4xx_HAL_Driver/Src/stm32l4xx_hal_uart.o
                0x0000000008003ed0                UART_CheckIdleState
 .text.UART_WaitOnFlagUntilTimeout
                0x0000000008003f5a       0xf6 Drivers/STM32L4xx_HAL_Driver/Src/stm32l4xx_hal_uart.o
                0x0000000008003f5a                UART_WaitOnFlagUntilTimeout
 .text.UART_RxISR_8BIT
                0x0000000008004050       0xaa Drivers/STM32L4xx_HAL_Driver/Src/stm32l4xx_hal_uart.o
 .text.UART_RxISR_16BIT
                0x00000000080040fa       0xaa Drivers/STM32L4xx_HAL_Driver/Src/stm32l4xx_hal_uart.o
 .text.USB_CoreInit
                0x00000000080041a4       0x22 Drivers/STM32L4xx_HAL_Driver/Src/stm32l4xx_ll_usb.o
                0x00000000080041a4                USB_CoreInit
 .text.USB_EnableGlobalInt
                0x00000000080041c6       0x32 Drivers/STM32L4xx_HAL_Driver/Src/stm32l4xx_ll_usb.o
                0x00000000080041c6                USB_EnableGlobalInt
 .text.USB_DisableGlobalInt
                0x00000000080041f8       0x36 Drivers/STM32L4xx_HAL_Driver/Src/stm32l4xx_ll_usb.o
                0x00000000080041f8                USB_DisableGlobalInt
 .text.USB_SetCurrentMode
                0x000000000800422e       0x1a Drivers/STM32L4xx_HAL_Driver/Src/stm32l4xx_ll_usb.o
                0x000000000800422e                USB_SetCurrentMode
 .text.USB_DevInit
                0x0000000008004248       0x48 Drivers/STM32L4xx_HAL_Driver/Src/stm32l4xx_ll_usb.o
                0x0000000008004248                USB_DevInit
 .text.USB_ActivateEndpoint
                0x0000000008004290      0x5e0 Drivers/STM32L4xx_HAL_Driver/Src/stm32l4xx_ll_usb.o
                0x0000000008004290                USB_ActivateEndpoint
 .text.USB_DeactivateEndpoint
                0x0000000008004870      0x32c Drivers/STM32L4xx_HAL_Driver/Src/stm32l4xx_ll_usb.o
                0x0000000008004870                USB_DeactivateEndpoint
 .text.USB_EPStartXfer
                0x0000000008004b9c      0x570 Drivers/STM32L4xx_HAL_Driver/Src/stm32l4xx_ll_usb.o
                0x0000000008004b9c                USB_EPStartXfer
 .text.USB_EPSetStall
                0x000000000800510c       0x84 Drivers/STM32L4xx_HAL_Driver/Src/stm32l4xx_ll_usb.o
                0x000000000800510c                USB_EPSetStall
 .text.USB_EPClearStall
                0x0000000008005190      0x128 Drivers/STM32L4xx_HAL_Driver/Src/stm32l4xx_ll_usb.o
                0x0000000008005190                USB_EPClearStall
 .text.USB_SetDevAddress
                0x00000000080052b8       0x28 Drivers/STM32L4xx_HAL_Driver/Src/stm32l4xx_ll_usb.o
                0x00000000080052b8                USB_SetDevAddress
 .text.USB_DevConnect
                0x00000000080052e0       0x2e Drivers/STM32L4xx_HAL_Driver/Src/stm32l4xx_ll_usb.o
                0x00000000080052e0                USB_DevConnect
 .text.USB_DevDisconnect
                0x000000000800530e       0x2a Drivers/STM32L4xx_HAL_Driver/Src/stm32l4xx_ll_usb.o
                0x000000000800530e                USB_DevDisconnect
 .text.USB_ReadInterrupts
                0x0000000008005338       0x20 Drivers/STM32L4xx_HAL_Driver/Src/stm32l4xx_ll_usb.o
                0x0000000008005338                USB_ReadInterrupts
 .text.USB_EP0_OutStart
                0x0000000008005358       0x18 Drivers/STM32L4xx_HAL_Driver/Src/stm32l4xx_ll_usb.o
                0x0000000008005358                USB_EP0_OutStart
 .text.USB_WritePMA
                0x0000000008005370       0x82 Drivers/STM32L4xx_HAL_Driver/Src/stm32l4xx_ll_usb.o
                0x0000000008005370                USB_WritePMA
 .text.USB_ReadPMA
                0x00000000080053f2       0x98 Drivers/STM32L4xx_HAL_Driver/Src/stm32l4xx_ll_usb.o
                0x00000000080053f2                USB_ReadPMA
 .text.USBD_CDC_Init
                0x000000000800548a       0xf4 Middlewares/ST/STM32_USB_Device_Library/Class/CDC/Src/usbd_cdc.o
 .text.USBD_CDC_DeInit
                0x000000000800557e       0x6e Middlewares/ST/STM32_USB_Device_Library/Class/CDC/Src/usbd_cdc.o
 .text.USBD_CDC_Setup
                0x00000000080055ec      0x140 Middlewares/ST/STM32_USB_Device_Library/Class/CDC/Src/usbd_cdc.o
 .text.USBD_CDC_DataIn
                0x000000000800572c       0xa0 Middlewares/ST/STM32_USB_Device_Library/Class/CDC/Src/usbd_cdc.o
 .text.USBD_CDC_DataOut
                0x00000000080057cc       0x56 Middlewares/ST/STM32_USB_Device_Library/Class/CDC/Src/usbd_cdc.o
 .text.USBD_CDC_EP0_RxReady
                0x0000000008005822       0x50 Middlewares/ST/STM32_USB_Device_Library/Class/CDC/Src/usbd_cdc.o
 *fill*         0x0000000008005872        0x2 
 .text.USBD_CDC_GetFSCfgDesc
                0x0000000008005874       0x20 Middlewares/ST/STM32_USB_Device_Library/Class/CDC/Src/usbd_cdc.o
 .text.USBD_CDC_GetHSCfgDesc
                0x0000000008005894       0x20 Middlewares/ST/STM32_USB_Device_Library/Class/CDC/Src/usbd_cdc.o
 .text.USBD_CDC_GetOtherSpeedCfgDesc
                0x00000000080058b4       0x20 Middlewares/ST/STM32_USB_Device_Library/Class/CDC/Src/usbd_cdc.o
 .text.USBD_CDC_GetDeviceQualifierDescriptor
                0x00000000080058d4       0x20 Middlewares/ST/STM32_USB_Device_Library/Class/CDC/Src/usbd_cdc.o
                0x00000000080058d4                USBD_CDC_GetDeviceQualifierDescriptor
 .text.USBD_CDC_RegisterInterface
                0x00000000080058f4       0x2e Middlewares/ST/STM32_USB_Device_Library/Class/CDC/Src/usbd_cdc.o
                0x00000000080058f4                USBD_CDC_RegisterInterface
 .text.USBD_CDC_SetTxBuffer
                0x0000000008005922       0x34 Middlewares/ST/STM32_USB_Device_Library/Class/CDC/Src/usbd_cdc.o
                0x0000000008005922                USBD_CDC_SetTxBuffer
 .text.USBD_CDC_SetRxBuffer
                0x0000000008005956       0x28 Middlewares/ST/STM32_USB_Device_Library/Class/CDC/Src/usbd_cdc.o
                0x0000000008005956                USBD_CDC_SetRxBuffer
 .text.USBD_CDC_ReceivePacket
                0x000000000800597e       0x54 Middlewares/ST/STM32_USB_Device_Library/Class/CDC/Src/usbd_cdc.o
                0x000000000800597e                USBD_CDC_ReceivePacket
 .text.USBD_Init
                0x00000000080059d2       0x56 Middlewares/ST/STM32_USB_Device_Library/Core/Src/usbd_core.o
                0x00000000080059d2                USBD_Init
 .text.USBD_RegisterClass
                0x0000000008005a28       0x34 Middlewares/ST/STM32_USB_Device_Library/Core/Src/usbd_core.o
                0x0000000008005a28                USBD_RegisterClass
 .text.USBD_Start
                0x0000000008005a5c       0x18 Middlewares/ST/STM32_USB_Device_Library/Core/Src/usbd_core.o
                0x0000000008005a5c                USBD_Start
 .text.USBD_RunTestMode
                0x0000000008005a74       0x16 Middlewares/ST/STM32_USB_Device_Library/Core/Src/usbd_core.o
                0x0000000008005a74                USBD_RunTestMode
 .text.USBD_SetClassConfig
                0x0000000008005a8a       0x3e Middlewares/ST/STM32_USB_Device_Library/Core/Src/usbd_core.o
                0x0000000008005a8a                USBD_SetClassConfig
 .text.USBD_ClrClassConfig
                0x0000000008005ac8       0x26 Middlewares/ST/STM32_USB_Device_Library/Core/Src/usbd_core.o
                0x0000000008005ac8                USBD_ClrClassConfig
 .text.USBD_LL_SetupStage
                0x0000000008005aee       0x96 Middlewares/ST/STM32_USB_Device_Library/Core/Src/usbd_core.o
                0x0000000008005aee                USBD_LL_SetupStage
 .text.USBD_LL_DataOutStage
                0x0000000008005b84       0xe2 Middlewares/ST/STM32_USB_Device_Library/Core/Src/usbd_core.o
                0x0000000008005b84                USBD_LL_DataOutStage
 .text.USBD_LL_DataInStage
                0x0000000008005c66      0x14a Middlewares/ST/STM32_USB_Device_Library/Core/Src/usbd_core.o
                0x0000000008005c66                USBD_LL_DataInStage
 .text.USBD_LL_Reset
                0x0000000008005db0       0x82 Middlewares/ST/STM32_USB_Device_Library/Core/Src/usbd_core.o
                0x0000000008005db0                USBD_LL_Reset
 .text.USBD_LL_SetSpeed
                0x0000000008005e32       0x20 Middlewares/ST/STM32_USB_Device_Library/Core/Src/usbd_core.o
                0x0000000008005e32                USBD_LL_SetSpeed
 .text.USBD_LL_Suspend
                0x0000000008005e52       0x2a Middlewares/ST/STM32_USB_Device_Library/Core/Src/usbd_core.o
                0x0000000008005e52                USBD_LL_Suspend
 .text.USBD_LL_Resume
                0x0000000008005e7c       0x2c Middlewares/ST/STM32_USB_Device_Library/Core/Src/usbd_core.o
                0x0000000008005e7c                USBD_LL_Resume
 .text.USBD_LL_SOF
                0x0000000008005ea8       0x34 Middlewares/ST/STM32_USB_Device_Library/Core/Src/usbd_core.o
                0x0000000008005ea8                USBD_LL_SOF
 .text.USBD_StdDevReq
                0x0000000008005edc       0xd4 Middlewares/ST/STM32_USB_Device_Library/Core/Src/usbd_ctlreq.o
                0x0000000008005edc                USBD_StdDevReq
 .text.USBD_StdItfReq
                0x0000000008005fb0       0x8c Middlewares/ST/STM32_USB_Device_Library/Core/Src/usbd_ctlreq.o
                0x0000000008005fb0                USBD_StdItfReq
 .text.USBD_StdEPReq
                0x000000000800603c      0x2ba Middlewares/ST/STM32_USB_Device_Library/Core/Src/usbd_ctlreq.o
                0x000000000800603c                USBD_StdEPReq
 *fill*         0x00000000080062f6        0x2 
 .text.USBD_GetDescriptor
                0x00000000080062f8      0x324 Middlewares/ST/STM32_USB_Device_Library/Core/Src/usbd_ctlreq.o
 .text.USBD_SetAddress
                0x000000000800661c       0x84 Middlewares/ST/STM32_USB_Device_Library/Core/Src/usbd_ctlreq.o
 .text.USBD_SetConfig
                0x00000000080066a0      0x11c Middlewares/ST/STM32_USB_Device_Library/Core/Src/usbd_ctlreq.o
 .text.USBD_GetConfig
                0x00000000080067bc       0x68 Middlewares/ST/STM32_USB_Device_Library/Core/Src/usbd_ctlreq.o
 .text.USBD_GetStatus
                0x0000000008006824       0x66 Middlewares/ST/STM32_USB_Device_Library/Core/Src/usbd_ctlreq.o
 .text.USBD_SetFeature
                0x000000000800688a       0x28 Middlewares/ST/STM32_USB_Device_Library/Core/Src/usbd_ctlreq.o
 .text.USBD_ClrFeature
                0x00000000080068b2       0x42 Middlewares/ST/STM32_USB_Device_Library/Core/Src/usbd_ctlreq.o
 .text.USBD_ParseSetupRequest
                0x00000000080068f4       0x7a Middlewares/ST/STM32_USB_Device_Library/Core/Src/usbd_ctlreq.o
                0x00000000080068f4                USBD_ParseSetupRequest
 .text.USBD_CtlError
                0x000000000800696e       0x22 Middlewares/ST/STM32_USB_Device_Library/Core/Src/usbd_ctlreq.o
                0x000000000800696e                USBD_CtlError
 .text.USBD_GetString
                0x0000000008006990       0x84 Middlewares/ST/STM32_USB_Device_Library/Core/Src/usbd_ctlreq.o
                0x0000000008006990                USBD_GetString
 .text.USBD_GetLen
                0x0000000008006a14       0x30 Middlewares/ST/STM32_USB_Device_Library/Core/Src/usbd_ctlreq.o
 .text.USBD_CtlSendData
                0x0000000008006a44       0x38 Middlewares/ST/STM32_USB_Device_Library/Core/Src/usbd_ioreq.o
                0x0000000008006a44                USBD_CtlSendData
 .text.USBD_CtlContinueSendData
                0x0000000008006a7c       0x24 Middlewares/ST/STM32_USB_Device_Library/Core/Src/usbd_ioreq.o
                0x0000000008006a7c                USBD_CtlContinueSendData
 .text.USBD_CtlPrepareRx
                0x0000000008006aa0       0x3c Middlewares/ST/STM32_USB_Device_Library/Core/Src/usbd_ioreq.o
                0x0000000008006aa0                USBD_CtlPrepareRx
 .text.USBD_CtlContinueRx
                0x0000000008006adc       0x24 Middlewares/ST/STM32_USB_Device_Library/Core/Src/usbd_ioreq.o
                0x0000000008006adc                USBD_CtlContinueRx
 .text.USBD_CtlSendStatus
                0x0000000008006b00       0x26 Middlewares/ST/STM32_USB_Device_Library/Core/Src/usbd_ioreq.o
                0x0000000008006b00                USBD_CtlSendStatus
 .text.USBD_CtlReceiveStatus
                0x0000000008006b26       0x26 Middlewares/ST/STM32_USB_Device_Library/Core/Src/usbd_ioreq.o
                0x0000000008006b26                USBD_CtlReceiveStatus
 .text.MX_USB_DEVICE_Init
                0x0000000008006b4c       0x60 USB_DEVICE/App/usb_device.o
                0x0000000008006b4c                MX_USB_DEVICE_Init
 .text.CDC_Init_FS
                0x0000000008006bac       0x28 USB_DEVICE/App/usbd_cdc_if.o
 .text.CDC_DeInit_FS
                0x0000000008006bd4       0x10 USB_DEVICE/App/usbd_cdc_if.o
 .text.CDC_Control_FS
                0x0000000008006be4       0xbc USB_DEVICE/App/usbd_cdc_if.o
 .text.CDC_Receive_FS
                0x0000000008006ca0       0x28 USB_DEVICE/App/usbd_cdc_if.o
 .text.USBD_FS_DeviceDescriptor
                0x0000000008006cc8       0x24 USB_DEVICE/App/usbd_desc.o
                0x0000000008006cc8                USBD_FS_DeviceDescriptor
 .text.USBD_FS_LangIDStrDescriptor
                0x0000000008006cec       0x24 USB_DEVICE/App/usbd_desc.o
                0x0000000008006cec                USBD_FS_LangIDStrDescriptor
 .text.USBD_FS_ProductStrDescriptor
                0x0000000008006d10       0x3c USB_DEVICE/App/usbd_desc.o
                0x0000000008006d10                USBD_FS_ProductStrDescriptor
 .text.USBD_FS_ManufacturerStrDescriptor
                0x0000000008006d4c       0x28 USB_DEVICE/App/usbd_desc.o
                0x0000000008006d4c                USBD_FS_ManufacturerStrDescriptor
 .text.USBD_FS_SerialStrDescriptor
                0x0000000008006d74       0x24 USB_DEVICE/App/usbd_desc.o
                0x0000000008006d74                USBD_FS_SerialStrDescriptor
 .text.USBD_FS_ConfigStrDescriptor
                0x0000000008006d98       0x3c USB_DEVICE/App/usbd_desc.o
                0x0000000008006d98                USBD_FS_ConfigStrDescriptor
 .text.USBD_FS_InterfaceStrDescriptor
                0x0000000008006dd4       0x3c USB_DEVICE/App/usbd_desc.o
                0x0000000008006dd4                USBD_FS_InterfaceStrDescriptor
 .text.USBD_FS_USR_BOSDescriptor
                0x0000000008006e10       0x24 USB_DEVICE/App/usbd_desc.o
                0x0000000008006e10                USBD_FS_USR_BOSDescriptor
 .text.Get_SerialNum
                0x0000000008006e34       0x58 USB_DEVICE/App/usbd_desc.o
 .text.IntToUnicode
                0x0000000008006e8c       0x7c USB_DEVICE/App/usbd_desc.o
 .text.HAL_PCD_MspInit
                0x0000000008006f08       0x98 USB_DEVICE/Target/usbd_conf.o
                0x0000000008006f08                HAL_PCD_MspInit
 .text.HAL_PCD_SetupStageCallback
                0x0000000008006fa0       0x24 USB_DEVICE/Target/usbd_conf.o
                0x0000000008006fa0                HAL_PCD_SetupStageCallback
 .text.HAL_PCD_DataOutStageCallback
                0x0000000008006fc4       0x30 USB_DEVICE/Target/usbd_conf.o
                0x0000000008006fc4                HAL_PCD_DataOutStageCallback
 .text.HAL_PCD_DataInStageCallback
                0x0000000008006ff4       0x2e USB_DEVICE/Target/usbd_conf.o
                0x0000000008006ff4                HAL_PCD_DataInStageCallback
 .text.HAL_PCD_SOFCallback
                0x0000000008007022       0x1c USB_DEVICE/Target/usbd_conf.o
                0x0000000008007022                HAL_PCD_SOFCallback
 .text.HAL_PCD_ResetCallback
                0x000000000800703e       0x3c USB_DEVICE/Target/usbd_conf.o
                0x000000000800703e                HAL_PCD_ResetCallback
 *fill*         0x000000000800707a        0x2 
 .text.HAL_PCD_SuspendCallback
                0x000000000800707c       0x34 USB_DEVICE/Target/usbd_conf.o
                0x000000000800707c                HAL_PCD_SuspendCallback
 .text.HAL_PCD_ResumeCallback
                0x00000000080070b0       0x38 USB_DEVICE/Target/usbd_conf.o
                0x00000000080070b0                HAL_PCD_ResumeCallback
 .text.USBD_LL_Init
                0x00000000080070e8       0xc4 USB_DEVICE/Target/usbd_conf.o
                0x00000000080070e8                USBD_LL_Init
 .text.USBD_LL_Start
                0x00000000080071ac       0x64 USB_DEVICE/Target/usbd_conf.o
                0x00000000080071ac                USBD_LL_Start
 .text.USBD_LL_OpenEP
                0x0000000008007210       0x7c USB_DEVICE/Target/usbd_conf.o
                0x0000000008007210                USBD_LL_OpenEP
 .text.USBD_LL_CloseEP
                0x000000000800728c       0x6c USB_DEVICE/Target/usbd_conf.o
                0x000000000800728c                USBD_LL_CloseEP
 .text.USBD_LL_StallEP
                0x00000000080072f8       0x6c USB_DEVICE/Target/usbd_conf.o
                0x00000000080072f8                USBD_LL_StallEP
 .text.USBD_LL_ClearStallEP
                0x0000000008007364       0x6c USB_DEVICE/Target/usbd_conf.o
                0x0000000008007364                USBD_LL_ClearStallEP
 .text.USBD_LL_IsStallEP
                0x00000000080073d0       0x4c USB_DEVICE/Target/usbd_conf.o
                0x00000000080073d0                USBD_LL_IsStallEP
 .text.USBD_LL_SetUSBAddress
                0x000000000800741c       0x6c USB_DEVICE/Target/usbd_conf.o
                0x000000000800741c                USBD_LL_SetUSBAddress
 .text.USBD_LL_Transmit
                0x0000000008007488       0x74 USB_DEVICE/Target/usbd_conf.o
                0x0000000008007488                USBD_LL_Transmit
 .text.USBD_LL_PrepareReceive
                0x00000000080074fc       0x74 USB_DEVICE/Target/usbd_conf.o
                0x00000000080074fc                USBD_LL_PrepareReceive
 .text.USBD_LL_GetRxDataSize
                0x0000000008007570       0x26 USB_DEVICE/Target/usbd_conf.o
                0x0000000008007570                USBD_LL_GetRxDataSize
 *fill*         0x0000000008007596        0x2 
 .text.HAL_PCDEx_LPM_Callback
                0x0000000008007598       0x6c USB_DEVICE/Target/usbd_conf.o
                0x0000000008007598                HAL_PCDEx_LPM_Callback
 .text.USBD_static_malloc
                0x0000000008007604       0x1c USB_DEVICE/Target/usbd_conf.o
                0x0000000008007604                USBD_static_malloc
 .text.USBD_static_free
                0x0000000008007620       0x14 USB_DEVICE/Target/usbd_conf.o
                0x0000000008007620                USBD_static_free
 .text.SystemClockConfig_Resume
                0x0000000008007634        0xc USB_DEVICE/Target/usbd_conf.o
 .text.__libc_init_array
                0x0000000008007640       0x48 c:/st/stm32cubeide_1.3.0/stm32cubeide/plugins/com.st.stm32cube.ide.mcu.externaltools.gnu-tools-for-stm32.7-2018-q2-update.win32_1.0.0.201904181610/tools/bin/../lib/gcc/arm-none-eabi/7.3.1/../../../../arm-none-eabi/lib/thumb/v7e-m/fpv4-sp/hard\libc_nano.a(lib_a-init.o)
                0x0000000008007640                __libc_init_array
 .text.memset   0x0000000008007688       0x10 c:/st/stm32cubeide_1.3.0/stm32cubeide/plugins/com.st.stm32cube.ide.mcu.externaltools.gnu-tools-for-stm32.7-2018-q2-update.win32_1.0.0.201904181610/tools/bin/../lib/gcc/arm-none-eabi/7.3.1/../../../../arm-none-eabi/lib/thumb/v7e-m/fpv4-sp/hard\libc_nano.a(lib_a-memset.o)
                0x0000000008007688                memset
 *(.glue_7)
 .glue_7        0x0000000008007698        0x0 linker stubs
 *(.glue_7t)
 .glue_7t       0x0000000008007698        0x0 linker stubs
 *(.eh_frame)
 .eh_frame      0x0000000008007698        0x0 c:/st/stm32cubeide_1.3.0/stm32cubeide/plugins/com.st.stm32cube.ide.mcu.externaltools.gnu-tools-for-stm32.7-2018-q2-update.win32_1.0.0.201904181610/tools/bin/../lib/gcc/arm-none-eabi/7.3.1/thumb/v7e-m/fpv4-sp/hard/crtbegin.o
 *(.init)
 .init          0x0000000008007698        0x4 c:/st/stm32cubeide_1.3.0/stm32cubeide/plugins/com.st.stm32cube.ide.mcu.externaltools.gnu-tools-for-stm32.7-2018-q2-update.win32_1.0.0.201904181610/tools/bin/../lib/gcc/arm-none-eabi/7.3.1/thumb/v7e-m/fpv4-sp/hard/crti.o
                0x0000000008007698                _init
 .init          0x000000000800769c        0x8 c:/st/stm32cubeide_1.3.0/stm32cubeide/plugins/com.st.stm32cube.ide.mcu.externaltools.gnu-tools-for-stm32.7-2018-q2-update.win32_1.0.0.201904181610/tools/bin/../lib/gcc/arm-none-eabi/7.3.1/thumb/v7e-m/fpv4-sp/hard/crtn.o
 *(.fini)
 .fini          0x00000000080076a4        0x4 c:/st/stm32cubeide_1.3.0/stm32cubeide/plugins/com.st.stm32cube.ide.mcu.externaltools.gnu-tools-for-stm32.7-2018-q2-update.win32_1.0.0.201904181610/tools/bin/../lib/gcc/arm-none-eabi/7.3.1/thumb/v7e-m/fpv4-sp/hard/crti.o
                0x00000000080076a4                _fini
 .fini          0x00000000080076a8        0x8 c:/st/stm32cubeide_1.3.0/stm32cubeide/plugins/com.st.stm32cube.ide.mcu.externaltools.gnu-tools-for-stm32.7-2018-q2-update.win32_1.0.0.201904181610/tools/bin/../lib/gcc/arm-none-eabi/7.3.1/thumb/v7e-m/fpv4-sp/hard/crtn.o
                0x00000000080076b0                . = ALIGN (0x4)
                0x00000000080076b0                _etext = .

.vfp11_veneer   0x00000000080076b0        0x0
 .vfp11_veneer  0x00000000080076b0        0x0 linker stubs

.v4_bx          0x00000000080076b0        0x0
 .v4_bx         0x00000000080076b0        0x0 linker stubs

.iplt           0x00000000080076b0        0x0
 .iplt          0x00000000080076b0        0x0 c:/st/stm32cubeide_1.3.0/stm32cubeide/plugins/com.st.stm32cube.ide.mcu.externaltools.gnu-tools-for-stm32.7-2018-q2-update.win32_1.0.0.201904181610/tools/bin/../lib/gcc/arm-none-eabi/7.3.1/thumb/v7e-m/fpv4-sp/hard/crtbegin.o

.rodata         0x00000000080076b0       0x90
                0x00000000080076b0                . = ALIGN (0x4)
 *(.rodata)
 .rodata        0x00000000080076b0       0x46 USB_DEVICE/App/usbd_desc.o
 *(.rodata*)
 *fill*         0x00000000080076f6        0x2 
 .rodata.AHBPrescTable
                0x00000000080076f8       0x10 Core/Src/system_stm32l4xx.o
                0x00000000080076f8                AHBPrescTable
 .rodata.APBPrescTable
                0x0000000008007708        0x8 Core/Src/system_stm32l4xx.o
                0x0000000008007708                APBPrescTable
 .rodata.MSIRangeTable
                0x0000000008007710       0x30 Core/Src/system_stm32l4xx.o
                0x0000000008007710                MSIRangeTable
                0x0000000008007740                . = ALIGN (0x4)

.ARM.extab      0x0000000008007740        0x0
                0x0000000008007740                . = ALIGN (0x4)
 *(.ARM.extab* .gnu.linkonce.armextab.*)
                0x0000000008007740                . = ALIGN (0x4)

.ARM            0x0000000008007740        0x8
                0x0000000008007740                . = ALIGN (0x4)
                0x0000000008007740                __exidx_start = .
 *(.ARM.exidx*)
 .ARM.exidx     0x0000000008007740        0x8 c:/st/stm32cubeide_1.3.0/stm32cubeide/plugins/com.st.stm32cube.ide.mcu.externaltools.gnu-tools-for-stm32.7-2018-q2-update.win32_1.0.0.201904181610/tools/bin/../lib/gcc/arm-none-eabi/7.3.1/thumb/v7e-m/fpv4-sp/hard\libgcc.a(_udivmoddi4.o)
                0x0000000008007748                __exidx_end = .
                0x0000000008007748                . = ALIGN (0x4)

.rel.dyn        0x0000000008007748        0x0
 .rel.iplt      0x0000000008007748        0x0 c:/st/stm32cubeide_1.3.0/stm32cubeide/plugins/com.st.stm32cube.ide.mcu.externaltools.gnu-tools-for-stm32.7-2018-q2-update.win32_1.0.0.201904181610/tools/bin/../lib/gcc/arm-none-eabi/7.3.1/thumb/v7e-m/fpv4-sp/hard/crtbegin.o

.preinit_array  0x0000000008007748        0x0
                0x0000000008007748                . = ALIGN (0x4)
                0x0000000008007748                PROVIDE (__preinit_array_start = .)
 *(.preinit_array*)
                0x0000000008007748                PROVIDE (__preinit_array_end = .)
                0x0000000008007748                . = ALIGN (0x4)

.init_array     0x0000000008007748        0x8
                0x0000000008007748                . = ALIGN (0x4)
                0x0000000008007748                PROVIDE (__init_array_start = .)
 *(SORT_BY_NAME(.init_array.*))
 *(.init_array*)
 .init_array    0x0000000008007748        0x4 c:/st/stm32cubeide_1.3.0/stm32cubeide/plugins/com.st.stm32cube.ide.mcu.externaltools.gnu-tools-for-stm32.7-2018-q2-update.win32_1.0.0.201904181610/tools/bin/../lib/gcc/arm-none-eabi/7.3.1/thumb/v7e-m/fpv4-sp/hard/crtbegin.o
 .init_array    0x000000000800774c        0x4 Core/Src/AppMain/AppMain.o
                0x0000000008007750                PROVIDE (__init_array_end = .)
                0x0000000008007750                . = ALIGN (0x4)

.fini_array     0x0000000008007750        0x4
                0x0000000008007750                . = ALIGN (0x4)
                [!provide]                        PROVIDE (__fini_array_start = .)
 *(SORT_BY_NAME(.fini_array.*))
 *(.fini_array*)
 .fini_array    0x0000000008007750        0x4 c:/st/stm32cubeide_1.3.0/stm32cubeide/plugins/com.st.stm32cube.ide.mcu.externaltools.gnu-tools-for-stm32.7-2018-q2-update.win32_1.0.0.201904181610/tools/bin/../lib/gcc/arm-none-eabi/7.3.1/thumb/v7e-m/fpv4-sp/hard/crtbegin.o
                [!provide]                        PROVIDE (__fini_array_end = .)
                0x0000000008007754                . = ALIGN (0x4)
                0x0000000008007754                _sidata = LOADADDR (.data)

.data           0x0000000020000000      0x18c load address 0x0000000008007754
                0x0000000020000000                . = ALIGN (0x4)
                0x0000000020000000                _sdata = .
 *(.data)
 *(.data*)
 .data.SystemCoreClock
                0x0000000020000000        0x4 Core/Src/system_stm32l4xx.o
                0x0000000020000000                SystemCoreClock
 .data.uwTickPrio
                0x0000000020000004        0x4 Drivers/STM32L4xx_HAL_Driver/Src/stm32l4xx_hal.o
                0x0000000020000004                uwTickPrio
 .data.uwTickFreq
                0x0000000020000008        0x4 Drivers/STM32L4xx_HAL_Driver/Src/stm32l4xx_hal.o
                0x0000000020000008                uwTickFreq
 .data.USBD_CDC_DeviceQualifierDesc
                0x000000002000000c        0xa Middlewares/ST/STM32_USB_Device_Library/Class/CDC/Src/usbd_cdc.o
 *fill*         0x0000000020000016        0x2 
 .data.USBD_CDC
                0x0000000020000018       0x38 Middlewares/ST/STM32_USB_Device_Library/Class/CDC/Src/usbd_cdc.o
                0x0000000020000018                USBD_CDC
 .data.USBD_CDC_CfgHSDesc
                0x0000000020000050       0x43 Middlewares/ST/STM32_USB_Device_Library/Class/CDC/Src/usbd_cdc.o
                0x0000000020000050                USBD_CDC_CfgHSDesc
 *fill*         0x0000000020000093        0x1 
 .data.USBD_CDC_CfgFSDesc
                0x0000000020000094       0x43 Middlewares/ST/STM32_USB_Device_Library/Class/CDC/Src/usbd_cdc.o
                0x0000000020000094                USBD_CDC_CfgFSDesc
 *fill*         0x00000000200000d7        0x1 
 .data.USBD_CDC_OtherSpeedCfgDesc
                0x00000000200000d8       0x43 Middlewares/ST/STM32_USB_Device_Library/Class/CDC/Src/usbd_cdc.o
                0x00000000200000d8                USBD_CDC_OtherSpeedCfgDesc
 *fill*         0x000000002000011b        0x1 
 .data.USBD_Interface_fops_FS
                0x000000002000011c       0x10 USB_DEVICE/App/usbd_cdc_if.o
                0x000000002000011c                USBD_Interface_fops_FS
 .data.FS_Desc  0x000000002000012c       0x20 USB_DEVICE/App/usbd_desc.o
                0x000000002000012c                FS_Desc
 .data.USBD_FS_DeviceDesc
                0x000000002000014c       0x12 USB_DEVICE/App/usbd_desc.o
                0x000000002000014c                USBD_FS_DeviceDesc
 *fill*         0x000000002000015e        0x2 
 .data.USBD_FS_BOSDesc
                0x0000000020000160        0xc USB_DEVICE/App/usbd_desc.o
                0x0000000020000160                USBD_FS_BOSDesc
 .data.USBD_LangIDDesc
                0x000000002000016c        0x4 USB_DEVICE/App/usbd_desc.o
                0x000000002000016c                USBD_LangIDDesc
 .data.USBD_StringSerial
                0x0000000020000170       0x1a USB_DEVICE/App/usbd_desc.o
                0x0000000020000170                USBD_StringSerial
                0x000000002000018c                . = ALIGN (0x4)
 *fill*         0x000000002000018a        0x2 
                0x000000002000018c                _edata = .

.igot.plt       0x000000002000018c        0x0 load address 0x00000000080078e0
 .igot.plt      0x000000002000018c        0x0 c:/st/stm32cubeide_1.3.0/stm32cubeide/plugins/com.st.stm32cube.ide.mcu.externaltools.gnu-tools-for-stm32.7-2018-q2-update.win32_1.0.0.201904181610/tools/bin/../lib/gcc/arm-none-eabi/7.3.1/thumb/v7e-m/fpv4-sp/hard/crtbegin.o
                0x000000002000018c                . = ALIGN (0x4)

.bss            0x000000002000018c     0x13d0 load address 0x00000000080078e0
                0x000000002000018c                _sbss = .
                0x000000002000018c                __bss_start__ = _sbss
 *(.bss)
 .bss           0x000000002000018c       0x1c c:/st/stm32cubeide_1.3.0/stm32cubeide/plugins/com.st.stm32cube.ide.mcu.externaltools.gnu-tools-for-stm32.7-2018-q2-update.win32_1.0.0.201904181610/tools/bin/../lib/gcc/arm-none-eabi/7.3.1/thumb/v7e-m/fpv4-sp/hard/crtbegin.o
 *(.bss*)
 .bss._ZL5model
                0x00000000200001a8       0xa8 Core/Src/AppMain/AppMain.o
 .bss._ZL3gps   0x0000000020000250       0xac Core/Src/AppMain/AppMain.o
 .bss.cfgidx.10256
                0x00000000200002fc        0x1 Middlewares/ST/STM32_USB_Device_Library/Core/Src/usbd_ctlreq.o
 *fill*         0x00000000200002fd        0x3 
 .bss.mem.10399
                0x0000000020000300      0x220 USB_DEVICE/Target/usbd_conf.o
 *(COMMON)
 COMMON         0x0000000020000520       0x4c Core/Src/i2c.o
                0x0000000020000520                hi2c1
 COMMON         0x000000002000056c       0x64 Core/Src/spi.o
                0x000000002000056c                hspi1
 COMMON         0x00000000200005d0       0x80 Core/Src/usart.o
                0x00000000200005d0                huart2
 COMMON         0x0000000020000650        0x4 Drivers/STM32L4xx_HAL_Driver/Src/stm32l4xx_hal.o
                0x0000000020000650                uwTick
 COMMON         0x0000000020000654      0x2c4 USB_DEVICE/App/usb_device.o
                0x0000000020000654                hUsbDeviceFS
 COMMON         0x0000000020000918      0x7d0 USB_DEVICE/App/usbd_cdc_if.o
                0x0000000020000918                UserRxBufferFS
                0x0000000020000d00                UserTxBufferFS
 COMMON         0x00000000200010e8      0x200 USB_DEVICE/App/usbd_desc.o
                0x00000000200010e8                USBD_StrDesc
 COMMON         0x00000000200012e8      0x274 USB_DEVICE/Target/usbd_conf.o
                0x00000000200012e8                hpcd_USB_FS
                0x000000002000155c                . = ALIGN (0x4)
                0x000000002000155c                _ebss = .
                0x000000002000155c                __bss_end__ = _ebss

._user_heap_stack
                0x000000002000155c      0x604 load address 0x00000000080078e0
                0x0000000020001560                . = ALIGN (0x8)
 *fill*         0x000000002000155c        0x4 
                0x0000000020001560                PROVIDE (end = .)
                [!provide]                        PROVIDE (_end = .)
                0x0000000020001760                . = (. + _Min_Heap_Size)
 *fill*         0x0000000020001560      0x200 
                0x0000000020001b60                . = (. + _Min_Stack_Size)
 *fill*         0x0000000020001760      0x400 
                0x0000000020001b60                . = ALIGN (0x8)

/DISCARD/
 libc.a(*)
 libm.a(*)
 libgcc.a(*)

.ARM.attributes
                0x0000000000000000       0x30
 *(.ARM.attributes)
 .ARM.attributes
                0x0000000000000000       0x22 c:/st/stm32cubeide_1.3.0/stm32cubeide/plugins/com.st.stm32cube.ide.mcu.externaltools.gnu-tools-for-stm32.7-2018-q2-update.win32_1.0.0.201904181610/tools/bin/../lib/gcc/arm-none-eabi/7.3.1/thumb/v7e-m/fpv4-sp/hard/crti.o
 .ARM.attributes
                0x0000000000000022       0x34 c:/st/stm32cubeide_1.3.0/stm32cubeide/plugins/com.st.stm32cube.ide.mcu.externaltools.gnu-tools-for-stm32.7-2018-q2-update.win32_1.0.0.201904181610/tools/bin/../lib/gcc/arm-none-eabi/7.3.1/thumb/v7e-m/fpv4-sp/hard/crtbegin.o
 .ARM.attributes
                0x0000000000000056       0x39 Core/Src/AppMain/AppMain.o
 .ARM.attributes
                0x000000000000008f       0x39 Core/Src/GPS/GPS.o
 .ARM.attributes
                0x00000000000000c8       0x39 Core/Src/Model/Model.o
 .ARM.attributes
                0x0000000000000101       0x39 Core/Src/gpio.o
 .ARM.attributes
                0x000000000000013a       0x39 Core/Src/i2c.o
 .ARM.attributes
                0x0000000000000173       0x39 Core/Src/main.o
 .ARM.attributes
                0x00000000000001ac       0x39 Core/Src/spi.o
 .ARM.attributes
                0x00000000000001e5       0x39 Core/Src/stm32l4xx_hal_msp.o
 .ARM.attributes
                0x000000000000021e       0x39 Core/Src/stm32l4xx_it.o
 .ARM.attributes
                0x0000000000000257       0x39 Core/Src/system_stm32l4xx.o
 .ARM.attributes
                0x0000000000000290       0x39 Core/Src/usart.o
 .ARM.attributes
                0x00000000000002c9       0x21 Core/Startup/startup_stm32l412k8tx.o
 .ARM.attributes
                0x00000000000002ea       0x39 Drivers/STM32L4xx_HAL_Driver/Src/stm32l4xx_hal.o
 .ARM.attributes
                0x0000000000000323       0x39 Drivers/STM32L4xx_HAL_Driver/Src/stm32l4xx_hal_cortex.o
 .ARM.attributes
                0x000000000000035c       0x39 Drivers/STM32L4xx_HAL_Driver/Src/stm32l4xx_hal_gpio.o
 .ARM.attributes
                0x0000000000000395       0x39 Drivers/STM32L4xx_HAL_Driver/Src/stm32l4xx_hal_i2c.o
 .ARM.attributes
                0x00000000000003ce       0x39 Drivers/STM32L4xx_HAL_Driver/Src/stm32l4xx_hal_i2c_ex.o
 .ARM.attributes
                0x0000000000000407       0x39 Drivers/STM32L4xx_HAL_Driver/Src/stm32l4xx_hal_pcd.o
 .ARM.attributes
                0x0000000000000440       0x39 Drivers/STM32L4xx_HAL_Driver/Src/stm32l4xx_hal_pcd_ex.o
 .ARM.attributes
                0x0000000000000479       0x39 Drivers/STM32L4xx_HAL_Driver/Src/stm32l4xx_hal_pwr_ex.o
 .ARM.attributes
                0x00000000000004b2       0x39 Drivers/STM32L4xx_HAL_Driver/Src/stm32l4xx_hal_rcc.o
 .ARM.attributes
                0x00000000000004eb       0x39 Drivers/STM32L4xx_HAL_Driver/Src/stm32l4xx_hal_rcc_ex.o
 .ARM.attributes
                0x0000000000000524       0x39 Drivers/STM32L4xx_HAL_Driver/Src/stm32l4xx_hal_spi.o
 .ARM.attributes
                0x000000000000055d       0x39 Drivers/STM32L4xx_HAL_Driver/Src/stm32l4xx_hal_uart.o
 .ARM.attributes
                0x0000000000000596       0x39 Drivers/STM32L4xx_HAL_Driver/Src/stm32l4xx_ll_usb.o
 .ARM.attributes
                0x00000000000005cf       0x39 Middlewares/ST/STM32_USB_Device_Library/Class/CDC/Src/usbd_cdc.o
 .ARM.attributes
                0x0000000000000608       0x39 Middlewares/ST/STM32_USB_Device_Library/Core/Src/usbd_core.o
 .ARM.attributes
                0x0000000000000641       0x39 Middlewares/ST/STM32_USB_Device_Library/Core/Src/usbd_ctlreq.o
 .ARM.attributes
                0x000000000000067a       0x39 Middlewares/ST/STM32_USB_Device_Library/Core/Src/usbd_ioreq.o
 .ARM.attributes
                0x00000000000006b3       0x39 USB_DEVICE/App/usb_device.o
 .ARM.attributes
                0x00000000000006ec       0x39 USB_DEVICE/App/usbd_cdc_if.o
 .ARM.attributes
                0x0000000000000725       0x39 USB_DEVICE/App/usbd_desc.o
 .ARM.attributes
                0x000000000000075e       0x39 USB_DEVICE/Target/usbd_conf.o
 .ARM.attributes
                0x0000000000000797       0x34 c:/st/stm32cubeide_1.3.0/stm32cubeide/plugins/com.st.stm32cube.ide.mcu.externaltools.gnu-tools-for-stm32.7-2018-q2-update.win32_1.0.0.201904181610/tools/bin/../lib/gcc/arm-none-eabi/7.3.1/../../../../arm-none-eabi/lib/thumb/v7e-m/fpv4-sp/hard\libc_nano.a(lib_a-init.o)
 .ARM.attributes
                0x00000000000007cb       0x34 c:/st/stm32cubeide_1.3.0/stm32cubeide/plugins/com.st.stm32cube.ide.mcu.externaltools.gnu-tools-for-stm32.7-2018-q2-update.win32_1.0.0.201904181610/tools/bin/../lib/gcc/arm-none-eabi/7.3.1/../../../../arm-none-eabi/lib/thumb/v7e-m/fpv4-sp/hard\libc_nano.a(lib_a-memset.o)
 .ARM.attributes
                0x00000000000007ff       0x22 c:/st/stm32cubeide_1.3.0/stm32cubeide/plugins/com.st.stm32cube.ide.mcu.externaltools.gnu-tools-for-stm32.7-2018-q2-update.win32_1.0.0.201904181610/tools/bin/../lib/gcc/arm-none-eabi/7.3.1/thumb/v7e-m/fpv4-sp/hard\libgcc.a(_aeabi_uldivmod.o)
 .ARM.attributes
                0x0000000000000821       0x34 c:/st/stm32cubeide_1.3.0/stm32cubeide/plugins/com.st.stm32cube.ide.mcu.externaltools.gnu-tools-for-stm32.7-2018-q2-update.win32_1.0.0.201904181610/tools/bin/../lib/gcc/arm-none-eabi/7.3.1/thumb/v7e-m/fpv4-sp/hard\libgcc.a(_udivmoddi4.o)
 .ARM.attributes
                0x0000000000000855       0x22 c:/st/stm32cubeide_1.3.0/stm32cubeide/plugins/com.st.stm32cube.ide.mcu.externaltools.gnu-tools-for-stm32.7-2018-q2-update.win32_1.0.0.201904181610/tools/bin/../lib/gcc/arm-none-eabi/7.3.1/thumb/v7e-m/fpv4-sp/hard\libgcc.a(_dvmd_tls.o)
 .ARM.attributes
                0x0000000000000877       0x22 c:/st/stm32cubeide_1.3.0/stm32cubeide/plugins/com.st.stm32cube.ide.mcu.externaltools.gnu-tools-for-stm32.7-2018-q2-update.win32_1.0.0.201904181610/tools/bin/../lib/gcc/arm-none-eabi/7.3.1/thumb/v7e-m/fpv4-sp/hard/crtn.o
OUTPUT(Heissluftballon.elf elf32-littlearm)

.debug_info     0x0000000000000000    0x1fdd8
 .debug_info    0x0000000000000000     0x1413 Core/Src/AppMain/AppMain.o
 .debug_info    0x0000000000001413     0x1497 Core/Src/GPS/GPS.o
 .debug_info    0x00000000000028aa      0xf73 Core/Src/Model/Model.o
 .debug_info    0x000000000000381d      0x62c Core/Src/gpio.o
 .debug_info    0x0000000000003e49      0xb34 Core/Src/i2c.o
 .debug_info    0x000000000000497d     0x176e Core/Src/main.o
 .debug_info    0x00000000000060eb      0xae5 Core/Src/spi.o
 .debug_info    0x0000000000006bd0      0x4d5 Core/Src/stm32l4xx_hal_msp.o
 .debug_info    0x00000000000070a5      0x7c3 Core/Src/stm32l4xx_it.o
 .debug_info    0x0000000000007868      0x703 Core/Src/system_stm32l4xx.o
 .debug_info    0x0000000000007f6b      0xb7a Core/Src/usart.o
 .debug_info    0x0000000000008ae5       0x22 Core/Startup/startup_stm32l412k8tx.o
 .debug_info    0x0000000000008b07      0xa77 Drivers/STM32L4xx_HAL_Driver/Src/stm32l4xx_hal.o
 .debug_info    0x000000000000957e      0xea6 Drivers/STM32L4xx_HAL_Driver/Src/stm32l4xx_hal_cortex.o
 .debug_info    0x000000000000a424      0x982 Drivers/STM32L4xx_HAL_Driver/Src/stm32l4xx_hal_gpio.o
 .debug_info    0x000000000000ada6     0x20dc Drivers/STM32L4xx_HAL_Driver/Src/stm32l4xx_hal_i2c.o
 .debug_info    0x000000000000ce82      0xb4e Drivers/STM32L4xx_HAL_Driver/Src/stm32l4xx_hal_i2c_ex.o
 .debug_info    0x000000000000d9d0      0xf94 Drivers/STM32L4xx_HAL_Driver/Src/stm32l4xx_hal_pcd.o
 .debug_info    0x000000000000e964      0x9aa Drivers/STM32L4xx_HAL_Driver/Src/stm32l4xx_hal_pcd_ex.o
 .debug_info    0x000000000000f30e      0xaf2 Drivers/STM32L4xx_HAL_Driver/Src/stm32l4xx_hal_pwr_ex.o
 .debug_info    0x000000000000fe00      0xcca Drivers/STM32L4xx_HAL_Driver/Src/stm32l4xx_hal_rcc.o
 .debug_info    0x0000000000010aca      0xde6 Drivers/STM32L4xx_HAL_Driver/Src/stm32l4xx_hal_rcc_ex.o
 .debug_info    0x00000000000118b0     0x1702 Drivers/STM32L4xx_HAL_Driver/Src/stm32l4xx_hal_spi.o
 .debug_info    0x0000000000012fb2     0x181b Drivers/STM32L4xx_HAL_Driver/Src/stm32l4xx_hal_uart.o
 .debug_info    0x00000000000147cd     0x164b Drivers/STM32L4xx_HAL_Driver/Src/stm32l4xx_ll_usb.o
 .debug_info    0x0000000000015e18     0x18df Middlewares/ST/STM32_USB_Device_Library/Class/CDC/Src/usbd_cdc.o
 .debug_info    0x00000000000176f7     0x12ec Middlewares/ST/STM32_USB_Device_Library/Core/Src/usbd_core.o
 .debug_info    0x00000000000189e3     0x125c Middlewares/ST/STM32_USB_Device_Library/Core/Src/usbd_ctlreq.o
 .debug_info    0x0000000000019c3f     0x104d Middlewares/ST/STM32_USB_Device_Library/Core/Src/usbd_ioreq.o
 .debug_info    0x000000000001ac8c      0xf95 USB_DEVICE/App/usb_device.o
 .debug_info    0x000000000001bc21     0x1150 USB_DEVICE/App/usbd_cdc_if.o
 .debug_info    0x000000000001cd71      0xe95 USB_DEVICE/App/usbd_desc.o
 .debug_info    0x000000000001dc06     0x21d2 USB_DEVICE/Target/usbd_conf.o

.debug_abbrev   0x0000000000000000     0x4208
 .debug_abbrev  0x0000000000000000      0x2c4 Core/Src/AppMain/AppMain.o
 .debug_abbrev  0x00000000000002c4      0x2ec Core/Src/GPS/GPS.o
 .debug_abbrev  0x00000000000005b0      0x2ba Core/Src/Model/Model.o
 .debug_abbrev  0x000000000000086a      0x134 Core/Src/gpio.o
 .debug_abbrev  0x000000000000099e      0x1a4 Core/Src/i2c.o
 .debug_abbrev  0x0000000000000b42      0x1e5 Core/Src/main.o
 .debug_abbrev  0x0000000000000d27      0x199 Core/Src/spi.o
 .debug_abbrev  0x0000000000000ec0      0x125 Core/Src/stm32l4xx_hal_msp.o
 .debug_abbrev  0x0000000000000fe5      0x155 Core/Src/stm32l4xx_it.o
 .debug_abbrev  0x000000000000113a      0x150 Core/Src/system_stm32l4xx.o
 .debug_abbrev  0x000000000000128a      0x199 Core/Src/usart.o
 .debug_abbrev  0x0000000000001423       0x12 Core/Startup/startup_stm32l412k8tx.o
 .debug_abbrev  0x0000000000001435      0x1e1 Drivers/STM32L4xx_HAL_Driver/Src/stm32l4xx_hal.o
 .debug_abbrev  0x0000000000001616      0x2fa Drivers/STM32L4xx_HAL_Driver/Src/stm32l4xx_hal_cortex.o
 .debug_abbrev  0x0000000000001910      0x1c0 Drivers/STM32L4xx_HAL_Driver/Src/stm32l4xx_hal_gpio.o
 .debug_abbrev  0x0000000000001ad0      0x22a Drivers/STM32L4xx_HAL_Driver/Src/stm32l4xx_hal_i2c.o
 .debug_abbrev  0x0000000000001cfa      0x1b9 Drivers/STM32L4xx_HAL_Driver/Src/stm32l4xx_hal_i2c_ex.o
 .debug_abbrev  0x0000000000001eb3      0x263 Drivers/STM32L4xx_HAL_Driver/Src/stm32l4xx_hal_pcd.o
 .debug_abbrev  0x0000000000002116      0x1b1 Drivers/STM32L4xx_HAL_Driver/Src/stm32l4xx_hal_pcd_ex.o
 .debug_abbrev  0x00000000000022c7      0x1cb Drivers/STM32L4xx_HAL_Driver/Src/stm32l4xx_hal_pwr_ex.o
 .debug_abbrev  0x0000000000002492      0x250 Drivers/STM32L4xx_HAL_Driver/Src/stm32l4xx_hal_rcc.o
 .debug_abbrev  0x00000000000026e2      0x204 Drivers/STM32L4xx_HAL_Driver/Src/stm32l4xx_hal_rcc_ex.o
 .debug_abbrev  0x00000000000028e6      0x228 Drivers/STM32L4xx_HAL_Driver/Src/stm32l4xx_hal_spi.o
 .debug_abbrev  0x0000000000002b0e      0x205 Drivers/STM32L4xx_HAL_Driver/Src/stm32l4xx_hal_uart.o
 .debug_abbrev  0x0000000000002d13      0x1c5 Drivers/STM32L4xx_HAL_Driver/Src/stm32l4xx_ll_usb.o
 .debug_abbrev  0x0000000000002ed8      0x2b6 Middlewares/ST/STM32_USB_Device_Library/Class/CDC/Src/usbd_cdc.o
 .debug_abbrev  0x000000000000318e      0x270 Middlewares/ST/STM32_USB_Device_Library/Core/Src/usbd_core.o
 .debug_abbrev  0x00000000000033fe      0x2a0 Middlewares/ST/STM32_USB_Device_Library/Core/Src/usbd_ctlreq.o
 .debug_abbrev  0x000000000000369e      0x1e0 Middlewares/ST/STM32_USB_Device_Library/Core/Src/usbd_ioreq.o
 .debug_abbrev  0x000000000000387e      0x1be USB_DEVICE/App/usb_device.o
 .debug_abbrev  0x0000000000003a3c      0x285 USB_DEVICE/App/usbd_cdc_if.o
 .debug_abbrev  0x0000000000003cc1      0x265 USB_DEVICE/App/usbd_desc.o
 .debug_abbrev  0x0000000000003f26      0x2e2 USB_DEVICE/Target/usbd_conf.o

.debug_aranges  0x0000000000000000     0x14f8
 .debug_aranges
                0x0000000000000000       0x30 Core/Src/AppMain/AppMain.o
 .debug_aranges
                0x0000000000000030       0x38 Core/Src/GPS/GPS.o
 .debug_aranges
                0x0000000000000068       0x80 Core/Src/Model/Model.o
 .debug_aranges
                0x00000000000000e8       0x20 Core/Src/gpio.o
 .debug_aranges
                0x0000000000000108       0x30 Core/Src/i2c.o
 .debug_aranges
                0x0000000000000138       0x30 Core/Src/main.o
 .debug_aranges
                0x0000000000000168       0x30 Core/Src/spi.o
 .debug_aranges
                0x0000000000000198       0x20 Core/Src/stm32l4xx_hal_msp.o
 .debug_aranges
                0x00000000000001b8       0x68 Core/Src/stm32l4xx_it.o
 .debug_aranges
                0x0000000000000220       0x28 Core/Src/system_stm32l4xx.o
 .debug_aranges
                0x0000000000000248       0x30 Core/Src/usart.o
 .debug_aranges
                0x0000000000000278       0x28 Core/Startup/startup_stm32l412k8tx.o
 .debug_aranges
                0x00000000000002a0      0x108 Drivers/STM32L4xx_HAL_Driver/Src/stm32l4xx_hal.o
 .debug_aranges
                0x00000000000003a8      0x118 Drivers/STM32L4xx_HAL_Driver/Src/stm32l4xx_hal_cortex.o
 .debug_aranges
                0x00000000000004c0       0x58 Drivers/STM32L4xx_HAL_Driver/Src/stm32l4xx_hal_gpio.o
 .debug_aranges
                0x0000000000000518      0x290 Drivers/STM32L4xx_HAL_Driver/Src/stm32l4xx_hal_i2c.o
 .debug_aranges
                0x00000000000007a8       0x48 Drivers/STM32L4xx_HAL_Driver/Src/stm32l4xx_hal_i2c_ex.o
 .debug_aranges
                0x00000000000007f0      0x120 Drivers/STM32L4xx_HAL_Driver/Src/stm32l4xx_hal_pcd.o
 .debug_aranges
                0x0000000000000910       0x58 Drivers/STM32L4xx_HAL_Driver/Src/stm32l4xx_hal_pcd_ex.o
 .debug_aranges
                0x0000000000000968      0x148 Drivers/STM32L4xx_HAL_Driver/Src/stm32l4xx_hal_pwr_ex.o
 .debug_aranges
                0x0000000000000ab0       0x88 Drivers/STM32L4xx_HAL_Driver/Src/stm32l4xx_hal_rcc.o
 .debug_aranges
                0x0000000000000b38       0xd0 Drivers/STM32L4xx_HAL_Driver/Src/stm32l4xx_hal_rcc_ex.o
 .debug_aranges
                0x0000000000000c08      0x1d8 Drivers/STM32L4xx_HAL_Driver/Src/stm32l4xx_hal_spi.o
 .debug_aranges
                0x0000000000000de0      0x210 Drivers/STM32L4xx_HAL_Driver/Src/stm32l4xx_hal_uart.o
 .debug_aranges
                0x0000000000000ff0      0x108 Drivers/STM32L4xx_HAL_Driver/Src/stm32l4xx_ll_usb.o
 .debug_aranges
                0x00000000000010f8       0x90 Middlewares/ST/STM32_USB_Device_Library/Class/CDC/Src/usbd_cdc.o
 .debug_aranges
                0x0000000000001188       0xb8 Middlewares/ST/STM32_USB_Device_Library/Core/Src/usbd_core.o
 .debug_aranges
                0x0000000000001240       0x88 Middlewares/ST/STM32_USB_Device_Library/Core/Src/usbd_ctlreq.o
 .debug_aranges
                0x00000000000012c8       0x50 Middlewares/ST/STM32_USB_Device_Library/Core/Src/usbd_ioreq.o
 .debug_aranges
                0x0000000000001318       0x20 USB_DEVICE/App/usb_device.o
 .debug_aranges
                0x0000000000001338       0x40 USB_DEVICE/App/usbd_cdc_if.o
 .debug_aranges
                0x0000000000001378       0x68 USB_DEVICE/App/usbd_desc.o
 .debug_aranges
                0x00000000000013e0      0x118 USB_DEVICE/Target/usbd_conf.o

.debug_ranges   0x0000000000000000     0x12f0
 .debug_ranges  0x0000000000000000       0x20 Core/Src/AppMain/AppMain.o
 .debug_ranges  0x0000000000000020       0x28 Core/Src/GPS/GPS.o
 .debug_ranges  0x0000000000000048       0x70 Core/Src/Model/Model.o
 .debug_ranges  0x00000000000000b8       0x10 Core/Src/gpio.o
 .debug_ranges  0x00000000000000c8       0x20 Core/Src/i2c.o
 .debug_ranges  0x00000000000000e8       0x20 Core/Src/main.o
 .debug_ranges  0x0000000000000108       0x20 Core/Src/spi.o
 .debug_ranges  0x0000000000000128       0x10 Core/Src/stm32l4xx_hal_msp.o
 .debug_ranges  0x0000000000000138       0x58 Core/Src/stm32l4xx_it.o
 .debug_ranges  0x0000000000000190       0x18 Core/Src/system_stm32l4xx.o
 .debug_ranges  0x00000000000001a8       0x20 Core/Src/usart.o
 .debug_ranges  0x00000000000001c8       0x20 Core/Startup/startup_stm32l412k8tx.o
 .debug_ranges  0x00000000000001e8       0xf8 Drivers/STM32L4xx_HAL_Driver/Src/stm32l4xx_hal.o
 .debug_ranges  0x00000000000002e0      0x108 Drivers/STM32L4xx_HAL_Driver/Src/stm32l4xx_hal_cortex.o
 .debug_ranges  0x00000000000003e8       0x48 Drivers/STM32L4xx_HAL_Driver/Src/stm32l4xx_hal_gpio.o
 .debug_ranges  0x0000000000000430      0x280 Drivers/STM32L4xx_HAL_Driver/Src/stm32l4xx_hal_i2c.o
 .debug_ranges  0x00000000000006b0       0x38 Drivers/STM32L4xx_HAL_Driver/Src/stm32l4xx_hal_i2c_ex.o
 .debug_ranges  0x00000000000006e8      0x110 Drivers/STM32L4xx_HAL_Driver/Src/stm32l4xx_hal_pcd.o
 .debug_ranges  0x00000000000007f8       0x48 Drivers/STM32L4xx_HAL_Driver/Src/stm32l4xx_hal_pcd_ex.o
 .debug_ranges  0x0000000000000840      0x138 Drivers/STM32L4xx_HAL_Driver/Src/stm32l4xx_hal_pwr_ex.o
 .debug_ranges  0x0000000000000978       0x78 Drivers/STM32L4xx_HAL_Driver/Src/stm32l4xx_hal_rcc.o
 .debug_ranges  0x00000000000009f0       0xc0 Drivers/STM32L4xx_HAL_Driver/Src/stm32l4xx_hal_rcc_ex.o
 .debug_ranges  0x0000000000000ab0      0x1c8 Drivers/STM32L4xx_HAL_Driver/Src/stm32l4xx_hal_spi.o
 .debug_ranges  0x0000000000000c78      0x200 Drivers/STM32L4xx_HAL_Driver/Src/stm32l4xx_hal_uart.o
 .debug_ranges  0x0000000000000e78       0xf8 Drivers/STM32L4xx_HAL_Driver/Src/stm32l4xx_ll_usb.o
 .debug_ranges  0x0000000000000f70       0x80 Middlewares/ST/STM32_USB_Device_Library/Class/CDC/Src/usbd_cdc.o
 .debug_ranges  0x0000000000000ff0       0xa8 Middlewares/ST/STM32_USB_Device_Library/Core/Src/usbd_core.o
 .debug_ranges  0x0000000000001098       0x78 Middlewares/ST/STM32_USB_Device_Library/Core/Src/usbd_ctlreq.o
 .debug_ranges  0x0000000000001110       0x40 Middlewares/ST/STM32_USB_Device_Library/Core/Src/usbd_ioreq.o
 .debug_ranges  0x0000000000001150       0x10 USB_DEVICE/App/usb_device.o
 .debug_ranges  0x0000000000001160       0x30 USB_DEVICE/App/usbd_cdc_if.o
 .debug_ranges  0x0000000000001190       0x58 USB_DEVICE/App/usbd_desc.o
 .debug_ranges  0x00000000000011e8      0x108 USB_DEVICE/Target/usbd_conf.o

.debug_macro    0x0000000000000000    0x206ea
 .debug_macro   0x0000000000000000      0x319 Core/Src/AppMain/AppMain.o
 .debug_macro   0x0000000000000319      0xb2c Core/Src/AppMain/AppMain.o
 .debug_macro   0x0000000000000e45       0x10 Core/Src/AppMain/AppMain.o
 .debug_macro   0x0000000000000e55       0xc6 Core/Src/AppMain/AppMain.o
 .debug_macro   0x0000000000000f1b       0x2e Core/Src/AppMain/AppMain.o
 .debug_macro   0x0000000000000f49       0x28 Core/Src/AppMain/AppMain.o
 .debug_macro   0x0000000000000f71       0x1c Core/Src/AppMain/AppMain.o
 .debug_macro   0x0000000000000f8d       0x22 Core/Src/AppMain/AppMain.o
 .debug_macro   0x0000000000000faf       0x8e Core/Src/AppMain/AppMain.o
 .debug_macro   0x000000000000103d       0x51 Core/Src/AppMain/AppMain.o
 .debug_macro   0x000000000000108e       0xef Core/Src/AppMain/AppMain.o
 .debug_macro   0x000000000000117d       0x6a Core/Src/AppMain/AppMain.o
 .debug_macro   0x00000000000011e7      0x1df Core/Src/AppMain/AppMain.o
 .debug_macro   0x00000000000013c6       0x1c Core/Src/AppMain/AppMain.o
 .debug_macro   0x00000000000013e2       0x22 Core/Src/AppMain/AppMain.o
 .debug_macro   0x0000000000001404       0xdf Core/Src/AppMain/AppMain.o
 .debug_macro   0x00000000000014e3     0x102d Core/Src/AppMain/AppMain.o
 .debug_macro   0x0000000000002510      0x11f Core/Src/AppMain/AppMain.o
 .debug_macro   0x000000000000262f     0xe479 Core/Src/AppMain/AppMain.o
 .debug_macro   0x0000000000010aa8       0x43 Core/Src/AppMain/AppMain.o
 .debug_macro   0x0000000000010aeb     0x3889 Core/Src/AppMain/AppMain.o
 .debug_macro   0x0000000000014374      0x17b Core/Src/AppMain/AppMain.o
 .debug_macro   0x00000000000144ef       0x5c Core/Src/AppMain/AppMain.o
 .debug_macro   0x000000000001454b     0x101f Core/Src/AppMain/AppMain.o
 .debug_macro   0x000000000001556a      0x494 Core/Src/AppMain/AppMain.o
 .debug_macro   0x00000000000159fe      0x21d Core/Src/AppMain/AppMain.o
 .debug_macro   0x0000000000015c1b      0x13d Core/Src/AppMain/AppMain.o
 .debug_macro   0x0000000000015d58       0xd7 Core/Src/AppMain/AppMain.o
 .debug_macro   0x0000000000015e2f      0x26b Core/Src/AppMain/AppMain.o
 .debug_macro   0x000000000001609a      0x23d Core/Src/AppMain/AppMain.o
 .debug_macro   0x00000000000162d7      0x375 Core/Src/AppMain/AppMain.o
 .debug_macro   0x000000000001664c       0xd6 Core/Src/AppMain/AppMain.o
 .debug_macro   0x0000000000016722      0x22c Core/Src/AppMain/AppMain.o
 .debug_macro   0x000000000001694e       0x5e Core/Src/AppMain/AppMain.o
 .debug_macro   0x00000000000169ac       0xa5 Core/Src/AppMain/AppMain.o
 .debug_macro   0x0000000000016a51      0x122 Core/Src/AppMain/AppMain.o
 .debug_macro   0x0000000000016b73      0x365 Core/Src/AppMain/AppMain.o
 .debug_macro   0x0000000000016ed8      0x2fe Core/Src/AppMain/AppMain.o
 .debug_macro   0x00000000000171d6      0x59e Core/Src/AppMain/AppMain.o
 .debug_macro   0x0000000000017774       0x44 Core/Src/AppMain/AppMain.o
 .debug_macro   0x00000000000177b8       0x65 Core/Src/AppMain/AppMain.o
 .debug_macro   0x000000000001781d      0x234 Core/Src/AppMain/AppMain.o
 .debug_macro   0x0000000000017a51      0x23a Core/Src/AppMain/AppMain.o
 .debug_macro   0x0000000000017c8b       0x46 Core/Src/AppMain/AppMain.o
 .debug_macro   0x0000000000017cd1       0x18 Core/Src/AppMain/AppMain.o
 .debug_macro   0x0000000000017ce9       0x3c Core/Src/AppMain/AppMain.o
 .debug_macro   0x0000000000017d25       0x34 Core/Src/AppMain/AppMain.o
 .debug_macro   0x0000000000017d59       0x52 Core/Src/AppMain/AppMain.o
 .debug_macro   0x0000000000017dab       0x1f Core/Src/AppMain/AppMain.o
 .debug_macro   0x0000000000017dca       0x43 Core/Src/AppMain/AppMain.o
 .debug_macro   0x0000000000017e0d       0x20 Core/Src/AppMain/AppMain.o
 .debug_macro   0x0000000000017e2d      0x1a3 Core/Src/AppMain/AppMain.o
 .debug_macro   0x0000000000017fd0      0x34d Core/Src/AppMain/AppMain.o
 .debug_macro   0x000000000001831d       0x10 Core/Src/AppMain/AppMain.o
 .debug_macro   0x000000000001832d       0x35 Core/Src/AppMain/AppMain.o
 .debug_macro   0x0000000000018362       0x20 Core/Src/AppMain/AppMain.o
 .debug_macro   0x0000000000018382       0xb2 Core/Src/AppMain/AppMain.o
 .debug_macro   0x0000000000018434      0x307 Core/Src/GPS/GPS.o
 .debug_macro   0x000000000001873b      0x2e6 Core/Src/Model/Model.o
 .debug_macro   0x0000000000018a21      0x226 Core/Src/gpio.o
 .debug_macro   0x0000000000018c47      0xa5a Core/Src/gpio.o
 .debug_macro   0x00000000000196a1     0x102d Core/Src/gpio.o
 .debug_macro   0x000000000001a6ce      0x174 Core/Src/gpio.o
 .debug_macro   0x000000000001a842      0x226 Core/Src/i2c.o
 .debug_macro   0x000000000001aa68      0x42a Core/Src/main.o
 .debug_macro   0x000000000001ae92       0x34 Core/Src/main.o
 .debug_macro   0x000000000001aec6       0x16 Core/Src/main.o
 .debug_macro   0x000000000001aedc       0x35 Core/Src/main.o
 .debug_macro   0x000000000001af11      0x32a Core/Src/main.o
 .debug_macro   0x000000000001b23b       0x10 Core/Src/main.o
 .debug_macro   0x000000000001b24b       0x43 Core/Src/main.o
 .debug_macro   0x000000000001b28e       0x10 Core/Src/main.o
 .debug_macro   0x000000000001b29e       0x1c Core/Src/main.o
 .debug_macro   0x000000000001b2ba       0x52 Core/Src/main.o
 .debug_macro   0x000000000001b30c       0x40 Core/Src/main.o
 .debug_macro   0x000000000001b34c       0x10 Core/Src/main.o
 .debug_macro   0x000000000001b35c       0x40 Core/Src/main.o
 .debug_macro   0x000000000001b39c       0xd7 Core/Src/main.o
 .debug_macro   0x000000000001b473       0x1c Core/Src/main.o
 .debug_macro   0x000000000001b48f       0x3d Core/Src/main.o
 .debug_macro   0x000000000001b4cc       0x16 Core/Src/main.o
 .debug_macro   0x000000000001b4e2      0x145 Core/Src/main.o
 .debug_macro   0x000000000001b627       0x16 Core/Src/main.o
 .debug_macro   0x000000000001b63d       0x16 Core/Src/main.o
 .debug_macro   0x000000000001b653       0x29 Core/Src/main.o
 .debug_macro   0x000000000001b67c       0x16 Core/Src/main.o
 .debug_macro   0x000000000001b692       0x5f Core/Src/main.o
 .debug_macro   0x000000000001b6f1      0x1c2 Core/Src/main.o
 .debug_macro   0x000000000001b8b3      0x226 Core/Src/spi.o
 .debug_macro   0x000000000001bad9      0x21c Core/Src/stm32l4xx_hal_msp.o
 .debug_macro   0x000000000001bcf5      0x226 Core/Src/stm32l4xx_it.o
 .debug_macro   0x000000000001bf1b      0x213 Core/Src/system_stm32l4xx.o
 .debug_macro   0x000000000001c12e      0x226 Core/Src/usart.o
 .debug_macro   0x000000000001c354      0x255 Drivers/STM32L4xx_HAL_Driver/Src/stm32l4xx_hal.o
 .debug_macro   0x000000000001c5a9      0x20d Drivers/STM32L4xx_HAL_Driver/Src/stm32l4xx_hal_cortex.o
 .debug_macro   0x000000000001c7b6      0x24c Drivers/STM32L4xx_HAL_Driver/Src/stm32l4xx_hal_gpio.o
 .debug_macro   0x000000000001ca02      0x2d2 Drivers/STM32L4xx_HAL_Driver/Src/stm32l4xx_hal_i2c.o
 .debug_macro   0x000000000001ccd4      0x20d Drivers/STM32L4xx_HAL_Driver/Src/stm32l4xx_hal_i2c_ex.o
 .debug_macro   0x000000000001cee1      0x219 Drivers/STM32L4xx_HAL_Driver/Src/stm32l4xx_hal_pcd.o
 .debug_macro   0x000000000001d0fa      0x20d Drivers/STM32L4xx_HAL_Driver/Src/stm32l4xx_hal_pcd_ex.o
 .debug_macro   0x000000000001d307      0x231 Drivers/STM32L4xx_HAL_Driver/Src/stm32l4xx_hal_pwr_ex.o
 .debug_macro   0x000000000001d538      0x24f Drivers/STM32L4xx_HAL_Driver/Src/stm32l4xx_hal_rcc.o
 .debug_macro   0x000000000001d787      0x243 Drivers/STM32L4xx_HAL_Driver/Src/stm32l4xx_hal_rcc_ex.o
 .debug_macro   0x000000000001d9ca      0x215 Drivers/STM32L4xx_HAL_Driver/Src/stm32l4xx_hal_spi.o
 .debug_macro   0x000000000001dbdf      0x238 Drivers/STM32L4xx_HAL_Driver/Src/stm32l4xx_hal_uart.o
 .debug_macro   0x000000000001de17      0x20d Drivers/STM32L4xx_HAL_Driver/Src/stm32l4xx_ll_usb.o
 .debug_macro   0x000000000001e024      0x429 Middlewares/ST/STM32_USB_Device_Library/Class/CDC/Src/usbd_cdc.o
 .debug_macro   0x000000000001e44d       0x97 Middlewares/ST/STM32_USB_Device_Library/Class/CDC/Src/usbd_cdc.o
 .debug_macro   0x000000000001e4e4       0xfd Middlewares/ST/STM32_USB_Device_Library/Class/CDC/Src/usbd_cdc.o
 .debug_macro   0x000000000001e5e1       0xd9 Middlewares/ST/STM32_USB_Device_Library/Class/CDC/Src/usbd_cdc.o
 .debug_macro   0x000000000001e6ba       0x56 Middlewares/ST/STM32_USB_Device_Library/Class/CDC/Src/usbd_cdc.o
 .debug_macro   0x000000000001e710       0x8f Middlewares/ST/STM32_USB_Device_Library/Class/CDC/Src/usbd_cdc.o
 .debug_macro   0x000000000001e79f      0x410 Middlewares/ST/STM32_USB_Device_Library/Core/Src/usbd_core.o
 .debug_macro   0x000000000001ebaf      0x1c8 Middlewares/ST/STM32_USB_Device_Library/Core/Src/usbd_core.o
 .debug_macro   0x000000000001ed77      0x41a Middlewares/ST/STM32_USB_Device_Library/Core/Src/usbd_ctlreq.o
 .debug_macro   0x000000000001f191      0x416 Middlewares/ST/STM32_USB_Device_Library/Core/Src/usbd_ioreq.o
 .debug_macro   0x000000000001f5a7      0x44a USB_DEVICE/App/usb_device.o
 .debug_macro   0x000000000001f9f1       0x22 USB_DEVICE/App/usb_device.o
 .debug_macro   0x000000000001fa13      0x43b USB_DEVICE/App/usbd_cdc_if.o
 .debug_macro   0x000000000001fe4e      0x453 USB_DEVICE/App/usbd_desc.o
 .debug_macro   0x00000000000202a1       0x1c USB_DEVICE/App/usbd_desc.o
 .debug_macro   0x00000000000202bd      0x42d USB_DEVICE/Target/usbd_conf.o

.debug_line     0x0000000000000000    0x1612b
 .debug_line    0x0000000000000000      0xa03 Core/Src/AppMain/AppMain.o
 .debug_line    0x0000000000000a03      0x9ac Core/Src/GPS/GPS.o
 .debug_line    0x00000000000013af      0x9b2 Core/Src/Model/Model.o
 .debug_line    0x0000000000001d61      0x76e Core/Src/gpio.o
 .debug_line    0x00000000000024cf      0x789 Core/Src/i2c.o
 .debug_line    0x0000000000002c58      0xa6a Core/Src/main.o
 .debug_line    0x00000000000036c2      0x78a Core/Src/spi.o
 .debug_line    0x0000000000003e4c      0x754 Core/Src/stm32l4xx_hal_msp.o
 .debug_line    0x00000000000045a0      0x80a Core/Src/stm32l4xx_it.o
 .debug_line    0x0000000000004daa      0x77f Core/Src/system_stm32l4xx.o
 .debug_line    0x0000000000005529      0x78a Core/Src/usart.o
 .debug_line    0x0000000000005cb3       0x85 Core/Startup/startup_stm32l412k8tx.o
 .debug_line    0x0000000000005d38      0x992 Drivers/STM32L4xx_HAL_Driver/Src/stm32l4xx_hal.o
 .debug_line    0x00000000000066ca      0xa7b Drivers/STM32L4xx_HAL_Driver/Src/stm32l4xx_hal_cortex.o
 .debug_line    0x0000000000007145      0x8d1 Drivers/STM32L4xx_HAL_Driver/Src/stm32l4xx_hal_gpio.o
 .debug_line    0x0000000000007a16     0x1b34 Drivers/STM32L4xx_HAL_Driver/Src/stm32l4xx_hal_i2c.o
 .debug_line    0x000000000000954a      0x898 Drivers/STM32L4xx_HAL_Driver/Src/stm32l4xx_hal_i2c_ex.o
 .debug_line    0x0000000000009de2      0xc21 Drivers/STM32L4xx_HAL_Driver/Src/stm32l4xx_hal_pcd.o
 .debug_line    0x000000000000aa03      0x81b Drivers/STM32L4xx_HAL_Driver/Src/stm32l4xx_hal_pcd_ex.o
 .debug_line    0x000000000000b21e      0xad4 Drivers/STM32L4xx_HAL_Driver/Src/stm32l4xx_hal_pwr_ex.o
 .debug_line    0x000000000000bcf2      0xa7f Drivers/STM32L4xx_HAL_Driver/Src/stm32l4xx_hal_rcc.o
 .debug_line    0x000000000000c771      0xb93 Drivers/STM32L4xx_HAL_Driver/Src/stm32l4xx_hal_rcc_ex.o
 .debug_line    0x000000000000d304     0x11ce Drivers/STM32L4xx_HAL_Driver/Src/stm32l4xx_hal_spi.o
 .debug_line    0x000000000000e4d2     0x12bf Drivers/STM32L4xx_HAL_Driver/Src/stm32l4xx_hal_uart.o
 .debug_line    0x000000000000f791      0xc31 Drivers/STM32L4xx_HAL_Driver/Src/stm32l4xx_ll_usb.o
 .debug_line    0x00000000000103c2      0xc0b Middlewares/ST/STM32_USB_Device_Library/Class/CDC/Src/usbd_cdc.o
 .debug_line    0x0000000000010fcd      0xc46 Middlewares/ST/STM32_USB_Device_Library/Core/Src/usbd_core.o
 .debug_line    0x0000000000011c13      0xcd4 Middlewares/ST/STM32_USB_Device_Library/Core/Src/usbd_ctlreq.o
 .debug_line    0x00000000000128e7      0xaaf Middlewares/ST/STM32_USB_Device_Library/Core/Src/usbd_ioreq.o
 .debug_line    0x0000000000013396      0xa91 USB_DEVICE/App/usb_device.o
 .debug_line    0x0000000000013e27      0xac4 USB_DEVICE/App/usbd_cdc_if.o
 .debug_line    0x00000000000148eb      0xaf6 USB_DEVICE/App/usbd_desc.o
 .debug_line    0x00000000000153e1      0xd4a USB_DEVICE/Target/usbd_conf.o

.debug_str      0x0000000000000000    0xa8b0f
 .debug_str     0x0000000000000000    0xa0d89 Core/Src/AppMain/AppMain.o
                                      0xa1295 (size before relaxing)
 .debug_str     0x00000000000a0d89       0x69 Core/Src/GPS/GPS.o
                                      0xa11d7 (size before relaxing)
 .debug_str     0x00000000000a0df2       0x32 Core/Src/Model/Model.o
                                      0xa09c3 (size before relaxing)
 .debug_str     0x00000000000a0e24      0x35d Core/Src/gpio.o
                                      0x9d707 (size before relaxing)
 .debug_str     0x00000000000a1181      0x2bd Core/Src/i2c.o
                                      0x9db91 (size before relaxing)
 .debug_str     0x00000000000a143e     0x20ca Core/Src/main.o
                                      0xa2ba0 (size before relaxing)
 .debug_str     0x00000000000a3508       0x4b Core/Src/spi.o
                                      0x9dacd (size before relaxing)
 .debug_str     0x00000000000a3553       0x2c Core/Src/stm32l4xx_hal_msp.o
                                      0x9d66c (size before relaxing)
 .debug_str     0x00000000000a357f      0x397 Core/Src/stm32l4xx_it.o
                                      0x9d919 (size before relaxing)
 .debug_str     0x00000000000a3916       0xcd Core/Src/system_stm32l4xx.o
                                      0x9d46f (size before relaxing)
 .debug_str     0x00000000000a39e3       0x57 Core/Src/usart.o
                                      0x9dacf (size before relaxing)
 .debug_str     0x00000000000a3a3a       0x36 Core/Startup/startup_stm32l412k8tx.o
                                         0x88 (size before relaxing)
 .debug_str     0x00000000000a3a70      0x80f Drivers/STM32L4xx_HAL_Driver/Src/stm32l4xx_hal.o
                                      0x9dd0d (size before relaxing)
 .debug_str     0x00000000000a427f      0x389 Drivers/STM32L4xx_HAL_Driver/Src/stm32l4xx_hal_cortex.o
                                      0x9db78 (size before relaxing)
 .debug_str     0x00000000000a4608      0x236 Drivers/STM32L4xx_HAL_Driver/Src/stm32l4xx_hal_gpio.o
                                      0x9d6e9 (size before relaxing)
 .debug_str     0x00000000000a483e      0xd32 Drivers/STM32L4xx_HAL_Driver/Src/stm32l4xx_hal_i2c.o
                                      0x9e57f (size before relaxing)
 .debug_str     0x00000000000a5570       0xb8 Drivers/STM32L4xx_HAL_Driver/Src/stm32l4xx_hal_i2c_ex.o
                                      0x9d978 (size before relaxing)
 .debug_str     0x00000000000a5628      0x397 Drivers/STM32L4xx_HAL_Driver/Src/stm32l4xx_hal_pcd.o
                                      0x9d9c4 (size before relaxing)
 .debug_str     0x00000000000a59bf      0x1c6 Drivers/STM32L4xx_HAL_Driver/Src/stm32l4xx_hal_pcd_ex.o
                                      0x9d7dd (size before relaxing)
 .debug_str     0x00000000000a5b85      0x4cc Drivers/STM32L4xx_HAL_Driver/Src/stm32l4xx_hal_pwr_ex.o
                                      0x9d986 (size before relaxing)
 .debug_str     0x00000000000a6051      0x394 Drivers/STM32L4xx_HAL_Driver/Src/stm32l4xx_hal_rcc.o
                                      0x9d9f7 (size before relaxing)
 .debug_str     0x00000000000a63e5      0x48c Drivers/STM32L4xx_HAL_Driver/Src/stm32l4xx_hal_rcc_ex.o
                                      0x9db56 (size before relaxing)
 .debug_str     0x00000000000a6871      0x55c Drivers/STM32L4xx_HAL_Driver/Src/stm32l4xx_hal_spi.o
                                      0x9dc00 (size before relaxing)
 .debug_str     0x00000000000a6dcd      0x83c Drivers/STM32L4xx_HAL_Driver/Src/stm32l4xx_hal_uart.o
                                      0x9e039 (size before relaxing)
 .debug_str     0x00000000000a7609      0x2f3 Drivers/STM32L4xx_HAL_Driver/Src/stm32l4xx_ll_usb.o
                                      0x9d7fa (size before relaxing)
 .debug_str     0x00000000000a78fc      0x8d2 Middlewares/ST/STM32_USB_Device_Library/Class/CDC/Src/usbd_cdc.o
                                      0xa2d77 (size before relaxing)
 .debug_str     0x00000000000a81ce      0x1b5 Middlewares/ST/STM32_USB_Device_Library/Core/Src/usbd_core.o
                                      0xa267f (size before relaxing)
 .debug_str     0x00000000000a8383      0x134 Middlewares/ST/STM32_USB_Device_Library/Core/Src/usbd_ctlreq.o
                                      0xa2605 (size before relaxing)
 .debug_str     0x00000000000a84b7       0xc9 Middlewares/ST/STM32_USB_Device_Library/Core/Src/usbd_ioreq.o
                                      0xa258d (size before relaxing)
 .debug_str     0x00000000000a8580       0xec USB_DEVICE/App/usb_device.o
                                      0xa28c8 (size before relaxing)
 .debug_str     0x00000000000a866c       0xb2 USB_DEVICE/App/usbd_cdc_if.o
                                      0xa292c (size before relaxing)
 .debug_str     0x00000000000a871e      0x298 USB_DEVICE/App/usbd_desc.o
                                      0xa2538 (size before relaxing)
 .debug_str     0x00000000000a89b6      0x159 USB_DEVICE/Target/usbd_conf.o
                                      0xa33ae (size before relaxing)

.comment        0x0000000000000000       0x7b
 .comment       0x0000000000000000       0x7b Core/Src/AppMain/AppMain.o
                                         0x7c (size before relaxing)
 .comment       0x000000000000007b       0x7c Core/Src/GPS/GPS.o