Archive member included to satisfy reference by file (symbol)

c:/st/stm32cubeide_1.3.0/stm32cubeide/plugins/com.st.stm32cube.ide.mcu.externaltools.gnu-tools-for-stm32.7-2018-q2-update.win32_1.0.0.201904181610/tools/bin/../lib/gcc/arm-none-eabi/7.3.1/../../../../arm-none-eabi/lib/thumb/v7e-m/fpv4-sp/hard\libc_nano.a(lib_a-errno.o)
                              Core/Src/syscalls.o (__errno)
c:/st/stm32cubeide_1.3.0/stm32cubeide/plugins/com.st.stm32cube.ide.mcu.externaltools.gnu-tools-for-stm32.7-2018-q2-update.win32_1.0.0.201904181610/tools/bin/../lib/gcc/arm-none-eabi/7.3.1/../../../../arm-none-eabi/lib/thumb/v7e-m/fpv4-sp/hard\libc_nano.a(lib_a-exit.o)
                              c:/st/stm32cubeide_1.3.0/stm32cubeide/plugins/com.st.stm32cube.ide.mcu.externaltools.gnu-tools-for-stm32.7-2018-q2-update.win32_1.0.0.201904181610/tools/bin/../lib/gcc/arm-none-eabi/7.3.1/../../../../arm-none-eabi/lib/thumb/v7e-m/fpv4-sp/hard/crt0.o (exit)
c:/st/stm32cubeide_1.3.0/stm32cubeide/plugins/com.st.stm32cube.ide.mcu.externaltools.gnu-tools-for-stm32.7-2018-q2-update.win32_1.0.0.201904181610/tools/bin/../lib/gcc/arm-none-eabi/7.3.1/../../../../arm-none-eabi/lib/thumb/v7e-m/fpv4-sp/hard\libc_nano.a(lib_a-impure.o)
                              c:/st/stm32cubeide_1.3.0/stm32cubeide/plugins/com.st.stm32cube.ide.mcu.externaltools.gnu-tools-for-stm32.7-2018-q2-update.win32_1.0.0.201904181610/tools/bin/../lib/gcc/arm-none-eabi/7.3.1/../../../../arm-none-eabi/lib/thumb/v7e-m/fpv4-sp/hard\libc_nano.a(lib_a-exit.o) (_global_impure_ptr)
c:/st/stm32cubeide_1.3.0/stm32cubeide/plugins/com.st.stm32cube.ide.mcu.externaltools.gnu-tools-for-stm32.7-2018-q2-update.win32_1.0.0.201904181610/tools/bin/../lib/gcc/arm-none-eabi/7.3.1/../../../../arm-none-eabi/lib/thumb/v7e-m/fpv4-sp/hard\libc_nano.a(lib_a-init.o)
                              c:/st/stm32cubeide_1.3.0/stm32cubeide/plugins/com.st.stm32cube.ide.mcu.externaltools.gnu-tools-for-stm32.7-2018-q2-update.win32_1.0.0.201904181610/tools/bin/../lib/gcc/arm-none-eabi/7.3.1/../../../../arm-none-eabi/lib/thumb/v7e-m/fpv4-sp/hard/crt0.o (__libc_init_array)
c:/st/stm32cubeide_1.3.0/stm32cubeide/plugins/com.st.stm32cube.ide.mcu.externaltools.gnu-tools-for-stm32.7-2018-q2-update.win32_1.0.0.201904181610/tools/bin/../lib/gcc/arm-none-eabi/7.3.1/../../../../arm-none-eabi/lib/thumb/v7e-m/fpv4-sp/hard\libc_nano.a(lib_a-memset.o)
                              c:/st/stm32cubeide_1.3.0/stm32cubeide/plugins/com.st.stm32cube.ide.mcu.externaltools.gnu-tools-for-stm32.7-2018-q2-update.win32_1.0.0.201904181610/tools/bin/../lib/gcc/arm-none-eabi/7.3.1/../../../../arm-none-eabi/lib/thumb/v7e-m/fpv4-sp/hard/crt0.o (memset)
c:/st/stm32cubeide_1.3.0/stm32cubeide/plugins/com.st.stm32cube.ide.mcu.externaltools.gnu-tools-for-stm32.7-2018-q2-update.win32_1.0.0.201904181610/tools/bin/../lib/gcc/arm-none-eabi/7.3.1/../../../../arm-none-eabi/lib/thumb/v7e-m/fpv4-sp/hard\libc_nano.a(lib_a-strncpy.o)
                              Core/Src/Model/Model.o (strncpy)
c:/st/stm32cubeide_1.3.0/stm32cubeide/plugins/com.st.stm32cube.ide.mcu.externaltools.gnu-tools-for-stm32.7-2018-q2-update.win32_1.0.0.201904181610/tools/bin/../lib/gcc/arm-none-eabi/7.3.1/thumb/v7e-m/fpv4-sp/hard\libgcc.a(_arm_addsubdf3.o)
                              Core/Src/MAX31865/MAX31865TEMP.o (__aeabi_f2d)
c:/st/stm32cubeide_1.3.0/stm32cubeide/plugins/com.st.stm32cube.ide.mcu.externaltools.gnu-tools-for-stm32.7-2018-q2-update.win32_1.0.0.201904181610/tools/bin/../lib/gcc/arm-none-eabi/7.3.1/thumb/v7e-m/fpv4-sp/hard\libgcc.a(_arm_muldivdf3.o)
                              Core/Src/MAX31865/MAX31865TEMP.o (__aeabi_ddiv)
c:/st/stm32cubeide_1.3.0/stm32cubeide/plugins/com.st.stm32cube.ide.mcu.externaltools.gnu-tools-for-stm32.7-2018-q2-update.win32_1.0.0.201904181610/tools/bin/../lib/gcc/arm-none-eabi/7.3.1/thumb/v7e-m/fpv4-sp/hard\libgcc.a(_arm_truncdfsf2.o)
                              Core/Src/MAX31865/MAX31865TEMP.o (__aeabi_d2f)
c:/st/stm32cubeide_1.3.0/stm32cubeide/plugins/com.st.stm32cube.ide.mcu.externaltools.gnu-tools-for-stm32.7-2018-q2-update.win32_1.0.0.201904181610/tools/bin/../lib/gcc/arm-none-eabi/7.3.1/thumb/v7e-m/fpv4-sp/hard\libgcc.a(_aeabi_uldivmod.o)
                              Drivers/STM32L4xx_HAL_Driver/Src/stm32l4xx_hal_uart.o (__aeabi_uldivmod)
c:/st/stm32cubeide_1.3.0/stm32cubeide/plugins/com.st.stm32cube.ide.mcu.externaltools.gnu-tools-for-stm32.7-2018-q2-update.win32_1.0.0.201904181610/tools/bin/../lib/gcc/arm-none-eabi/7.3.1/thumb/v7e-m/fpv4-sp/hard\libgcc.a(_udivmoddi4.o)
                              c:/st/stm32cubeide_1.3.0/stm32cubeide/plugins/com.st.stm32cube.ide.mcu.externaltools.gnu-tools-for-stm32.7-2018-q2-update.win32_1.0.0.201904181610/tools/bin/../lib/gcc/arm-none-eabi/7.3.1/thumb/v7e-m/fpv4-sp/hard\libgcc.a(_aeabi_uldivmod.o) (__udivmoddi4)
[...]
Memory Configuration

Name             Origin             Length             Attributes
RAM              0x0000000020000000 0x000000000000a000 xrw
FLASH            0x0000000008000000 0x0000000000010000 xr
*default*        0x0000000000000000 0xffffffffffffffff

Linker script and memory map

LOAD c:/st/stm32cubeide_1.3.0/stm32cubeide/plugins/com.st.stm32cube.ide.mcu.externaltools.gnu-tools-for-stm32.7-2018-q2-update.win32_1.0.0.201904181610/tools/bin/../lib/gcc/arm-none-eabi/7.3.1/thumb/v7e-m/fpv4-sp/hard/crti.o
LOAD c:/st/stm32cubeide_1.3.0/stm32cubeide/plugins/com.st.stm32cube.ide.mcu.externaltools.gnu-tools-for-stm32.7-2018-q2-update.win32_1.0.0.201904181610/tools/bin/../lib/gcc/arm-none-eabi/7.3.1/thumb/v7e-m/fpv4-sp/hard/crtbegin.o
LOAD c:/st/stm32cubeide_1.3.0/stm32cubeide/plugins/com.st.stm32cube.ide.mcu.externaltools.gnu-tools-for-stm32.7-2018-q2-update.win32_1.0.0.201904181610/tools/bin/../lib/gcc/arm-none-eabi/7.3.1/../../../../arm-none-eabi/lib/thumb/v7e-m/fpv4-sp/hard/crt0.o
LOAD Core/Src/AppMain/AppMain.o
LOAD Core/Src/FXPS7115D4/FXPS7115.o
LOAD Core/Src/GPS/GPS.o
LOAD Core/Src/MAX31865/MAX31865TEMP.o
LOAD Core/Src/Model/Model.o
LOAD Core/Src/RFM95/RFM95.o
LOAD Core/Src/RFM95/Stack.o
LOAD Core/Src/SHT21/SHT21.o
LOAD Core/Src/USB/USBCom.o
LOAD Core/Src/gpio.o
LOAD Core/Src/i2c.o
LOAD Core/Src/main.o
LOAD Core/Src/spi.o
LOAD Core/Src/stm32l4xx_hal_msp.o
LOAD Core/Src/stm32l4xx_it.o
LOAD Core/Src/syscalls.o
LOAD Core/Src/sysmem.o
LOAD Core/Src/system_stm32l4xx.o
LOAD Core/Src/usart.o
LOAD Core/Startup/startup_stm32l412k8tx.o
LOAD Drivers/STM32L4xx_HAL_Driver/Src/stm32l4xx_hal.o
LOAD Drivers/STM32L4xx_HAL_Driver/Src/stm32l4xx_hal_cortex.o
LOAD Drivers/STM32L4xx_HAL_Driver/Src/stm32l4xx_hal_dma.o
LOAD Drivers/STM32L4xx_HAL_Driver/Src/stm32l4xx_hal_dma_ex.o
LOAD Drivers/STM32L4xx_HAL_Driver/Src/stm32l4xx_hal_exti.o
LOAD Drivers/STM32L4xx_HAL_Driver/Src/stm32l4xx_hal_flash.o
LOAD Drivers/STM32L4xx_HAL_Driver/Src/stm32l4xx_hal_flash_ex.o
LOAD Drivers/STM32L4xx_HAL_Driver/Src/stm32l4xx_hal_flash_ramfunc.o
LOAD Drivers/STM32L4xx_HAL_Driver/Src/stm32l4xx_hal_gpio.o
LOAD Drivers/STM32L4xx_HAL_Driver/Src/stm32l4xx_hal_i2c.o
LOAD Drivers/STM32L4xx_HAL_Driver/Src/stm32l4xx_hal_i2c_ex.o
LOAD Drivers/STM32L4xx_HAL_Driver/Src/stm32l4xx_hal_pcd.o
LOAD Drivers/STM32L4xx_HAL_Driver/Src/stm32l4xx_hal_pcd_ex.o
LOAD Drivers/STM32L4xx_HAL_Driver/Src/stm32l4xx_hal_pwr.o
LOAD Drivers/STM32L4xx_HAL_Driver/Src/stm32l4xx_hal_pwr_ex.o
LOAD Drivers/STM32L4xx_HAL_Driver/Src/stm32l4xx_hal_rcc.o
LOAD Drivers/STM32L4xx_HAL_Driver/Src/stm32l4xx_hal_rcc_ex.o
LOAD Drivers/STM32L4xx_HAL_Driver/Src/stm32l4xx_hal_spi.o
LOAD Drivers/STM32L4xx_HAL_Driver/Src/stm32l4xx_hal_spi_ex.o
LOAD Drivers/STM32L4xx_HAL_Driver/Src/stm32l4xx_hal_tim.o
LOAD Drivers/STM32L4xx_HAL_Driver/Src/stm32l4xx_hal_tim_ex.o
LOAD Drivers/STM32L4xx_HAL_Driver/Src/stm32l4xx_hal_uart.o
LOAD Drivers/STM32L4xx_HAL_Driver/Src/stm32l4xx_hal_uart_ex.o
LOAD Drivers/STM32L4xx_HAL_Driver/Src/stm32l4xx_ll_usb.o
LOAD Middlewares/ST/STM32_USB_Device_Library/Class/CDC/Src/usbd_cdc.o
LOAD Middlewares/ST/STM32_USB_Device_Library/Core/Src/usbd_core.o
LOAD Middlewares/ST/STM32_USB_Device_Library/Core/Src/usbd_ctlreq.o
LOAD Middlewares/ST/STM32_USB_Device_Library/Core/Src/usbd_ioreq.o
LOAD USB_DEVICE/App/usb_device.o
LOAD USB_DEVICE/App/usbd_cdc_if.o
LOAD USB_DEVICE/App/usbd_desc.o
LOAD USB_DEVICE/Target/usbd_conf.o
START GROUP
LOAD c:/st/stm32cubeide_1.3.0/stm32cubeide/plugins/com.st.stm32cube.ide.mcu.externaltools.gnu-tools-for-stm32.7-2018-q2-update.win32_1.0.0.201904181610/tools/bin/../lib/gcc/arm-none-eabi/7.3.1/../../../../arm-none-eabi/lib/thumb/v7e-m/fpv4-sp/hard\libstdc++_nano.a
LOAD c:/st/stm32cubeide_1.3.0/stm32cubeide/plugins/com.st.stm32cube.ide.mcu.externaltools.gnu-tools-for-stm32.7-2018-q2-update.win32_1.0.0.201904181610/tools/bin/../lib/gcc/arm-none-eabi/7.3.1/../../../../arm-none-eabi/lib/thumb/v7e-m/fpv4-sp/hard\libsupc++_nano.a
END GROUP
LOAD c:/st/stm32cubeide_1.3.0/stm32cubeide/plugins/com.st.stm32cube.ide.mcu.externaltools.gnu-tools-for-stm32.7-2018-q2-update.win32_1.0.0.201904181610/tools/bin/../lib/gcc/arm-none-eabi/7.3.1/../../../../arm-none-eabi/lib/thumb/v7e-m/fpv4-sp/hard\libstdc++_nano.a
LOAD c:/st/stm32cubeide_1.3.0/stm32cubeide/plugins/com.st.stm32cube.ide.mcu.externaltools.gnu-tools-for-stm32.7-2018-q2-update.win32_1.0.0.201904181610/tools/bin/../lib/gcc/arm-none-eabi/7.3.1/../../../../arm-none-eabi/lib/thumb/v7e-m/fpv4-sp/hard\libm.a
LOAD c:/st/stm32cubeide_1.3.0/stm32cubeide/plugins/com.st.stm32cube.ide.mcu.externaltools.gnu-tools-for-stm32.7-2018-q2-update.win32_1.0.0.201904181610/tools/bin/../lib/gcc/arm-none-eabi/7.3.1/../../../../arm-none-eabi/lib/thumb/v7e-m/fpv4-sp/hard\libc_nano.a
START GROUP
LOAD c:/st/stm32cubeide_1.3.0/stm32cubeide/plugins/com.st.stm32cube.ide.mcu.externaltools.gnu-tools-for-stm32.7-2018-q2-update.win32_1.0.0.201904181610/tools/bin/../lib/gcc/arm-none-eabi/7.3.1/thumb/v7e-m/fpv4-sp/hard\libgcc.a
LOAD c:/st/stm32cubeide_1.3.0/stm32cubeide/plugins/com.st.stm32cube.ide.mcu.externaltools.gnu-tools-for-stm32.7-2018-q2-update.win32_1.0.0.201904181610/tools/bin/../lib/gcc/arm-none-eabi/7.3.1/../../../../arm-none-eabi/lib/thumb/v7e-m/fpv4-sp/hard\libc_nano.a
END GROUP
START GROUP
LOAD c:/st/stm32cubeide_1.3.0/stm32cubeide/plugins/com.st.stm32cube.ide.mcu.externaltools.gnu-tools-for-stm32.7-2018-q2-update.win32_1.0.0.201904181610/tools/bin/../lib/gcc/arm-none-eabi/7.3.1/thumb/v7e-m/fpv4-sp/hard\libgcc.a
LOAD c:/st/stm32cubeide_1.3.0/stm32cubeide/plugins/com.st.stm32cube.ide.mcu.externaltools.gnu-tools-for-stm32.7-2018-q2-update.win32_1.0.0.201904181610/tools/bin/../lib/gcc/arm-none-eabi/7.3.1/../../../../arm-none-eabi/lib/thumb/v7e-m/fpv4-sp/hard\libc_nano.a
LOAD c:/st/stm32cubeide_1.3.0/stm32cubeide/plugins/com.st.stm32cube.ide.mcu.externaltools.gnu-tools-for-stm32.7-2018-q2-update.win32_1.0.0.201904181610/tools/bin/../lib/gcc/arm-none-eabi/7.3.1/../../../../arm-none-eabi/lib/thumb/v7e-m/fpv4-sp/hard\libnosys.a
END GROUP
START GROUP
LOAD c:/st/stm32cubeide_1.3.0/stm32cubeide/plugins/com.st.stm32cube.ide.mcu.externaltools.gnu-tools-for-stm32.7-2018-q2-update.win32_1.0.0.201904181610/tools/bin/../lib/gcc/arm-none-eabi/7.3.1/thumb/v7e-m/fpv4-sp/hard\libgcc.a
LOAD c:/st/stm32cubeide_1.3.0/stm32cubeide/plugins/com.st.stm32cube.ide.mcu.externaltools.gnu-tools-for-stm32.7-2018-q2-update.win32_1.0.0.201904181610/tools/bin/../lib/gcc/arm-none-eabi/7.3.1/../../../../arm-none-eabi/lib/thumb/v7e-m/fpv4-sp/hard\libc_nano.a
LOAD c:/st/stm32cubeide_1.3.0/stm32cubeide/plugins/com.st.stm32cube.ide.mcu.externaltools.gnu-tools-for-stm32.7-2018-q2-update.win32_1.0.0.201904181610/tools/bin/../lib/gcc/arm-none-eabi/7.3.1/../../../../arm-none-eabi/lib/thumb/v7e-m/fpv4-sp/hard\libnosys.a
END GROUP
LOAD c:/st/stm32cubeide_1.3.0/stm32cubeide/plugins/com.st.stm32cube.ide.mcu.externaltools.gnu-tools-for-stm32.7-2018-q2-update.win32_1.0.0.201904181610/tools/bin/../lib/gcc/arm-none-eabi/7.3.1/thumb/v7e-m/fpv4-sp/hard/crtend.o
LOAD c:/st/stm32cubeide_1.3.0/stm32cubeide/plugins/com.st.stm32cube.ide.mcu.externaltools.gnu-tools-for-stm32.7-2018-q2-update.win32_1.0.0.201904181610/tools/bin/../lib/gcc/arm-none-eabi/7.3.1/thumb/v7e-m/fpv4-sp/hard/crtn.o
                0x000000002000a000                _estack = (ORIGIN (RAM) + LENGTH (RAM))
                0x0000000000000200                _Min_Heap_Size = 0x200
                0x0000000000000400                _Min_Stack_Size = 0x400

.isr_vector     0x0000000008000000      0x18c
                0x0000000008000000                . = ALIGN (0x4)
 *(.isr_vector)
 .isr_vector    0x0000000008000000      0x18c Core/Startup/startup_stm32l412k8tx.o
                0x0000000008000000                g_pfnVectors
                0x000000000800018c                . = ALIGN (0x4)

.text           0x0000000008000190     0xa824
                0x0000000008000190                . = ALIGN (0x4)
 *(.text)
 .text          0x0000000008000190       0x40 c:/st/stm32cubeide_1.3.0/stm32cubeide/plugins/com.st.stm32cube.ide.mcu.externaltools.gnu-tools-for-stm32.7-2018-q2-update.win32_1.0.0.201904181610/tools/bin/../lib/gcc/arm-none-eabi/7.3.1/thumb/v7e-m/fpv4-sp/hard/crtbegin.o
 .text          0x00000000080001d0      0x378 c:/st/stm32cubeide_1.3.0/stm32cubeide/plugins/com.st.stm32cube.ide.mcu.externaltools.gnu-tools-for-stm32.7-2018-q2-update.win32_1.0.0.201904181610/tools/bin/../lib/gcc/arm-none-eabi/7.3.1/thumb/v7e-m/fpv4-sp/hard\libgcc.a(_arm_addsubdf3.o)
                0x00000000080001d0                __aeabi_drsub
                0x00000000080001d8                __aeabi_dsub
                0x00000000080001d8                __subdf3
                0x00000000080001dc                __aeabi_dadd
                0x00000000080001dc                __adddf3
                0x0000000008000454                __floatunsidf
                0x0000000008000454                __aeabi_ui2d
                0x0000000008000474                __floatsidf
                0x0000000008000474                __aeabi_i2d
                0x0000000008000498                __aeabi_f2d
                0x0000000008000498                __extendsfdf2
                0x00000000080004dc                __floatundidf
                0x00000000080004dc                __aeabi_ul2d
                0x00000000080004ec                __floatdidf
                0x00000000080004ec                __aeabi_l2d
 .text          0x0000000008000548      0x424 c:/st/stm32cubeide_1.3.0/stm32cubeide/plugins/com.st.stm32cube.ide.mcu.externaltools.gnu-tools-for-stm32.7-2018-q2-update.win32_1.0.0.201904181610/tools/bin/../lib/gcc/arm-none-eabi/7.3.1/thumb/v7e-m/fpv4-sp/hard\libgcc.a(_arm_muldivdf3.o)
                0x0000000008000548                __aeabi_dmul
                0x0000000008000548                __muldf3
                0x000000000800079c                __divdf3
                0x000000000800079c                __aeabi_ddiv
 .text          0x000000000800096c       0xa0 c:/st/stm32cubeide_1.3.0/stm32cubeide/plugins/com.st.stm32cube.ide.mcu.externaltools.gnu-tools-for-stm32.7-2018-q2-update.win32_1.0.0.201904181610/tools/bin/../lib/gcc/arm-none-eabi/7.3.1/thumb/v7e-m/fpv4-sp/hard\libgcc.a(_arm_truncdfsf2.o)
                0x000000000800096c                __truncdfsf2
                0x000000000800096c                __aeabi_d2f
 .text          0x0000000008000a0c       0x30 c:/st/stm32cubeide_1.3.0/stm32cubeide/plugins/com.st.stm32cube.ide.mcu.externaltools.gnu-tools-for-stm32.7-2018-q2-update.win32_1.0.0.201904181610/tools/bin/../lib/gcc/arm-none-eabi/7.3.1/thumb/v7e-m/fpv4-sp/hard\libgcc.a(_aeabi_uldivmod.o)
                0x0000000008000a0c                __aeabi_uldivmod
 .text          0x0000000008000a3c      0x2cc c:/st/stm32cubeide_1.3.0/stm32cubeide/plugins/com.st.stm32cube.ide.mcu.externaltools.gnu-tools-for-stm32.7-2018-q2-update.win32_1.0.0.201904181610/tools/bin/../lib/gcc/arm-none-eabi/7.3.1/thumb/v7e-m/fpv4-sp/hard\libgcc.a(_udivmoddi4.o)
                0x0000000008000a3c                __udivmoddi4
 .text          0x0000000008000d08        0x4 c:/st/stm32cubeide_1.3.0/stm32cubeide/plugins/com.st.stm32cube.ide.mcu.externaltools.gnu-tools-for-stm32.7-2018-q2-update.win32_1.0.0.201904181610/tools/bin/../lib/gcc/arm-none-eabi/7.3.1/thumb/v7e-m/fpv4-sp/hard\libgcc.a(_dvmd_tls.o)
                0x0000000008000d08                __aeabi_idiv0
                0x0000000008000d08                __aeabi_ldiv0
 *(.text*)
 .text._ZN7AppMainC2Ev
                0x0000000008000d0c       0x6a Core/Src/AppMain/AppMain.o
                0x0000000008000d0c                AppMain::AppMain()
                0x0000000008000d0c                AppMain::AppMain()
 *fill*         0x0000000008000d76        0x2 
 .text._ZN7AppMain7initRFMEv
                0x0000000008000d78       0xa0 Core/Src/AppMain/AppMain.o
                0x0000000008000d78                AppMain::initRFM()
 .text._ZN7AppMain8mainProgEv
                0x0000000008000e18      0x1c0 Core/Src/AppMain/AppMain.o
                0x0000000008000e18                AppMain::mainProg()
 .text._ZN8FXPS7115C2EP5Model
                0x0000000008000fd8       0x1e Core/Src/FXPS7115D4/FXPS7115.o
                0x0000000008000fd8                FXPS7115::FXPS7115(Model*)
                0x0000000008000fd8                FXPS7115::FXPS7115(Model*)
 .text._ZN8FXPS71157fxpInitEv
                0x0000000008000ff6       0x14 Core/Src/FXPS7115D4/FXPS7115.o
                0x0000000008000ff6                FXPS7115::fxpInit()
 *fill*         0x000000000800100a        0x2 
 .text._ZN8FXPS711515fxpReadPressureEv
                0x000000000800100c       0x68 Core/Src/FXPS7115D4/FXPS7115.o
                0x000000000800100c                FXPS7115::fxpReadPressure()
 .text._ZN3GPSC2EP5Model
                0x0000000008001074       0x44 Core/Src/GPS/GPS.o
                0x0000000008001074                GPS::GPS(Model*)
                0x0000000008001074                GPS::GPS(Model*)
 .text._ZN3GPS4initEv
                0x00000000080010b8       0x3e Core/Src/GPS/GPS.o
                0x00000000080010b8                GPS::init()
 *fill*         0x00000000080010f6        0x2 
 .text._ZN3GPS12gpsInterruptEh
                0x00000000080010f8      0x10c Core/Src/GPS/GPS.o
                0x00000000080010f8                GPS::gpsInterrupt(unsigned char)
 .text._ZN13MAX31865_TEMPC2EP5Model
                0x0000000008001204       0x1e Core/Src/MAX31865/MAX31865TEMP.o
                0x0000000008001204                MAX31865_TEMP::MAX31865_TEMP(Model*)
                0x0000000008001204                MAX31865_TEMP::MAX31865_TEMP(Model*)
 .text._ZN13MAX31865_TEMP4initEh
                0x0000000008001222       0x46 Core/Src/MAX31865/MAX31865TEMP.o
                0x0000000008001222                MAX31865_TEMP::init(unsigned char)
 .text._ZN13MAX31865_TEMP8readTempEv
                0x0000000008001268       0xdc Core/Src/MAX31865/MAX31865TEMP.o
                0x0000000008001268                MAX31865_TEMP::readTemp()
 .text._ZN13MAX31865_TEMP13MAX31865_readEhPhh
                0x0000000008001344       0x64 Core/Src/MAX31865/MAX31865TEMP.o
                0x0000000008001344                MAX31865_TEMP::MAX31865_read(unsigned char, unsigned char*, unsigned char)
 .text._ZN13MAX31865_TEMP14MAX31865_writeEhh
                0x00000000080013a8       0x60 Core/Src/MAX31865/MAX31865TEMP.o
                0x00000000080013a8                MAX31865_TEMP::MAX31865_write(unsigned char, unsigned char)
 .text._ZN13MAX31865_TEMP10enableBiasEh
                0x0000000008001408       0x24 Core/Src/MAX31865/MAX31865TEMP.o
                0x0000000008001408                MAX31865_TEMP::enableBias(unsigned char)
 .text._ZN13MAX31865_TEMP11autoConvertEh
                0x000000000800142c       0x4a Core/Src/MAX31865/MAX31865TEMP.o
                0x000000000800142c                MAX31865_TEMP::autoConvert(unsigned char)
 .text._ZN13MAX31865_TEMP8setWiresEh
                0x0000000008001476       0x4a Core/Src/MAX31865/MAX31865TEMP.o
                0x0000000008001476                MAX31865_TEMP::setWires(unsigned char)
 .text._ZN13MAX31865_TEMP11single_shotEv
                0x00000000080014c0       0x20 Core/Src/MAX31865/MAX31865TEMP.o
                0x00000000080014c0                MAX31865_TEMP::single_shot()
 .text._ZN5ModelC2Ev
                0x00000000080014e0       0x64 Core/Src/Model/Model.o
                0x00000000080014e0                Model::Model()
                0x00000000080014e0                Model::Model()
 .text._ZN5Model13setGPS_DeviceEPc
                0x0000000008001544       0x20 Core/Src/Model/Model.o
                0x0000000008001544                Model::setGPS_Device(char*)
 .text._ZN5Model13getGPS_DeviceEv
                0x0000000008001564       0x18 Core/Src/Model/Model.o
                0x0000000008001564                Model::getGPS_Device()
 .text._ZN5Model11setHumidityEt
                0x000000000800157c       0x20 Core/Src/Model/Model.o
                0x000000000800157c                Model::setHumidity(unsigned short)
 .text._ZN5Model11getHumidityEv
                0x000000000800159c       0x1a Core/Src/Model/Model.o
                0x000000000800159c                Model::getHumidity()
 .text._ZN5Model11setPressureEt
                0x00000000080015b6       0x26 Core/Src/Model/Model.o
                0x00000000080015b6                Model::setPressure(unsigned short)
 .text._ZN5Model11getPressureEv
                0x00000000080015dc       0x1a Core/Src/Model/Model.o
                0x00000000080015dc                Model::getPressure()
 .text._ZN5Model14setTempOutsideEt
                0x00000000080015f6       0x20 Core/Src/Model/Model.o
                0x00000000080015f6                Model::setTempOutside(unsigned short)
 .text._ZN5Model14getTempOutsideEv
                0x0000000008001616       0x1a Core/Src/Model/Model.o
                0x0000000008001616                Model::getTempOutside()
 .text._ZN5Model13setTempInsideEt
                0x0000000008001630       0x20 Core/Src/Model/Model.o
                0x0000000008001630                Model::setTempInside(unsigned short)
 .text._ZN5Model12getTempInsedEv
                0x0000000008001650       0x1a Core/Src/Model/Model.o
                0x0000000008001650                Model::getTempInsed()
 .text._ZN5RFM95C2Ev
                0x000000000800166a       0x2c Core/Src/RFM95/RFM95.o
                0x000000000800166a                RFM95::RFM95()
                0x000000000800166a                RFM95::RFM95()
 *fill*         0x0000000008001696        0x2 
 .text._ZN5RFM957initRFMEtNS_15SPI_HW_SETTINGSENS_16GPIO_HW_SETTINGSE
                0x0000000008001698       0xdc Core/Src/RFM95/RFM95.o
                0x0000000008001698                RFM95::initRFM(unsigned short, RFM95::SPI_HW_SETTINGS, RFM95::GPIO_HW_SETTINGS)
 .text._ZN5RFM9511rfmTransmitEPh
                0x0000000008001774       0xb8 Core/Src/RFM95/RFM95.o
                0x0000000008001774                RFM95::rfmTransmit(unsigned char*)
 .text._ZN5RFM959selectRFMEv
                0x000000000800182c       0x20 Core/Src/RFM95/RFM95.o
                0x000000000800182c                RFM95::selectRFM()
 .text._ZN5RFM9511deselectRFMEv
                0x000000000800184c       0x20 Core/Src/RFM95/RFM95.o
                0x000000000800184c                RFM95::deselectRFM()
 .text._ZN5RFM958writeRegEhh
                0x000000000800186c       0x5e Core/Src/RFM95/RFM95.o
                0x000000000800186c                RFM95::writeReg(unsigned char, unsigned char)
 .text._ZN5RFM957readRegEh
                0x00000000080018ca       0x44 Core/Src/RFM95/RFM95.o
                0x00000000080018ca                RFM95::readReg(unsigned char)
 *fill*         0x000000000800190e        0x2 
 .text._ZN5RFM959writeFIFOEPh
                0x0000000008001910       0x4c Core/Src/RFM95/RFM95.o
                0x0000000008001910                RFM95::writeFIFO(unsigned char*)
 .text._ZN5RFM957setModeENS_4MODEE
                0x000000000800195c       0xaa Core/Src/RFM95/RFM95.o
                0x000000000800195c                RFM95::setMode(RFM95::MODE)
 *fill*         0x0000000008001a06        0x2 
 .text._ZN5RFM958readGPIOEh
                0x0000000008001a08       0xc0 Core/Src/RFM95/RFM95.o
                0x0000000008001a08                RFM95::readGPIO(unsigned char)
 .text._ZN5RFM9514setOutputPowerEh
                0x0000000008001ac8       0x56 Core/Src/RFM95/RFM95.o
                0x0000000008001ac8                RFM95::setOutputPower(unsigned char)
 .text._ZN5RFM958resetRFMEv
                0x0000000008001b1e       0x40 Core/Src/RFM95/RFM95.o
                0x0000000008001b1e                RFM95::resetRFM()
 .text._ZN5RFM9513rcCalibrationEv
                0x0000000008001b5e       0x28 Core/Src/RFM95/RFM95.o
                0x0000000008001b5e                RFM95::rcCalibration()
 .text._ZN5StackC2Ev
                0x0000000008001b86       0x16 Core/Src/RFM95/Stack.o
                0x0000000008001b86                Stack::Stack()
                0x0000000008001b86                Stack::Stack()
 .text._ZN5SHT21C2EP5Model
                0x0000000008001b9c       0x1e Core/Src/SHT21/SHT21.o
                0x0000000008001b9c                SHT21::SHT21(Model*)
                0x0000000008001b9c                SHT21::SHT21(Model*)
 *fill*         0x0000000008001bba        0x2 
 .text._ZN5SHT219writeByteEh
                0x0000000008001bbc       0x30 Core/Src/SHT21/SHT21.o
                0x0000000008001bbc                SHT21::writeByte(unsigned char)
 .text._ZN5SHT2113readSHT21TempEv
                0x0000000008001bec       0x64 Core/Src/SHT21/SHT21.o
                0x0000000008001bec                SHT21::readSHT21Temp()
 .text._ZN5SHT2117readSHT21HumidityEv
                0x0000000008001c50       0x64 Core/Src/SHT21/SHT21.o
                0x0000000008001c50                SHT21::readSHT21Humidity()
 .text._ZN7USB_ComC2Ev
                0x0000000008001cb4       0x16 Core/Src/USB/USBCom.o
                0x0000000008001cb4                USB_Com::USB_Com()
                0x0000000008001cb4                USB_Com::USB_Com()
 *fill*         0x0000000008001cca        0x2 
 .text.MX_GPIO_Init
                0x0000000008001ccc      0x134 Core/Src/gpio.o
                0x0000000008001ccc                MX_GPIO_Init
 .text.MX_I2C1_Init
                0x0000000008001e00       0x80 Core/Src/i2c.o
                0x0000000008001e00                MX_I2C1_Init
 .text.HAL_I2C_MspInit
                0x0000000008001e80       0x88 Core/Src/i2c.o
                0x0000000008001e80                HAL_I2C_MspInit
 .text.main     0x0000000008001f08       0x58 Core/Src/main.o
                0x0000000008001f08                main
 .text._Z18SystemClock_Configv
                0x0000000008001f60      0x106 Core/Src/main.o
                0x0000000008001f60                SystemClock_Config()
 *fill*         0x0000000008002066        0x2 
 .text.HAL_UART_RxCpltCallback
                0x0000000008002068       0x34 Core/Src/main.o
                0x0000000008002068                HAL_UART_RxCpltCallback
 .text.Error_Handler
                0x000000000800209c        0xe Core/Src/main.o
                0x000000000800209c                Error_Handler
 *fill*         0x00000000080020aa        0x2 
 .text._Z41__static_initialization_and_destruction_0ii
                0x00000000080020ac       0x2c Core/Src/main.o
 .text._GLOBAL__sub_I_appMain
                0x00000000080020d8       0x10 Core/Src/main.o
 .text.MX_SPI1_Init
                0x00000000080020e8       0x7c Core/Src/spi.o
                0x00000000080020e8                MX_SPI1_Init
 .text.HAL_SPI_MspInit
                0x0000000008002164       0x84 Core/Src/spi.o
                0x0000000008002164                HAL_SPI_MspInit
 .text.HAL_MspInit
                0x00000000080021e8       0x48 Core/Src/stm32l4xx_hal_msp.o
                0x00000000080021e8                HAL_MspInit
 .text.NMI_Handler
                0x0000000008002230        0xe Core/Src/stm32l4xx_it.o
                0x0000000008002230                NMI_Handler
 .text.HardFault_Handler
                0x000000000800223e        0x6 Core/Src/stm32l4xx_it.o
                0x000000000800223e                HardFault_Handler
 .text.MemManage_Handler
                0x0000000008002244        0x6 Core/Src/stm32l4xx_it.o
                0x0000000008002244                MemManage_Handler
 .text.BusFault_Handler
                0x000000000800224a        0x6 Core/Src/stm32l4xx_it.o
                0x000000000800224a                BusFault_Handler
 .text.UsageFault_Handler
                0x0000000008002250        0x6 Core/Src/stm32l4xx_it.o
                0x0000000008002250                UsageFault_Handler
 .text.SVC_Handler
                0x0000000008002256        0xe Core/Src/stm32l4xx_it.o
                0x0000000008002256                SVC_Handler
 .text.DebugMon_Handler
                0x0000000008002264        0xe Core/Src/stm32l4xx_it.o
                0x0000000008002264                DebugMon_Handler
 .text.PendSV_Handler
                0x0000000008002272        0xe Core/Src/stm32l4xx_it.o
                0x0000000008002272                PendSV_Handler
 .text.SysTick_Handler
                0x0000000008002280        0xc Core/Src/stm32l4xx_it.o
                0x0000000008002280                SysTick_Handler
 .text.USART2_IRQHandler
                0x000000000800228c       0x14 Core/Src/stm32l4xx_it.o
                0x000000000800228c                USART2_IRQHandler
 .text.USB_IRQHandler
                0x00000000080022a0       0x14 Core/Src/stm32l4xx_it.o
                0x00000000080022a0                USB_IRQHandler
 .text.SystemInit
                0x00000000080022b4       0x6c Core/Src/system_stm32l4xx.o
                0x00000000080022b4                SystemInit
 .text.MX_USART2_UART_Init
                0x0000000008002320       0x60 Core/Src/usart.o
                0x0000000008002320                MX_USART2_UART_Init
 .text.HAL_UART_MspInit
                0x0000000008002380       0x94 Core/Src/usart.o
                0x0000000008002380                HAL_UART_MspInit
 .text.Reset_Handler
                0x0000000008002414       0x50 Core/Startup/startup_stm32l412k8tx.o
                0x0000000008002414                Reset_Handler
 .text.Default_Handler
                0x0000000008002464        0x2 Core/Startup/startup_stm32l412k8tx.o
                0x0000000008002464                RTC_Alarm_IRQHandler
                0x0000000008002464                EXTI2_IRQHandler
                0x0000000008002464                TIM1_CC_IRQHandler
                0x0000000008002464                TSC_IRQHandler
                0x0000000008002464                TIM6_IRQHandler
                0x0000000008002464                TAMP_STAMP_IRQHandler
                0x0000000008002464                EXTI3_IRQHandler
                0x0000000008002464                LPTIM2_IRQHandler
                0x0000000008002464                I2C3_ER_IRQHandler
                0x0000000008002464                EXTI0_IRQHandler
                0x0000000008002464                I2C2_EV_IRQHandler
                0x0000000008002464                FPU_IRQHandler
                0x0000000008002464                TIM1_UP_TIM16_IRQHandler
                0x0000000008002464                ADC1_2_IRQHandler
                0x0000000008002464                SPI1_IRQHandler
                0x0000000008002464                DMA2_Channel2_IRQHandler
                0x0000000008002464                DMA1_Channel4_IRQHandler
                0x0000000008002464                USART3_IRQHandler
                0x0000000008002464                DMA1_Channel7_IRQHandler
                0x0000000008002464                DMA2_Channel1_IRQHandler
                0x0000000008002464                QUADSPI_IRQHandler
                0x0000000008002464                I2C1_EV_IRQHandler
                0x0000000008002464                DMA1_Channel6_IRQHandler
                0x0000000008002464                DMA2_Channel4_IRQHandler
                0x0000000008002464                RCC_IRQHandler
                0x0000000008002464                TIM1_TRG_COM_IRQHandler
                0x0000000008002464                DMA1_Channel1_IRQHandler
                0x0000000008002464                Default_Handler
                0x0000000008002464                DMA2_Channel7_IRQHandler
                0x0000000008002464                EXTI15_10_IRQHandler
                0x0000000008002464                I2C3_EV_IRQHandler
                0x0000000008002464                EXTI9_5_IRQHandler
                0x0000000008002464                RTC_WKUP_IRQHandler
                0x0000000008002464                PVD_PVM_IRQHandler
                0x0000000008002464                SPI2_IRQHandler
                0x0000000008002464                DMA2_Channel5_IRQHandler
                0x0000000008002464                CRS_IRQHandler
                0x0000000008002464                DMA1_Channel5_IRQHandler
                0x0000000008002464                EXTI4_IRQHandler
                0x0000000008002464                RNG_IRQHandler
                0x0000000008002464                DMA1_Channel3_IRQHandler
                0x0000000008002464                COMP_IRQHandler
                0x0000000008002464                WWDG_IRQHandler
                0x0000000008002464                LPUART1_IRQHandler
                0x0000000008002464                DMA2_Channel6_IRQHandler
                0x0000000008002464                TIM2_IRQHandler
                0x0000000008002464                EXTI1_IRQHandler
                0x0000000008002464                I2C2_ER_IRQHandler
                0x0000000008002464                DMA1_Channel2_IRQHandler
                0x0000000008002464                FLASH_IRQHandler
                0x0000000008002464                USART1_IRQHandler
                0x0000000008002464                I2C1_ER_IRQHandler
                0x0000000008002464                LPTIM1_IRQHandler
                0x0000000008002464                DMA2_Channel3_IRQHandler
                0x0000000008002464                TIM1_BRK_TIM15_IRQHandler
 .text.HAL_Init
                0x0000000008002466       0x30 Drivers/STM32L4xx_HAL_Driver/Src/stm32l4xx_hal.o
                0x0000000008002466                HAL_Init
 *fill*         0x0000000008002496        0x2 
 .text.HAL_InitTick
                0x0000000008002498       0x74 Drivers/STM32L4xx_HAL_Driver/Src/stm32l4xx_hal.o
                0x0000000008002498                HAL_InitTick
 .text.HAL_IncTick
                0x000000000800250c       0x24 Drivers/STM32L4xx_HAL_Driver/Src/stm32l4xx_hal.o
                0x000000000800250c                HAL_IncTick
 .text.HAL_GetTick
                0x0000000008002530       0x18 Drivers/STM32L4xx_HAL_Driver/Src/stm32l4xx_hal.o
                0x0000000008002530                HAL_GetTick
 .text.HAL_Delay
                0x0000000008002548       0x44 Drivers/STM32L4xx_HAL_Driver/Src/stm32l4xx_hal.o
                0x0000000008002548                HAL_Delay
 .text.__NVIC_SetPriorityGrouping
                0x000000000800258c       0x48 Drivers/STM32L4xx_HAL_Driver/Src/stm32l4xx_hal_cortex.o
 .text.__NVIC_GetPriorityGrouping
                0x00000000080025d4       0x1c Drivers/STM32L4xx_HAL_Driver/Src/stm32l4xx_hal_cortex.o
 .text.__NVIC_EnableIRQ
                0x00000000080025f0       0x3c Drivers/STM32L4xx_HAL_Driver/Src/stm32l4xx_hal_cortex.o
 .text.__NVIC_SetPriority
                0x000000000800262c       0x54 Drivers/STM32L4xx_HAL_Driver/Src/stm32l4xx_hal_cortex.o
 .text.NVIC_EncodePriority
                0x0000000008002680       0x66 Drivers/STM32L4xx_HAL_Driver/Src/stm32l4xx_hal_cortex.o
 *fill*         0x00000000080026e6        0x2 
 .text.SysTick_Config
                0x00000000080026e8       0x44 Drivers/STM32L4xx_HAL_Driver/Src/stm32l4xx_hal_cortex.o
 .text.HAL_NVIC_SetPriorityGrouping
                0x000000000800272c       0x16 Drivers/STM32L4xx_HAL_Driver/Src/stm32l4xx_hal_cortex.o
                0x000000000800272c                HAL_NVIC_SetPriorityGrouping
 .text.HAL_NVIC_SetPriority
                0x0000000008002742       0x38 Drivers/STM32L4xx_HAL_Driver/Src/stm32l4xx_hal_cortex.o
                0x0000000008002742                HAL_NVIC_SetPriority
 .text.HAL_NVIC_EnableIRQ
                0x000000000800277a       0x1c Drivers/STM32L4xx_HAL_Driver/Src/stm32l4xx_hal_cortex.o
                0x000000000800277a                HAL_NVIC_EnableIRQ
 .text.HAL_SYSTICK_Config
                0x0000000008002796       0x18 Drivers/STM32L4xx_HAL_Driver/Src/stm32l4xx_hal_cortex.o
                0x0000000008002796                HAL_SYSTICK_Config
 .text.HAL_DMA_Abort_IT
                0x00000000080027ae       0x82 Drivers/STM32L4xx_HAL_Driver/Src/stm32l4xx_hal_dma.o
                0x00000000080027ae                HAL_DMA_Abort_IT
 .text.HAL_GPIO_Init
                0x0000000008002830      0x2e4 Drivers/STM32L4xx_HAL_Driver/Src/stm32l4xx_hal_gpio.o
                0x0000000008002830                HAL_GPIO_Init
 .text.HAL_GPIO_ReadPin
                0x0000000008002b14       0x30 Drivers/STM32L4xx_HAL_Driver/Src/stm32l4xx_hal_gpio.o
                0x0000000008002b14                HAL_GPIO_ReadPin
 .text.HAL_GPIO_WritePin
                0x0000000008002b44       0x30 Drivers/STM32L4xx_HAL_Driver/Src/stm32l4xx_hal_gpio.o
                0x0000000008002b44                HAL_GPIO_WritePin
 .text.HAL_GPIO_TogglePin
                0x0000000008002b74       0x32 Drivers/STM32L4xx_HAL_Driver/Src/stm32l4xx_hal_gpio.o
                0x0000000008002b74                HAL_GPIO_TogglePin
 .text.HAL_I2C_Init
                0x0000000008002ba6      0x11e Drivers/STM32L4xx_HAL_Driver/Src/stm32l4xx_hal_i2c.o
                0x0000000008002ba6                HAL_I2C_Init
 .text.HAL_I2C_Master_Transmit
                0x0000000008002cc4      0x1e8 Drivers/STM32L4xx_HAL_Driver/Src/stm32l4xx_hal_i2c.o
                0x0000000008002cc4                HAL_I2C_Master_Transmit
 .text.HAL_I2C_Master_Receive
                0x0000000008002eac      0x1ec Drivers/STM32L4xx_HAL_Driver/Src/stm32l4xx_hal_i2c.o
                0x0000000008002eac                HAL_I2C_Master_Receive
 .text.HAL_I2C_Mem_Read
                0x0000000008003098      0x234 Drivers/STM32L4xx_HAL_Driver/Src/stm32l4xx_hal_i2c.o
                0x0000000008003098                HAL_I2C_Mem_Read
 .text.I2C_RequestMemoryRead
                0x00000000080032cc       0xa8 Drivers/STM32L4xx_HAL_Driver/Src/stm32l4xx_hal_i2c.o
 .text.I2C_Flush_TXDR
                0x0000000008003374       0x48 Drivers/STM32L4xx_HAL_Driver/Src/stm32l4xx_hal_i2c.o
 .text.I2C_WaitOnFlagUntilTimeout
                0x00000000080033bc       0x80 Drivers/STM32L4xx_HAL_Driver/Src/stm32l4xx_hal_i2c.o
 .text.I2C_WaitOnTXISFlagUntilTimeout
                0x000000000800343c       0x80 Drivers/STM32L4xx_HAL_Driver/Src/stm32l4xx_hal_i2c.o
 .text.I2C_WaitOnSTOPFlagUntilTimeout
                0x00000000080034bc       0x78 Drivers/STM32L4xx_HAL_Driver/Src/stm32l4xx_hal_i2c.o
 .text.I2C_WaitOnRXNEFlagUntilTimeout
                0x0000000008003534       0xd8 Drivers/STM32L4xx_HAL_Driver/Src/stm32l4xx_hal_i2c.o
 .text.I2C_IsAcknowledgeFailed
                0x000000000800360c       0xcc Drivers/STM32L4xx_HAL_Driver/Src/stm32l4xx_hal_i2c.o
 .text.I2C_TransferConfig
                0x00000000080036d8       0x5c Drivers/STM32L4xx_HAL_Driver/Src/stm32l4xx_hal_i2c.o
 .text.HAL_I2CEx_ConfigAnalogFilter
                0x0000000008003734       0x96 Drivers/STM32L4xx_HAL_Driver/Src/stm32l4xx_hal_i2c_ex.o
                0x0000000008003734                HAL_I2CEx_ConfigAnalogFilter
 .text.HAL_I2CEx_ConfigDigitalFilter
                0x00000000080037ca       0x98 Drivers/STM32L4xx_HAL_Driver/Src/stm32l4xx_hal_i2c_ex.o
                0x00000000080037ca                HAL_I2CEx_ConfigDigitalFilter
 .text.HAL_PCD_Init
                0x0000000008003862      0x1d0 Drivers/STM32L4xx_HAL_Driver/Src/stm32l4xx_hal_pcd.o
                0x0000000008003862                HAL_PCD_Init
 .text.HAL_PCD_Start
                0x0000000008003a32       0x44 Drivers/STM32L4xx_HAL_Driver/Src/stm32l4xx_hal_pcd.o
                0x0000000008003a32                HAL_PCD_Start
 .text.HAL_PCD_IRQHandler
                0x0000000008003a76      0x29c Drivers/STM32L4xx_HAL_Driver/Src/stm32l4xx_hal_pcd.o
                0x0000000008003a76                HAL_PCD_IRQHandler
 .text.HAL_PCD_SetAddress
                0x0000000008003d12       0x4a Drivers/STM32L4xx_HAL_Driver/Src/stm32l4xx_hal_pcd.o
                0x0000000008003d12                HAL_PCD_SetAddress
 .text.HAL_PCD_EP_Open
                0x0000000008003d5c       0xc0 Drivers/STM32L4xx_HAL_Driver/Src/stm32l4xx_hal_pcd.o
                0x0000000008003d5c                HAL_PCD_EP_Open
 .text.HAL_PCD_EP_Close
                0x0000000008003e1c       0x84 Drivers/STM32L4xx_HAL_Driver/Src/stm32l4xx_hal_pcd.o
                0x0000000008003e1c                HAL_PCD_EP_Close
 .text.HAL_PCD_EP_Receive
                0x0000000008003ea0       0x74 Drivers/STM32L4xx_HAL_Driver/Src/stm32l4xx_hal_pcd.o
                0x0000000008003ea0                HAL_PCD_EP_Receive
 .text.HAL_PCD_EP_GetRxCount
                0x0000000008003f14       0x2a Drivers/STM32L4xx_HAL_Driver/Src/stm32l4xx_hal_pcd.o
                0x0000000008003f14                HAL_PCD_EP_GetRxCount
 .text.HAL_PCD_EP_Transmit
                0x0000000008003f3e       0x72 Drivers/STM32L4xx_HAL_Driver/Src/stm32l4xx_hal_pcd.o
                0x0000000008003f3e                HAL_PCD_EP_Transmit
 .text.HAL_PCD_EP_SetStall
                0x0000000008003fb0       0xb4 Drivers/STM32L4xx_HAL_Driver/Src/stm32l4xx_hal_pcd.o
                0x0000000008003fb0                HAL_PCD_EP_SetStall
 .text.HAL_PCD_EP_ClrStall
                0x0000000008004064       0x9c Drivers/STM32L4xx_HAL_Driver/Src/stm32l4xx_hal_pcd.o
                0x0000000008004064                HAL_PCD_EP_ClrStall
 .text.PCD_EP_ISR_Handler
                0x0000000008004100      0x518 Drivers/STM32L4xx_HAL_Driver/Src/stm32l4xx_hal_pcd.o
 .text.HAL_PCDEx_PMAConfig
                0x0000000008004618       0x7a Drivers/STM32L4xx_HAL_Driver/Src/stm32l4xx_hal_pcd_ex.o
                0x0000000008004618                HAL_PCDEx_PMAConfig
 .text.HAL_PCDEx_ActivateLPM
                0x0000000008004692       0x54 Drivers/STM32L4xx_HAL_Driver/Src/stm32l4xx_hal_pcd_ex.o
                0x0000000008004692                HAL_PCDEx_ActivateLPM
 *fill*         0x00000000080046e6        0x2 
 .text.HAL_PWREx_GetVoltageRange
                0x00000000080046e8       0x1c Drivers/STM32L4xx_HAL_Driver/Src/stm32l4xx_hal_pwr_ex.o
                0x00000000080046e8                HAL_PWREx_GetVoltageRange
 .text.HAL_PWREx_ControlVoltageScaling
                0x0000000008004704       0xac Drivers/STM32L4xx_HAL_Driver/Src/stm32l4xx_hal_pwr_ex.o
                0x0000000008004704                HAL_PWREx_ControlVoltageScaling
 .text.HAL_PWREx_EnableVddUSB
                0x00000000080047b0       0x20 Drivers/STM32L4xx_HAL_Driver/Src/stm32l4xx_hal_pwr_ex.o
                0x00000000080047b0                HAL_PWREx_EnableVddUSB
 .text.HAL_RCC_OscConfig
                0x00000000080047d0      0x8cc Drivers/STM32L4xx_HAL_Driver/Src/stm32l4xx_hal_rcc.o
                0x00000000080047d0                HAL_RCC_OscConfig
 .text.HAL_RCC_ClockConfig
                0x000000000800509c      0x1c4 Drivers/STM32L4xx_HAL_Driver/Src/stm32l4xx_hal_rcc.o
                0x000000000800509c                HAL_RCC_ClockConfig
 .text.HAL_RCC_GetSysClockFreq
                0x0000000008005260      0x114 Drivers/STM32L4xx_HAL_Driver/Src/stm32l4xx_hal_rcc.o
                0x0000000008005260                HAL_RCC_GetSysClockFreq
 .text.HAL_RCC_GetHCLKFreq
                0x0000000008005374       0x18 Drivers/STM32L4xx_HAL_Driver/Src/stm32l4xx_hal_rcc.o
                0x0000000008005374                HAL_RCC_GetHCLKFreq
 .text.HAL_RCC_GetPCLK1Freq
                0x000000000800538c       0x2c Drivers/STM32L4xx_HAL_Driver/Src/stm32l4xx_hal_rcc.o
                0x000000000800538c                HAL_RCC_GetPCLK1Freq
 .text.HAL_RCC_GetPCLK2Freq
                0x00000000080053b8       0x2c Drivers/STM32L4xx_HAL_Driver/Src/stm32l4xx_hal_rcc.o
                0x00000000080053b8                HAL_RCC_GetPCLK2Freq
 .text.RCC_SetFlashLatencyFromMSIRange
                0x00000000080053e4       0xc0 Drivers/STM32L4xx_HAL_Driver/Src/stm32l4xx_hal_rcc.o
 .text.HAL_RCCEx_PeriphCLKConfig
                0x00000000080054a4      0x30c Drivers/STM32L4xx_HAL_Driver/Src/stm32l4xx_hal_rcc_ex.o
                0x00000000080054a4                HAL_RCCEx_PeriphCLKConfig
 .text.HAL_SPI_Init
                0x00000000080057b0      0x114 Drivers/STM32L4xx_HAL_Driver/Src/stm32l4xx_hal_spi.o
                0x00000000080057b0                HAL_SPI_Init
 .text.HAL_SPI_Transmit
                0x00000000080058c4      0x2cc Drivers/STM32L4xx_HAL_Driver/Src/stm32l4xx_hal_spi.o
                0x00000000080058c4                HAL_SPI_Transmit
 .text.HAL_SPI_Receive
                0x0000000008005b90      0x250 Drivers/STM32L4xx_HAL_Driver/Src/stm32l4xx_hal_spi.o
                0x0000000008005b90                HAL_SPI_Receive
 .text.HAL_SPI_TransmitReceive
                0x0000000008005de0      0x426 Drivers/STM32L4xx_HAL_Driver/Src/stm32l4xx_hal_spi.o
                0x0000000008005de0                HAL_SPI_TransmitReceive
 .text.SPI_WaitFlagStateUntilTimeout
                0x0000000008006206       0xd4 Drivers/STM32L4xx_HAL_Driver/Src/stm32l4xx_hal_spi.o
 .text.SPI_WaitFifoStateUntilTimeout
                0x00000000080062da       0xda Drivers/STM32L4xx_HAL_Driver/Src/stm32l4xx_hal_spi.o
 .text.SPI_EndRxTransaction
                0x00000000080063b4       0xb0 Drivers/STM32L4xx_HAL_Driver/Src/stm32l4xx_hal_spi.o
 .text.SPI_EndRxTxTransaction
                0x0000000008006464       0x8c Drivers/STM32L4xx_HAL_Driver/Src/stm32l4xx_hal_spi.o
 .text.HAL_UART_Init
                0x00000000080064f0       0x9c Drivers/STM32L4xx_HAL_Driver/Src/stm32l4xx_hal_uart.o
                0x00000000080064f0                HAL_UART_Init
 .text.HAL_UART_Receive_IT
                0x000000000800658c      0x144 Drivers/STM32L4xx_HAL_Driver/Src/stm32l4xx_hal_uart.o
                0x000000000800658c                HAL_UART_Receive_IT
 .text.HAL_UART_IRQHandler
                0x00000000080066d0      0x28c Drivers/STM32L4xx_HAL_Driver/Src/stm32l4xx_hal_uart.o
                0x00000000080066d0                HAL_UART_IRQHandler
 .text.HAL_UART_TxCpltCallback
                0x000000000800695c       0x14 Drivers/STM32L4xx_HAL_Driver/Src/stm32l4xx_hal_uart.o
                0x000000000800695c                HAL_UART_TxCpltCallback
 .text.HAL_UART_ErrorCallback
                0x0000000008006970       0x14 Drivers/STM32L4xx_HAL_Driver/Src/stm32l4xx_hal_uart.o
                0x0000000008006970                HAL_UART_ErrorCallback
 .text.UART_SetConfig
                0x0000000008006984      0x628 Drivers/STM32L4xx_HAL_Driver/Src/stm32l4xx_hal_uart.o
                0x0000000008006984                UART_SetConfig
 .text.UART_AdvFeatureConfig
                0x0000000008006fac      0x144 Drivers/STM32L4xx_HAL_Driver/Src/stm32l4xx_hal_uart.o
                0x0000000008006fac                UART_AdvFeatureConfig
 .text.UART_CheckIdleState
                0x00000000080070f0       0x8a Drivers/STM32L4xx_HAL_Driver/Src/stm32l4xx_hal_uart.o
                0x00000000080070f0                UART_CheckIdleState
 .text.UART_WaitOnFlagUntilTimeout
                0x000000000800717a       0xf6 Drivers/STM32L4xx_HAL_Driver/Src/stm32l4xx_hal_uart.o
                0x000000000800717a                UART_WaitOnFlagUntilTimeout
 .text.UART_EndRxTransfer
                0x0000000008007270       0x40 Drivers/STM32L4xx_HAL_Driver/Src/stm32l4xx_hal_uart.o
 .text.UART_DMAAbortOnError
                0x00000000080072b0       0x2c Drivers/STM32L4xx_HAL_Driver/Src/stm32l4xx_hal_uart.o
 .text.UART_EndTransmit_IT
                0x00000000080072dc       0x32 Drivers/STM32L4xx_HAL_Driver/Src/stm32l4xx_hal_uart.o
 .text.UART_RxISR_8BIT
                0x000000000800730e       0xaa Drivers/STM32L4xx_HAL_Driver/Src/stm32l4xx_hal_uart.o
 .text.UART_RxISR_16BIT
                0x00000000080073b8       0xaa Drivers/STM32L4xx_HAL_Driver/Src/stm32l4xx_hal_uart.o
 .text.HAL_UARTEx_WakeupCallback
                0x0000000008007462       0x14 Drivers/STM32L4xx_HAL_Driver/Src/stm32l4xx_hal_uart_ex.o
                0x0000000008007462                HAL_UARTEx_WakeupCallback
 .text.USB_CoreInit
                0x0000000008007476       0x22 Drivers/STM32L4xx_HAL_Driver/Src/stm32l4xx_ll_usb.o
                0x0000000008007476                USB_CoreInit
 .text.USB_EnableGlobalInt
                0x0000000008007498       0x32 Drivers/STM32L4xx_HAL_Driver/Src/stm32l4xx_ll_usb.o
                0x0000000008007498                USB_EnableGlobalInt
 .text.USB_DisableGlobalInt
                0x00000000080074ca       0x36 Drivers/STM32L4xx_HAL_Driver/Src/stm32l4xx_ll_usb.o
                0x00000000080074ca                USB_DisableGlobalInt
 .text.USB_SetCurrentMode
                0x0000000008007500       0x1a Drivers/STM32L4xx_HAL_Driver/Src/stm32l4xx_ll_usb.o
                0x0000000008007500                USB_SetCurrentMode
 .text.USB_DevInit
                0x000000000800751a       0x48 Drivers/STM32L4xx_HAL_Driver/Src/stm32l4xx_ll_usb.o
                0x000000000800751a                USB_DevInit
 *fill*         0x0000000008007562        0x2 
 .text.USB_ActivateEndpoint
                0x0000000008007564      0x5e0 Drivers/STM32L4xx_HAL_Driver/Src/stm32l4xx_ll_usb.o
                0x0000000008007564                USB_ActivateEndpoint
 .text.USB_DeactivateEndpoint
                0x0000000008007b44      0x32c Drivers/STM32L4xx_HAL_Driver/Src/stm32l4xx_ll_usb.o
                0x0000000008007b44                USB_DeactivateEndpoint
 .text.USB_EPStartXfer
                0x0000000008007e70      0x570 Drivers/STM32L4xx_HAL_Driver/Src/stm32l4xx_ll_usb.o
                0x0000000008007e70                USB_EPStartXfer
 .text.USB_EPSetStall
                0x00000000080083e0       0x84 Drivers/STM32L4xx_HAL_Driver/Src/stm32l4xx_ll_usb.o
                0x00000000080083e0                USB_EPSetStall
 .text.USB_EPClearStall
                0x0000000008008464      0x128 Drivers/STM32L4xx_HAL_Driver/Src/stm32l4xx_ll_usb.o
                0x0000000008008464                USB_EPClearStall
 .text.USB_SetDevAddress
                0x000000000800858c       0x28 Drivers/STM32L4xx_HAL_Driver/Src/stm32l4xx_ll_usb.o
                0x000000000800858c                USB_SetDevAddress
 .text.USB_DevConnect
                0x00000000080085b4       0x2e Drivers/STM32L4xx_HAL_Driver/Src/stm32l4xx_ll_usb.o
                0x00000000080085b4                USB_DevConnect
 .text.USB_DevDisconnect
                0x00000000080085e2       0x2a Drivers/STM32L4xx_HAL_Driver/Src/stm32l4xx_ll_usb.o
                0x00000000080085e2                USB_DevDisconnect
 .text.USB_ReadInterrupts
                0x000000000800860c       0x20 Drivers/STM32L4xx_HAL_Driver/Src/stm32l4xx_ll_usb.o
                0x000000000800860c                USB_ReadInterrupts
 .text.USB_EP0_OutStart
                0x000000000800862c       0x18 Drivers/STM32L4xx_HAL_Driver/Src/stm32l4xx_ll_usb.o
                0x000000000800862c                USB_EP0_OutStart
 .text.USB_WritePMA
                0x0000000008008644       0x82 Drivers/STM32L4xx_HAL_Driver/Src/stm32l4xx_ll_usb.o
                0x0000000008008644                USB_WritePMA
 .text.USB_ReadPMA
                0x00000000080086c6       0x98 Drivers/STM32L4xx_HAL_Driver/Src/stm32l4xx_ll_usb.o
                0x00000000080086c6                USB_ReadPMA
 .text.USBD_CDC_Init
                0x000000000800875e       0xf4 Middlewares/ST/STM32_USB_Device_Library/Class/CDC/Src/usbd_cdc.o
 .text.USBD_CDC_DeInit
                0x0000000008008852       0x6e Middlewares/ST/STM32_USB_Device_Library/Class/CDC/Src/usbd_cdc.o
 .text.USBD_CDC_Setup
                0x00000000080088c0      0x140 Middlewares/ST/STM32_USB_Device_Library/Class/CDC/Src/usbd_cdc.o
 .text.USBD_CDC_DataIn
                0x0000000008008a00       0xa0 Middlewares/ST/STM32_USB_Device_Library/Class/CDC/Src/usbd_cdc.o
 .text.USBD_CDC_DataOut
                0x0000000008008aa0       0x56 Middlewares/ST/STM32_USB_Device_Library/Class/CDC/Src/usbd_cdc.o
 .text.USBD_CDC_EP0_RxReady
                0x0000000008008af6       0x50 Middlewares/ST/STM32_USB_Device_Library/Class/CDC/Src/usbd_cdc.o
 *fill*         0x0000000008008b46        0x2 
 .text.USBD_CDC_GetFSCfgDesc
                0x0000000008008b48       0x20 Middlewares/ST/STM32_USB_Device_Library/Class/CDC/Src/usbd_cdc.o
 .text.USBD_CDC_GetHSCfgDesc
                0x0000000008008b68       0x20 Middlewares/ST/STM32_USB_Device_Library/Class/CDC/Src/usbd_cdc.o
 .text.USBD_CDC_GetOtherSpeedCfgDesc
                0x0000000008008b88       0x20 Middlewares/ST/STM32_USB_Device_Library/Class/CDC/Src/usbd_cdc.o
 .text.USBD_CDC_GetDeviceQualifierDescriptor
                0x0000000008008ba8       0x20 Middlewares/ST/STM32_USB_Device_Library/Class/CDC/Src/usbd_cdc.o
                0x0000000008008ba8                USBD_CDC_GetDeviceQualifierDescriptor
 .text.USBD_CDC_RegisterInterface
                0x0000000008008bc8       0x2e Middlewares/ST/STM32_USB_Device_Library/Class/CDC/Src/usbd_cdc.o
                0x0000000008008bc8                USBD_CDC_RegisterInterface
 .text.USBD_CDC_SetTxBuffer
                0x0000000008008bf6       0x34 Middlewares/ST/STM32_USB_Device_Library/Class/CDC/Src/usbd_cdc.o
                0x0000000008008bf6                USBD_CDC_SetTxBuffer
 .text.USBD_CDC_SetRxBuffer
                0x0000000008008c2a       0x28 Middlewares/ST/STM32_USB_Device_Library/Class/CDC/Src/usbd_cdc.o
                0x0000000008008c2a                USBD_CDC_SetRxBuffer
 .text.USBD_CDC_ReceivePacket
                0x0000000008008c52       0x54 Middlewares/ST/STM32_USB_Device_Library/Class/CDC/Src/usbd_cdc.o
                0x0000000008008c52                USBD_CDC_ReceivePacket
 .text.USBD_Init
                0x0000000008008ca6       0x56 Middlewares/ST/STM32_USB_Device_Library/Core/Src/usbd_core.o
                0x0000000008008ca6                USBD_Init
 .text.USBD_RegisterClass
                0x0000000008008cfc       0x34 Middlewares/ST/STM32_USB_Device_Library/Core/Src/usbd_core.o
                0x0000000008008cfc                USBD_RegisterClass
 .text.USBD_Start
                0x0000000008008d30       0x18 Middlewares/ST/STM32_USB_Device_Library/Core/Src/usbd_core.o
                0x0000000008008d30                USBD_Start
 .text.USBD_RunTestMode
                0x0000000008008d48       0x16 Middlewares/ST/STM32_USB_Device_Library/Core/Src/usbd_core.o
                0x0000000008008d48                USBD_RunTestMode
 .text.USBD_SetClassConfig
                0x0000000008008d5e       0x3e Middlewares/ST/STM32_USB_Device_Library/Core/Src/usbd_core.o
                0x0000000008008d5e                USBD_SetClassConfig
 .text.USBD_ClrClassConfig
                0x0000000008008d9c       0x26 Middlewares/ST/STM32_USB_Device_Library/Core/Src/usbd_core.o
                0x0000000008008d9c                USBD_ClrClassConfig
 .text.USBD_LL_SetupStage
                0x0000000008008dc2       0x96 Middlewares/ST/STM32_USB_Device_Library/Core/Src/usbd_core.o
                0x0000000008008dc2                USBD_LL_SetupStage
 .text.USBD_LL_DataOutStage
                0x0000000008008e58       0xe2 Middlewares/ST/STM32_USB_Device_Library/Core/Src/usbd_core.o
                0x0000000008008e58                USBD_LL_DataOutStage
 .text.USBD_LL_DataInStage
                0x0000000008008f3a      0x14a Middlewares/ST/STM32_USB_Device_Library/Core/Src/usbd_core.o
                0x0000000008008f3a                USBD_LL_DataInStage
 .text.USBD_LL_Reset
                0x0000000008009084       0x82 Middlewares/ST/STM32_USB_Device_Library/Core/Src/usbd_core.o
                0x0000000008009084                USBD_LL_Reset
 .text.USBD_LL_SetSpeed
                0x0000000008009106       0x20 Middlewares/ST/STM32_USB_Device_Library/Core/Src/usbd_core.o
                0x0000000008009106                USBD_LL_SetSpeed
 .text.USBD_LL_Suspend
                0x0000000008009126       0x2a Middlewares/ST/STM32_USB_Device_Library/Core/Src/usbd_core.o
                0x0000000008009126                USBD_LL_Suspend
 .text.USBD_LL_Resume
                0x0000000008009150       0x2c Middlewares/ST/STM32_USB_Device_Library/Core/Src/usbd_core.o
                0x0000000008009150                USBD_LL_Resume
 .text.USBD_LL_SOF
                0x000000000800917c       0x34 Middlewares/ST/STM32_USB_Device_Library/Core/Src/usbd_core.o
                0x000000000800917c                USBD_LL_SOF
 .text.USBD_StdDevReq
                0x00000000080091b0       0xd4 Middlewares/ST/STM32_USB_Device_Library/Core/Src/usbd_ctlreq.o
                0x00000000080091b0                USBD_StdDevReq
 .text.USBD_StdItfReq
                0x0000000008009284       0x8c Middlewares/ST/STM32_USB_Device_Library/Core/Src/usbd_ctlreq.o
                0x0000000008009284                USBD_StdItfReq
 .text.USBD_StdEPReq
                0x0000000008009310      0x2ba Middlewares/ST/STM32_USB_Device_Library/Core/Src/usbd_ctlreq.o
                0x0000000008009310                USBD_StdEPReq
 *fill*         0x00000000080095ca        0x2 
 .text.USBD_GetDescriptor
                0x00000000080095cc      0x324 Middlewares/ST/STM32_USB_Device_Library/Core/Src/usbd_ctlreq.o
 .text.USBD_SetAddress
                0x00000000080098f0       0x84 Middlewares/ST/STM32_USB_Device_Library/Core/Src/usbd_ctlreq.o
 .text.USBD_SetConfig
                0x0000000008009974      0x11c Middlewares/ST/STM32_USB_Device_Library/Core/Src/usbd_ctlreq.o
 .text.USBD_GetConfig
                0x0000000008009a90       0x68 Middlewares/ST/STM32_USB_Device_Library/Core/Src/usbd_ctlreq.o
 .text.USBD_GetStatus
                0x0000000008009af8       0x66 Middlewares/ST/STM32_USB_Device_Library/Core/Src/usbd_ctlreq.o
 .text.USBD_SetFeature
                0x0000000008009b5e       0x28 Middlewares/ST/STM32_USB_Device_Library/Core/Src/usbd_ctlreq.o
 .text.USBD_ClrFeature
                0x0000000008009b86       0x42 Middlewares/ST/STM32_USB_Device_Library/Core/Src/usbd_ctlreq.o
 .text.USBD_ParseSetupRequest
                0x0000000008009bc8       0x7a Middlewares/ST/STM32_USB_Device_Library/Core/Src/usbd_ctlreq.o
                0x0000000008009bc8                USBD_ParseSetupRequest
 .text.USBD_CtlError
                0x0000000008009c42       0x22 Middlewares/ST/STM32_USB_Device_Library/Core/Src/usbd_ctlreq.o
                0x0000000008009c42                USBD_CtlError
 .text.USBD_GetString
                0x0000000008009c64       0x84 Middlewares/ST/STM32_USB_Device_Library/Core/Src/usbd_ctlreq.o
                0x0000000008009c64                USBD_GetString
 .text.USBD_GetLen
                0x0000000008009ce8       0x30 Middlewares/ST/STM32_USB_Device_Library/Core/Src/usbd_ctlreq.o
 .text.USBD_CtlSendData
                0x0000000008009d18       0x38 Middlewares/ST/STM32_USB_Device_Library/Core/Src/usbd_ioreq.o
                0x0000000008009d18                USBD_CtlSendData
 .text.USBD_CtlContinueSendData
                0x0000000008009d50       0x24 Middlewares/ST/STM32_USB_Device_Library/Core/Src/usbd_ioreq.o
                0x0000000008009d50                USBD_CtlContinueSendData
 .text.USBD_CtlPrepareRx
                0x0000000008009d74       0x3c Middlewares/ST/STM32_USB_Device_Library/Core/Src/usbd_ioreq.o
                0x0000000008009d74                USBD_CtlPrepareRx
 .text.USBD_CtlContinueRx
                0x0000000008009db0       0x24 Middlewares/ST/STM32_USB_Device_Library/Core/Src/usbd_ioreq.o
                0x0000000008009db0                USBD_CtlContinueRx
 .text.USBD_CtlSendStatus
                0x0000000008009dd4       0x26 Middlewares/ST/STM32_USB_Device_Library/Core/Src/usbd_ioreq.o
                0x0000000008009dd4                USBD_CtlSendStatus
 .text.USBD_CtlReceiveStatus
                0x0000000008009dfa       0x26 Middlewares/ST/STM32_USB_Device_Library/Core/Src/usbd_ioreq.o
                0x0000000008009dfa                USBD_CtlReceiveStatus
 .text.MX_USB_DEVICE_Init
                0x0000000008009e20       0x60 USB_DEVICE/App/usb_device.o
                0x0000000008009e20                MX_USB_DEVICE_Init
 .text.CDC_Init_FS
                0x0000000008009e80       0x28 USB_DEVICE/App/usbd_cdc_if.o
 .text.CDC_DeInit_FS
                0x0000000008009ea8       0x10 USB_DEVICE/App/usbd_cdc_if.o
 .text.CDC_Control_FS
                0x0000000008009eb8       0xbc USB_DEVICE/App/usbd_cdc_if.o
 .text.CDC_Receive_FS
                0x0000000008009f74       0x28 USB_DEVICE/App/usbd_cdc_if.o
 .text.USBD_FS_DeviceDescriptor
                0x0000000008009f9c       0x24 USB_DEVICE/App/usbd_desc.o
                0x0000000008009f9c                USBD_FS_DeviceDescriptor
 .text.USBD_FS_LangIDStrDescriptor
                0x0000000008009fc0       0x24 USB_DEVICE/App/usbd_desc.o
                0x0000000008009fc0                USBD_FS_LangIDStrDescriptor
 .text.USBD_FS_ProductStrDescriptor
                0x0000000008009fe4       0x3c USB_DEVICE/App/usbd_desc.o
                0x0000000008009fe4                USBD_FS_ProductStrDescriptor
 .text.USBD_FS_ManufacturerStrDescriptor
                0x000000000800a020       0x28 USB_DEVICE/App/usbd_desc.o
                0x000000000800a020                USBD_FS_ManufacturerStrDescriptor
 .text.USBD_FS_SerialStrDescriptor
                0x000000000800a048       0x24 USB_DEVICE/App/usbd_desc.o
                0x000000000800a048                USBD_FS_SerialStrDescriptor
 .text.USBD_FS_ConfigStrDescriptor
                0x000000000800a06c       0x3c USB_DEVICE/App/usbd_desc.o
                0x000000000800a06c                USBD_FS_ConfigStrDescriptor
 .text.USBD_FS_InterfaceStrDescriptor
                0x000000000800a0a8       0x3c USB_DEVICE/App/usbd_desc.o
                0x000000000800a0a8                USBD_FS_InterfaceStrDescriptor
 .text.USBD_FS_USR_BOSDescriptor
                0x000000000800a0e4       0x24 USB_DEVICE/App/usbd_desc.o
                0x000000000800a0e4                USBD_FS_USR_BOSDescriptor
 .text.Get_SerialNum
                0x000000000800a108       0x58 USB_DEVICE/App/usbd_desc.o
 .text.IntToUnicode
                0x000000000800a160       0x7c USB_DEVICE/App/usbd_desc.o
 .text.HAL_PCD_MspInit
                0x000000000800a1dc       0x98 USB_DEVICE/Target/usbd_conf.o
                0x000000000800a1dc                HAL_PCD_MspInit
 .text.HAL_PCD_SetupStageCallback
                0x000000000800a274       0x24 USB_DEVICE/Target/usbd_conf.o
                0x000000000800a274                HAL_PCD_SetupStageCallback
 .text.HAL_PCD_DataOutStageCallback
                0x000000000800a298       0x30 USB_DEVICE/Target/usbd_conf.o
                0x000000000800a298                HAL_PCD_DataOutStageCallback
 .text.HAL_PCD_DataInStageCallback
                0x000000000800a2c8       0x2e USB_DEVICE/Target/usbd_conf.o
                0x000000000800a2c8                HAL_PCD_DataInStageCallback
 .text.HAL_PCD_SOFCallback
                0x000000000800a2f6       0x1c USB_DEVICE/Target/usbd_conf.o
                0x000000000800a2f6                HAL_PCD_SOFCallback
 .text.HAL_PCD_ResetCallback
                0x000000000800a312       0x3c USB_DEVICE/Target/usbd_conf.o
                0x000000000800a312                HAL_PCD_ResetCallback
 *fill*         0x000000000800a34e        0x2 
 .text.HAL_PCD_SuspendCallback
                0x000000000800a350       0x34 USB_DEVICE/Target/usbd_conf.o
                0x000000000800a350                HAL_PCD_SuspendCallback
 .text.HAL_PCD_ResumeCallback
                0x000000000800a384       0x38 USB_DEVICE/Target/usbd_conf.o
                0x000000000800a384                HAL_PCD_ResumeCallback
 .text.USBD_LL_Init
                0x000000000800a3bc       0xc4 USB_DEVICE/Target/usbd_conf.o
                0x000000000800a3bc                USBD_LL_Init
 .text.USBD_LL_Start
                0x000000000800a480       0x64 USB_DEVICE/Target/usbd_conf.o
                0x000000000800a480                USBD_LL_Start
 .text.USBD_LL_OpenEP
                0x000000000800a4e4       0x7c USB_DEVICE/Target/usbd_conf.o
                0x000000000800a4e4                USBD_LL_OpenEP
 .text.USBD_LL_CloseEP
                0x000000000800a560       0x6c USB_DEVICE/Target/usbd_conf.o
                0x000000000800a560                USBD_LL_CloseEP
 .text.USBD_LL_StallEP
                0x000000000800a5cc       0x6c USB_DEVICE/Target/usbd_conf.o
                0x000000000800a5cc                USBD_LL_StallEP
 .text.USBD_LL_ClearStallEP
                0x000000000800a638       0x6c USB_DEVICE/Target/usbd_conf.o
                0x000000000800a638                USBD_LL_ClearStallEP
 .text.USBD_LL_IsStallEP
                0x000000000800a6a4       0x4c USB_DEVICE/Target/usbd_conf.o
                0x000000000800a6a4                USBD_LL_IsStallEP
 .text.USBD_LL_SetUSBAddress
                0x000000000800a6f0       0x6c USB_DEVICE/Target/usbd_conf.o
                0x000000000800a6f0                USBD_LL_SetUSBAddress
 .text.USBD_LL_Transmit
                0x000000000800a75c       0x74 USB_DEVICE/Target/usbd_conf.o
                0x000000000800a75c                USBD_LL_Transmit
 .text.USBD_LL_PrepareReceive
                0x000000000800a7d0       0x74 USB_DEVICE/Target/usbd_conf.o
                0x000000000800a7d0                USBD_LL_PrepareReceive
 .text.USBD_LL_GetRxDataSize
                0x000000000800a844       0x26 USB_DEVICE/Target/usbd_conf.o
                0x000000000800a844                USBD_LL_GetRxDataSize
 *fill*         0x000000000800a86a        0x2 
 .text.HAL_PCDEx_LPM_Callback
                0x000000000800a86c       0x6c USB_DEVICE/Target/usbd_conf.o
                0x000000000800a86c                HAL_PCDEx_LPM_Callback
 .text.USBD_static_malloc
                0x000000000800a8d8       0x1c USB_DEVICE/Target/usbd_conf.o
                0x000000000800a8d8                USBD_static_malloc
 .text.USBD_static_free
                0x000000000800a8f4       0x14 USB_DEVICE/Target/usbd_conf.o
                0x000000000800a8f4                USBD_static_free
 .text.SystemClockConfig_Resume
                0x000000000800a908        0xe USB_DEVICE/Target/usbd_conf.o
 *fill*         0x000000000800a916        0x2 
 .text.__libc_init_array
                0x000000000800a918       0x48 c:/st/stm32cubeide_1.3.0/stm32cubeide/plugins/com.st.stm32cube.ide.mcu.externaltools.gnu-tools-for-stm32.7-2018-q2-update.win32_1.0.0.201904181610/tools/bin/../lib/gcc/arm-none-eabi/7.3.1/../../../../arm-none-eabi/lib/thumb/v7e-m/fpv4-sp/hard\libc_nano.a(lib_a-init.o)
                0x000000000800a918                __libc_init_array
 .text.memset   0x000000000800a960       0x10 c:/st/stm32cubeide_1.3.0/stm32cubeide/plugins/com.st.stm32cube.ide.mcu.externaltools.gnu-tools-for-stm32.7-2018-q2-update.win32_1.0.0.201904181610/tools/bin/../lib/gcc/arm-none-eabi/7.3.1/../../../../arm-none-eabi/lib/thumb/v7e-m/fpv4-sp/hard\libc_nano.a(lib_a-memset.o)
                0x000000000800a960                memset
 .text.strncpy  0x000000000800a970       0x2a c:/st/stm32cubeide_1.3.0/stm32cubeide/plugins/com.st.stm32cube.ide.mcu.externaltools.gnu-tools-for-stm32.7-2018-q2-update.win32_1.0.0.201904181610/tools/bin/../lib/gcc/arm-none-eabi/7.3.1/../../../../arm-none-eabi/lib/thumb/v7e-m/fpv4-sp/hard\libc_nano.a(lib_a-strncpy.o)
                0x000000000800a970                strncpy
 *(.glue_7)
 .glue_7        0x000000000800a99a        0x0 linker stubs
 *(.glue_7t)
 .glue_7t       0x000000000800a99a        0x0 linker stubs
 *(.eh_frame)
 *fill*         0x000000000800a99a        0x2 
 .eh_frame      0x000000000800a99c        0x0 c:/st/stm32cubeide_1.3.0/stm32cubeide/plugins/com.st.stm32cube.ide.mcu.externaltools.gnu-tools-for-stm32.7-2018-q2-update.win32_1.0.0.201904181610/tools/bin/../lib/gcc/arm-none-eabi/7.3.1/thumb/v7e-m/fpv4-sp/hard/crtbegin.o
 *(.init)
 .init          0x000000000800a99c        0x4 c:/st/stm32cubeide_1.3.0/stm32cubeide/plugins/com.st.stm32cube.ide.mcu.externaltools.gnu-tools-for-stm32.7-2018-q2-update.win32_1.0.0.201904181610/tools/bin/../lib/gcc/arm-none-eabi/7.3.1/thumb/v7e-m/fpv4-sp/hard/crti.o
                0x000000000800a99c                _init
 .init          0x000000000800a9a0        0x8 c:/st/stm32cubeide_1.3.0/stm32cubeide/plugins/com.st.stm32cube.ide.mcu.externaltools.gnu-tools-for-stm32.7-2018-q2-update.win32_1.0.0.201904181610/tools/bin/../lib/gcc/arm-none-eabi/7.3.1/thumb/v7e-m/fpv4-sp/hard/crtn.o
 *(.fini)
 .fini          0x000000000800a9a8        0x4 c:/st/stm32cubeide_1.3.0/stm32cubeide/plugins/com.st.stm32cube.ide.mcu.externaltools.gnu-tools-for-stm32.7-2018-q2-update.win32_1.0.0.201904181610/tools/bin/../lib/gcc/arm-none-eabi/7.3.1/thumb/v7e-m/fpv4-sp/hard/crti.o
                0x000000000800a9a8                _fini
 .fini          0x000000000800a9ac        0x8 c:/st/stm32cubeide_1.3.0/stm32cubeide/plugins/com.st.stm32cube.ide.mcu.externaltools.gnu-tools-for-stm32.7-2018-q2-update.win32_1.0.0.201904181610/tools/bin/../lib/gcc/arm-none-eabi/7.3.1/thumb/v7e-m/fpv4-sp/hard/crtn.o
                0x000000000800a9b4                . = ALIGN (0x4)
                0x000000000800a9b4                _etext = .

.vfp11_veneer   0x000000000800a9b4        0x0
 .vfp11_veneer  0x000000000800a9b4        0x0 linker stubs

.v4_bx          0x000000000800a9b4        0x0
 .v4_bx         0x000000000800a9b4        0x0 linker stubs

.iplt           0x000000000800a9b4        0x0
 .iplt          0x000000000800a9b4        0x0 c:/st/stm32cubeide_1.3.0/stm32cubeide/plugins/com.st.stm32cube.ide.mcu.externaltools.gnu-tools-for-stm32.7-2018-q2-update.win32_1.0.0.201904181610/tools/bin/../lib/gcc/arm-none-eabi/7.3.1/thumb/v7e-m/fpv4-sp/hard/crtbegin.o

.rodata         0x000000000800a9b4       0xa8
                0x000000000800a9b4                . = ALIGN (0x4)
 *(.rodata)
 .rodata        0x000000000800a9b4       0x15 Core/Src/RFM95/RFM95.o
 *fill*         0x000000000800a9c9        0x3 
 .rodata        0x000000000800a9cc       0x46 USB_DEVICE/App/usbd_desc.o
 *(.rodata*)
 *fill*         0x000000000800aa12        0x2 
 .rodata.AHBPrescTable
                0x000000000800aa14       0x10 Core/Src/system_stm32l4xx.o
                0x000000000800aa14                AHBPrescTable
 .rodata.APBPrescTable
                0x000000000800aa24        0x8 Core/Src/system_stm32l4xx.o
                0x000000000800aa24                APBPrescTable
 .rodata.MSIRangeTable
                0x000000000800aa2c       0x30 Core/Src/system_stm32l4xx.o
                0x000000000800aa2c                MSIRangeTable
                0x000000000800aa5c                . = ALIGN (0x4)

.ARM.extab      0x000000000800aa5c        0x0
                0x000000000800aa5c                . = ALIGN (0x4)
 *(.ARM.extab* .gnu.linkonce.armextab.*)
                0x000000000800aa5c                . = ALIGN (0x4)

.ARM            0x000000000800aa5c        0x8
                0x000000000800aa5c                . = ALIGN (0x4)
                0x000000000800aa5c                __exidx_start = .
 *(.ARM.exidx*)
 .ARM.exidx     0x000000000800aa5c        0x8 c:/st/stm32cubeide_1.3.0/stm32cubeide/plugins/com.st.stm32cube.ide.mcu.externaltools.gnu-tools-for-stm32.7-2018-q2-update.win32_1.0.0.201904181610/tools/bin/../lib/gcc/arm-none-eabi/7.3.1/thumb/v7e-m/fpv4-sp/hard\libgcc.a(_udivmoddi4.o)
                0x000000000800aa64                __exidx_end = .
                0x000000000800aa64                . = ALIGN (0x4)

.rel.dyn        0x000000000800aa64        0x0
 .rel.iplt      0x000000000800aa64        0x0 c:/st/stm32cubeide_1.3.0/stm32cubeide/plugins/com.st.stm32cube.ide.mcu.externaltools.gnu-tools-for-stm32.7-2018-q2-update.win32_1.0.0.201904181610/tools/bin/../lib/gcc/arm-none-eabi/7.3.1/thumb/v7e-m/fpv4-sp/hard/crtbegin.o

.preinit_array  0x000000000800aa64        0x0
                0x000000000800aa64                . = ALIGN (0x4)
                0x000000000800aa64                PROVIDE (__preinit_array_start = .)
 *(.preinit_array*)
                0x000000000800aa64                PROVIDE (__preinit_array_end = .)
                0x000000000800aa64                . = ALIGN (0x4)

.init_array     0x000000000800aa64        0x8
                0x000000000800aa64                . = ALIGN (0x4)
                0x000000000800aa64                PROVIDE (__init_array_start = .)
 *(SORT_BY_NAME(.init_array.*))
 *(.init_array*)
 .init_array    0x000000000800aa64        0x4 c:/st/stm32cubeide_1.3.0/stm32cubeide/plugins/com.st.stm32cube.ide.mcu.externaltools.gnu-tools-for-stm32.7-2018-q2-update.win32_1.0.0.201904181610/tools/bin/../lib/gcc/arm-none-eabi/7.3.1/thumb/v7e-m/fpv4-sp/hard/crtbegin.o
 .init_array    0x000000000800aa68        0x4 Core/Src/main.o
                0x000000000800aa6c                PROVIDE (__init_array_end = .)
                0x000000000800aa6c                . = ALIGN (0x4)

.fini_array     0x000000000800aa6c        0x4
                0x000000000800aa6c                . = ALIGN (0x4)
                [!provide]                        PROVIDE (__fini_array_start = .)
 *(SORT_BY_NAME(.fini_array.*))
 *(.fini_array*)
 .fini_array    0x000000000800aa6c        0x4 c:/st/stm32cubeide_1.3.0/stm32cubeide/plugins/com.st.stm32cube.ide.mcu.externaltools.gnu-tools-for-stm32.7-2018-q2-update.win32_1.0.0.201904181610/tools/bin/../lib/gcc/arm-none-eabi/7.3.1/thumb/v7e-m/fpv4-sp/hard/crtbegin.o
                [!provide]                        PROVIDE (__fini_array_end = .)
                0x000000000800aa70                . = ALIGN (0x4)
                0x000000000800aa70                _sidata = LOADADDR (.data)

.data           0x0000000020000000      0x18c load address 0x000000000800aa70
                0x0000000020000000                . = ALIGN (0x4)
                0x0000000020000000                _sdata = .
 *(.data)
 *(.data*)
 .data.SystemCoreClock
                0x0000000020000000        0x4 Core/Src/system_stm32l4xx.o
                0x0000000020000000                SystemCoreClock
 .data.uwTickPrio
                0x0000000020000004        0x4 Drivers/STM32L4xx_HAL_Driver/Src/stm32l4xx_hal.o
                0x0000000020000004                uwTickPrio
 .data.uwTickFreq
                0x0000000020000008        0x4 Drivers/STM32L4xx_HAL_Driver/Src/stm32l4xx_hal.o
                0x0000000020000008                uwTickFreq
 .data.USBD_CDC_DeviceQualifierDesc
                0x000000002000000c        0xa Middlewares/ST/STM32_USB_Device_Library/Class/CDC/Src/usbd_cdc.o
 *fill*         0x0000000020000016        0x2 
 .data.USBD_CDC
                0x0000000020000018       0x38 Middlewares/ST/STM32_USB_Device_Library/Class/CDC/Src/usbd_cdc.o
                0x0000000020000018                USBD_CDC
 .data.USBD_CDC_CfgHSDesc
                0x0000000020000050       0x43 Middlewares/ST/STM32_USB_Device_Library/Class/CDC/Src/usbd_cdc.o
                0x0000000020000050                USBD_CDC_CfgHSDesc
 *fill*         0x0000000020000093        0x1 
 .data.USBD_CDC_CfgFSDesc
                0x0000000020000094       0x43 Middlewares/ST/STM32_USB_Device_Library/Class/CDC/Src/usbd_cdc.o
                0x0000000020000094                USBD_CDC_CfgFSDesc
 *fill*         0x00000000200000d7        0x1 
 .data.USBD_CDC_OtherSpeedCfgDesc
                0x00000000200000d8       0x43 Middlewares/ST/STM32_USB_Device_Library/Class/CDC/Src/usbd_cdc.o
                0x00000000200000d8                USBD_CDC_OtherSpeedCfgDesc
 *fill*         0x000000002000011b        0x1 
 .data.USBD_Interface_fops_FS
                0x000000002000011c       0x10 USB_DEVICE/App/usbd_cdc_if.o
                0x000000002000011c                USBD_Interface_fops_FS
 .data.FS_Desc  0x000000002000012c       0x20 USB_DEVICE/App/usbd_desc.o
                0x000000002000012c                FS_Desc
 .data.USBD_FS_DeviceDesc
                0x000000002000014c       0x12 USB_DEVICE/App/usbd_desc.o
                0x000000002000014c                USBD_FS_DeviceDesc
 *fill*         0x000000002000015e        0x2 
 .data.USBD_FS_BOSDesc
                0x0000000020000160        0xc USB_DEVICE/App/usbd_desc.o
                0x0000000020000160                USBD_FS_BOSDesc
 .data.USBD_LangIDDesc
                0x000000002000016c        0x4 USB_DEVICE/App/usbd_desc.o
                0x000000002000016c                USBD_LangIDDesc
 .data.USBD_StringSerial
                0x0000000020000170       0x1a USB_DEVICE/App/usbd_desc.o
                0x0000000020000170                USBD_StringSerial
                0x000000002000018c                . = ALIGN (0x4)
 *fill*         0x000000002000018a        0x2 
                0x000000002000018c                _edata = .

.igot.plt       0x000000002000018c        0x0 load address 0x000000000800abfc
 .igot.plt      0x000000002000018c        0x0 c:/st/stm32cubeide_1.3.0/stm32cubeide/plugins/com.st.stm32cube.ide.mcu.externaltools.gnu-tools-for-stm32.7-2018-q2-update.win32_1.0.0.201904181610/tools/bin/../lib/gcc/arm-none-eabi/7.3.1/thumb/v7e-m/fpv4-sp/hard/crtbegin.o
                0x000000002000018c                . = ALIGN (0x4)

.bss            0x000000002000018c     0x1530 load address 0x000000000800abfc
                0x000000002000018c                _sbss = .
                0x000000002000018c                __bss_start__ = _sbss
 *(.bss)
 .bss           0x000000002000018c       0x1c c:/st/stm32cubeide_1.3.0/stm32cubeide/plugins/com.st.stm32cube.ide.mcu.externaltools.gnu-tools-for-stm32.7-2018-q2-update.win32_1.0.0.201904181610/tools/bin/../lib/gcc/arm-none-eabi/7.3.1/thumb/v7e-m/fpv4-sp/hard/crtbegin.o
 *(.bss*)
 .bss._ZZN3GPS12gpsInterruptEhE1i
                0x00000000200001a8        0x1 Core/Src/GPS/GPS.o
 *fill*         0x00000000200001a9        0x3 
 .bss.appMain   0x00000000200001ac      0x2b0 Core/Src/main.o
                0x00000000200001ac                appMain
 .bss.rxData    0x000000002000045c        0x1 Core/Src/main.o
                0x000000002000045c                rxData
 .bss.cfgidx.10258
                0x000000002000045d        0x1 Middlewares/ST/STM32_USB_Device_Library/Core/Src/usbd_ctlreq.o
 *fill*         0x000000002000045e        0x2 
 .bss.mem.10401
                0x0000000020000460      0x220 USB_DEVICE/Target/usbd_conf.o
 *(COMMON)
 COMMON         0x0000000020000680       0x4c Core/Src/i2c.o
                0x0000000020000680                hi2c1
 COMMON         0x00000000200006cc       0x64 Core/Src/spi.o
                0x00000000200006cc                hspi1
 COMMON         0x0000000020000730       0x80 Core/Src/usart.o
                0x0000000020000730                huart2
 COMMON         0x00000000200007b0        0x4 Drivers/STM32L4xx_HAL_Driver/Src/stm32l4xx_hal.o
                0x00000000200007b0                uwTick
 COMMON         0x00000000200007b4      0x2c4 USB_DEVICE/App/usb_device.o
                0x00000000200007b4                hUsbDeviceFS
 COMMON         0x0000000020000a78      0x7d0 USB_DEVICE/App/usbd_cdc_if.o
                0x0000000020000a78                UserRxBufferFS
                0x0000000020000e60                UserTxBufferFS
 COMMON         0x0000000020001248      0x200 USB_DEVICE/App/usbd_desc.o
                0x0000000020001248                USBD_StrDesc
 COMMON         0x0000000020001448      0x274 USB_DEVICE/Target/usbd_conf.o
                0x0000000020001448                hpcd_USB_FS
                0x00000000200016bc                . = ALIGN (0x4)
                0x00000000200016bc                _ebss = .
                0x00000000200016bc                __bss_end__ = _ebss

._user_heap_stack
                0x00000000200016bc      0x604 load address 0x000000000800abfc
                0x00000000200016c0                . = ALIGN (0x8)
 *fill*         0x00000000200016bc        0x4 
                0x00000000200016c0                PROVIDE (end = .)
                [!provide]                        PROVIDE (_end = .)
                0x00000000200018c0                . = (. + _Min_Heap_Size)
 *fill*         0x00000000200016c0      0x200 
                0x0000000020001cc0                . = (. + _Min_Stack_Size)
 *fill*         0x00000000200018c0      0x400 
                0x0000000020001cc0                . = ALIGN (0x8)

/DISCARD/
 libc.a(*)
 libm.a(*)
 libgcc.a(*)

.ARM.attributes
                0x0000000000000000       0x30
 *(.ARM.attributes)
 .ARM.attributes
                0x0000000000000000       0x22 c:/st/stm32cubeide_1.3.0/stm32cubeide/plugins/com.st.stm32cube.ide.mcu.externaltools.gnu-tools-for-stm32.7-2018-q2-update.win32_1.0.0.201904181610/tools/bin/../lib/gcc/arm-none-eabi/7.3.1/thumb/v7e-m/fpv4-sp/hard/crti.o
 .ARM.attributes
                0x0000000000000022       0x34 c:/st/stm32cubeide_1.3.0/stm32cubeide/plugins/com.st.stm32cube.ide.mcu.externaltools.gnu-tools-for-stm32.7-2018-q2-update.win32_1.0.0.201904181610/tools/bin/../lib/gcc/arm-none-eabi/7.3.1/thumb/v7e-m/fpv4-sp/hard/crtbegin.o
 .ARM.attributes
                0x0000000000000056       0x39 Core/Src/AppMain/AppMain.o
 .ARM.attributes
                0x000000000000008f       0x39 Core/Src/FXPS7115D4/FXPS7115.o
 .ARM.attributes
                0x00000000000000c8       0x39 Core/Src/GPS/GPS.o
 .ARM.attributes
                0x0000000000000101       0x39 Core/Src/MAX31865/MAX31865TEMP.o
 .ARM.attributes
                0x000000000000013a       0x39 Core/Src/Model/Model.o
 .ARM.attributes
                0x0000000000000173       0x39 Core/Src/RFM95/RFM95.o
 .ARM.attributes
                0x00000000000001ac       0x39 Core/Src/RFM95/Stack.o
 .ARM.attributes
                0x00000000000001e5       0x39 Core/Src/SHT21/SHT21.o
 .ARM.attributes
                0x000000000000021e       0x39 Core/Src/USB/USBCom.o
 .ARM.attributes
                0x0000000000000257       0x39 Core/Src/gpio.o
 .ARM.attributes
                0x0000000000000290       0x39 Core/Src/i2c.o
 .ARM.attributes
                0x00000000000002c9       0x39 Core/Src/main.o
 .ARM.attributes
                0x0000000000000302       0x39 Core/Src/spi.o
 .ARM.attributes
                0x000000000000033b       0x39 Core/Src/stm32l4xx_hal_msp.o
 .ARM.attributes
                0x0000000000000374       0x39 Core/Src/stm32l4xx_it.o
 .ARM.attributes
                0x00000000000003ad       0x39 Core/Src/system_stm32l4xx.o
 .ARM.attributes
                0x00000000000003e6       0x39 Core/Src/usart.o
 .ARM.attributes
                0x000000000000041f       0x21 Core/Startup/startup_stm32l412k8tx.o
 .ARM.attributes
                0x0000000000000440       0x39 Drivers/STM32L4xx_HAL_Driver/Src/stm32l4xx_hal.o
 .ARM.attributes
                0x0000000000000479       0x39 Drivers/STM32L4xx_HAL_Driver/Src/stm32l4xx_hal_cortex.o
 .ARM.attributes
                0x00000000000004b2       0x39 Drivers/STM32L4xx_HAL_Driver/Src/stm32l4xx_hal_dma.o
 .ARM.attributes
                0x00000000000004eb       0x39 Drivers/STM32L4xx_HAL_Driver/Src/stm32l4xx_hal_gpio.o
 .ARM.attributes
                0x0000000000000524       0x39 Drivers/STM32L4xx_HAL_Driver/Src/stm32l4xx_hal_i2c.o
 .ARM.attributes
                0x000000000000055d       0x39 Drivers/STM32L4xx_HAL_Driver/Src/stm32l4xx_hal_i2c_ex.o
 .ARM.attributes
                0x0000000000000596       0x39 Drivers/STM32L4xx_HAL_Driver/Src/stm32l4xx_hal_pcd.o
 .ARM.attributes
                0x00000000000005cf       0x39 Drivers/STM32L4xx_HAL_Driver/Src/stm32l4xx_hal_pcd_ex.o
 .ARM.attributes
                0x0000000000000608       0x39 Drivers/STM32L4xx_HAL_Driver/Src/stm32l4xx_hal_pwr_ex.o
 .ARM.attributes
                0x0000000000000641       0x39 Drivers/STM32L4xx_HAL_Driver/Src/stm32l4xx_hal_rcc.o
 .ARM.attributes
                0x000000000000067a       0x39 Drivers/STM32L4xx_HAL_Driver/Src/stm32l4xx_hal_rcc_ex.o
 .ARM.attributes
                0x00000000000006b3       0x39 Drivers/STM32L4xx_HAL_Driver/Src/stm32l4xx_hal_spi.o
 .ARM.attributes
                0x00000000000006ec       0x39 Drivers/STM32L4xx_HAL_Driver/Src/stm32l4xx_hal_uart.o
 .ARM.attributes
                0x0000000000000725       0x39 Drivers/STM32L4xx_HAL_Driver/Src/stm32l4xx_hal_uart_ex.o
 .ARM.attributes
                0x000000000000075e       0x39 Drivers/STM32L4xx_HAL_Driver/Src/stm32l4xx_ll_usb.o
 .ARM.attributes
                0x0000000000000797       0x39 Middlewares/ST/STM32_USB_Device_Library/Class/CDC/Src/usbd_cdc.o
 .ARM.attributes
                0x00000000000007d0       0x39 Middlewares/ST/STM32_USB_Device_Library/Core/Src/usbd_core.o
 .ARM.attributes
                0x0000000000000809       0x39 Middlewares/ST/STM32_USB_Device_Library/Core/Src/usbd_ctlreq.o
 .ARM.attributes
                0x0000000000000842       0x39 Middlewares/ST/STM32_USB_Device_Library/Core/Src/usbd_ioreq.o
 .ARM.attributes
                0x000000000000087b       0x39 USB_DEVICE/App/usb_device.o
 .ARM.attributes
                0x00000000000008b4       0x39 USB_DEVICE/App/usbd_cdc_if.o
 .ARM.attributes
                0x00000000000008ed       0x39 USB_DEVICE/App/usbd_desc.o
 .ARM.attributes
                0x0000000000000926       0x39 USB_DEVICE/Target/usbd_conf.o
 .ARM.attributes
                0x000000000000095f       0x34 c:/st/stm32cubeide_1.3.0/stm32cubeide/plugins/com.st.stm32cube.ide.mcu.externaltools.gnu-tools-for-stm32.7-2018-q2-update.win32_1.0.0.201904181610/tools/bin/../lib/gcc/arm-none-eabi/7.3.1/../../../../arm-none-eabi/lib/thumb/v7e-m/fpv4-sp/hard\libc_nano.a(lib_a-init.o)
 .ARM.attributes
                0x0000000000000993       0x34 c:/st/stm32cubeide_1.3.0/stm32cubeide/plugins/com.st.stm32cube.ide.mcu.externaltools.gnu-tools-for-stm32.7-2018-q2-update.win32_1.0.0.201904181610/tools/bin/../lib/gcc/arm-none-eabi/7.3.1/../../../../arm-none-eabi/lib/thumb/v7e-m/fpv4-sp/hard\libc_nano.a(lib_a-memset.o)
 .ARM.attributes
                0x00000000000009c7       0x34 c:/st/stm32cubeide_1.3.0/stm32cubeide/plugins/com.st.stm32cube.ide.mcu.externaltools.gnu-tools-for-stm32.7-2018-q2-update.win32_1.0.0.201904181610/tools/bin/../lib/gcc/arm-none-eabi/7.3.1/../../../../arm-none-eabi/lib/thumb/v7e-m/fpv4-sp/hard\libc_nano.a(lib_a-strncpy.o)
 .ARM.attributes
                0x00000000000009fb       0x22 c:/st/stm32cubeide_1.3.0/stm32cubeide/plugins/com.st.stm32cube.ide.mcu.externaltools.gnu-tools-for-stm32.7-2018-q2-update.win32_1.0.0.201904181610/tools/bin/../lib/gcc/arm-none-eabi/7.3.1/thumb/v7e-m/fpv4-sp/hard\libgcc.a(_arm_addsubdf3.o)
 .ARM.attributes
                0x0000000000000a1d       0x22 c:/st/stm32cubeide_1.3.0/stm32cubeide/plugins/com.st.stm32cube.ide.mcu.externaltools.gnu-tools-for-stm32.7-2018-q2-update.win32_1.0.0.201904181610/tools/bin/../lib/gcc/arm-none-eabi/7.3.1/thumb/v7e-m/fpv4-sp/hard\libgcc.a(_arm_muldivdf3.o)
 .ARM.attributes
                0x0000000000000a3f       0x22 c:/st/stm32cubeide_1.3.0/stm32cubeide/plugins/com.st.stm32cube.ide.mcu.externaltools.gnu-tools-for-stm32.7-2018-q2-update.win32_1.0.0.201904181610/tools/bin/../lib/gcc/arm-none-eabi/7.3.1/thumb/v7e-m/fpv4-sp/hard\libgcc.a(_arm_truncdfsf2.o)
 .ARM.attributes
                0x0000000000000a61       0x22 c:/st/stm32cubeide_1.3.0/stm32cubeide/plugins/com.st.stm32cube.ide.mcu.externaltools.gnu-tools-for-stm32.7-2018-q2-update.win32_1.0.0.201904181610/tools/bin/../lib/gcc/arm-none-eabi/7.3.1/thumb/v7e-m/fpv4-sp/hard\libgcc.a(_aeabi_uldivmod.o)
 .ARM.attributes
                0x0000000000000a83       0x34 c:/st/stm32cubeide_1.3.0/stm32cubeide/plugins/com.st.stm32cube.ide.mcu.externaltools.gnu-tools-for-stm32.7-2018-q2-update.win32_1.0.0.201904181610/tools/bin/../lib/gcc/arm-none-eabi/7.3.1/thumb/v7e-m/fpv4-sp/hard\libgcc.a(_udivmoddi4.o)
 .ARM.attributes
                0x0000000000000ab7       0x22 c:/st/stm32cubeide_1.3.0/stm32cubeide/plugins/com.st.stm32cube.ide.mcu.externaltools.gnu-tools-for-stm32.7-2018-q2-update.win32_1.0.0.201904181610/tools/bin/../lib/gcc/arm-none-eabi/7.3.1/thumb/v7e-m/fpv4-sp/hard\libgcc.a(_dvmd_tls.o)
 .ARM.attributes
                0x0000000000000ad9       0x22 c:/st/stm32cubeide_1.3.0/stm32cubeide/plugins/com.st.stm32cube.ide.mcu.externaltools.gnu-tools-for-stm32.7-2018-q2-update.win32_1.0.0.201904181610/tools/bin/../lib/gcc/arm-none-eabi/7.3.1/thumb/v7e-m/fpv4-sp/hard/crtn.o
OUTPUT(Heissluftballon.elf elf32-littlearm)

.debug_info     0x0000000000000000    0x2ce6a
 .debug_info    0x0000000000000000     0x2d53 Core/Src/AppMain/AppMain.o
 .debug_info    0x0000000000002d53     0x1428 Core/Src/FXPS7115D4/FXPS7115.o
 .debug_info    0x000000000000417b     0x1443 Core/Src/GPS/GPS.o
 .debug_info    0x00000000000055be     0x176f Core/Src/MAX31865/MAX31865TEMP.o
 .debug_info    0x0000000000006d2d     0x101f Core/Src/Model/Model.o
 .debug_info    0x0000000000007d4c     0x2a2b Core/Src/RFM95/RFM95.o
 .debug_info    0x000000000000a777      0x505 Core/Src/RFM95/Stack.o
 .debug_info    0x000000000000ac7c     0x140e Core/Src/SHT21/SHT21.o
 .debug_info    0x000000000000c08a     0x167c Core/Src/USB/USBCom.o
 .debug_info    0x000000000000d706      0x62c Core/Src/gpio.o
 .debug_info    0x000000000000dd32      0xb34 Core/Src/i2c.o
 .debug_info    0x000000000000e866     0x2fb4 Core/Src/main.o
 .debug_info    0x000000000001181a      0xae5 Core/Src/spi.o
 .debug_info    0x00000000000122ff      0x4d5 Core/Src/stm32l4xx_hal_msp.o
 .debug_info    0x00000000000127d4      0xccb Core/Src/stm32l4xx_it.o
 .debug_info    0x000000000001349f      0x703 Core/Src/system_stm32l4xx.o
 .debug_info    0x0000000000013ba2      0xd0e Core/Src/usart.o
 .debug_info    0x00000000000148b0       0x22 Core/Startup/startup_stm32l412k8tx.o
 .debug_info    0x00000000000148d2      0xa77 Drivers/STM32L4xx_HAL_Driver/Src/stm32l4xx_hal.o
 .debug_info    0x0000000000015349      0xea6 Drivers/STM32L4xx_HAL_Driver/Src/stm32l4xx_hal_cortex.o
 .debug_info    0x00000000000161ef      0x8c1 Drivers/STM32L4xx_HAL_Driver/Src/stm32l4xx_hal_dma.o
 .debug_info    0x0000000000016ab0      0x982 Drivers/STM32L4xx_HAL_Driver/Src/stm32l4xx_hal_gpio.o
 .debug_info    0x0000000000017432     0x20dc Drivers/STM32L4xx_HAL_Driver/Src/stm32l4xx_hal_i2c.o
 .debug_info    0x000000000001950e      0xb4e Drivers/STM32L4xx_HAL_Driver/Src/stm32l4xx_hal_i2c_ex.o
 .debug_info    0x000000000001a05c      0xf94 Drivers/STM32L4xx_HAL_Driver/Src/stm32l4xx_hal_pcd.o
 .debug_info    0x000000000001aff0      0x9aa Drivers/STM32L4xx_HAL_Driver/Src/stm32l4xx_hal_pcd_ex.o
 .debug_info    0x000000000001b99a      0xaf2 Drivers/STM32L4xx_HAL_Driver/Src/stm32l4xx_hal_pwr_ex.o
 .debug_info    0x000000000001c48c      0xcca Drivers/STM32L4xx_HAL_Driver/Src/stm32l4xx_hal_rcc.o
 .debug_info    0x000000000001d156      0xde6 Drivers/STM32L4xx_HAL_Driver/Src/stm32l4xx_hal_rcc_ex.o
 .debug_info    0x000000000001df3c     0x1702 Drivers/STM32L4xx_HAL_Driver/Src/stm32l4xx_hal_spi.o
 .debug_info    0x000000000001f63e     0x181b Drivers/STM32L4xx_HAL_Driver/Src/stm32l4xx_hal_uart.o
 .debug_info    0x0000000000020e59      0xa06 Drivers/STM32L4xx_HAL_Driver/Src/stm32l4xx_hal_uart_ex.o
 .debug_info    0x000000000002185f     0x164b Drivers/STM32L4xx_HAL_Driver/Src/stm32l4xx_ll_usb.o
 .debug_info    0x0000000000022eaa     0x18df Middlewares/ST/STM32_USB_Device_Library/Class/CDC/Src/usbd_cdc.o
 .debug_info    0x0000000000024789     0x12ec Middlewares/ST/STM32_USB_Device_Library/Core/Src/usbd_core.o
 .debug_info    0x0000000000025a75     0x125c Middlewares/ST/STM32_USB_Device_Library/Core/Src/usbd_ctlreq.o
 .debug_info    0x0000000000026cd1     0x104d Middlewares/ST/STM32_USB_Device_Library/Core/Src/usbd_ioreq.o
 .debug_info    0x0000000000027d1e      0xf95 USB_DEVICE/App/usb_device.o
 .debug_info    0x0000000000028cb3     0x1150 USB_DEVICE/App/usbd_cdc_if.o
 .debug_info    0x0000000000029e03      0xe95 USB_DEVICE/App/usbd_desc.o
 .debug_info    0x000000000002ac98     0x21d2 USB_DEVICE/Target/usbd_conf.o

.debug_abbrev   0x0000000000000000     0x5b63
 .debug_abbrev  0x0000000000000000      0x451 Core/Src/AppMain/AppMain.o
 .debug_abbrev  0x0000000000000451      0x2ac Core/Src/FXPS7115D4/FXPS7115.o
 .debug_abbrev  0x00000000000006fd      0x2f7 Core/Src/GPS/GPS.o
 .debug_abbrev  0x00000000000009f4      0x2bf Core/Src/MAX31865/MAX31865TEMP.o
 .debug_abbrev  0x0000000000000cb3      0x2a2 Core/Src/Model/Model.o
 .debug_abbrev  0x0000000000000f55      0x43b Core/Src/RFM95/RFM95.o
 .debug_abbrev  0x0000000000001390      0x1ce Core/Src/RFM95/Stack.o
 .debug_abbrev  0x000000000000155e      0x2ac Core/Src/SHT21/SHT21.o
 .debug_abbrev  0x000000000000180a      0x33c Core/Src/USB/USBCom.o
 .debug_abbrev  0x0000000000001b46      0x134 Core/Src/gpio.o
 .debug_abbrev  0x0000000000001c7a      0x1a4 Core/Src/i2c.o
 .debug_abbrev  0x0000000000001e1e      0x481 Core/Src/main.o
 .debug_abbrev  0x000000000000229f      0x199 Core/Src/spi.o
 .debug_abbrev  0x0000000000002438      0x125 Core/Src/stm32l4xx_hal_msp.o
 .debug_abbrev  0x000000000000255d      0x174 Core/Src/stm32l4xx_it.o
 .debug_abbrev  0x00000000000026d1      0x150 Core/Src/system_stm32l4xx.o
 .debug_abbrev  0x0000000000002821      0x1a2 Core/Src/usart.o
 .debug_abbrev  0x00000000000029c3       0x12 Core/Startup/startup_stm32l412k8tx.o
 .debug_abbrev  0x00000000000029d5      0x1e1 Drivers/STM32L4xx_HAL_Driver/Src/stm32l4xx_hal.o
 .debug_abbrev  0x0000000000002bb6      0x2fa Drivers/STM32L4xx_HAL_Driver/Src/stm32l4xx_hal_cortex.o
 .debug_abbrev  0x0000000000002eb0      0x1d9 Drivers/STM32L4xx_HAL_Driver/Src/stm32l4xx_hal_dma.o
 .debug_abbrev  0x0000000000003089      0x1c0 Drivers/STM32L4xx_HAL_Driver/Src/stm32l4xx_hal_gpio.o
 .debug_abbrev  0x0000000000003249      0x22a Drivers/STM32L4xx_HAL_Driver/Src/stm32l4xx_hal_i2c.o
 .debug_abbrev  0x0000000000003473      0x1b9 Drivers/STM32L4xx_HAL_Driver/Src/stm32l4xx_hal_i2c_ex.o
 .debug_abbrev  0x000000000000362c      0x263 Drivers/STM32L4xx_HAL_Driver/Src/stm32l4xx_hal_pcd.o
 .debug_abbrev  0x000000000000388f      0x1b1 Drivers/STM32L4xx_HAL_Driver/Src/stm32l4xx_hal_pcd_ex.o
 .debug_abbrev  0x0000000000003a40      0x1cb Drivers/STM32L4xx_HAL_Driver/Src/stm32l4xx_hal_pwr_ex.o
 .debug_abbrev  0x0000000000003c0b      0x250 Drivers/STM32L4xx_HAL_Driver/Src/stm32l4xx_hal_rcc.o
 .debug_abbrev  0x0000000000003e5b      0x204 Drivers/STM32L4xx_HAL_Driver/Src/stm32l4xx_hal_rcc_ex.o
 .debug_abbrev  0x000000000000405f      0x228 Drivers/STM32L4xx_HAL_Driver/Src/stm32l4xx_hal_spi.o
 .debug_abbrev  0x0000000000004287      0x205 Drivers/STM32L4xx_HAL_Driver/Src/stm32l4xx_hal_uart.o
 .debug_abbrev  0x000000000000448c      0x1e2 Drivers/STM32L4xx_HAL_Driver/Src/stm32l4xx_hal_uart_ex.o
 .debug_abbrev  0x000000000000466e      0x1c5 Drivers/STM32L4xx_HAL_Driver/Src/stm32l4xx_ll_usb.o
 .debug_abbrev  0x0000000000004833      0x2b6 Middlewares/ST/STM32_USB_Device_Library/Class/CDC/Src/usbd_cdc.o
 .debug_abbrev  0x0000000000004ae9      0x270 Middlewares/ST/STM32_USB_Device_Library/Core/Src/usbd_core.o
 .debug_abbrev  0x0000000000004d59      0x2a0 Middlewares/ST/STM32_USB_Device_Library/Core/Src/usbd_ctlreq.o
 .debug_abbrev  0x0000000000004ff9      0x1e0 Middlewares/ST/STM32_USB_Device_Library/Core/Src/usbd_ioreq.o
 .debug_abbrev  0x00000000000051d9      0x1be USB_DEVICE/App/usb_device.o
 .debug_abbrev  0x0000000000005397      0x285 USB_DEVICE/App/usbd_cdc_if.o
 .debug_abbrev  0x000000000000561c      0x265 USB_DEVICE/App/usbd_desc.o
 .debug_abbrev  0x0000000000005881      0x2e2 USB_DEVICE/Target/usbd_conf.o

.debug_aranges  0x0000000000000000     0x1808
 .debug_aranges
                0x0000000000000000       0x30 Core/Src/AppMain/AppMain.o
 .debug_aranges
                0x0000000000000030       0x40 Core/Src/FXPS7115D4/FXPS7115.o
 .debug_aranges
                0x0000000000000070       0x38 Core/Src/GPS/GPS.o
 .debug_aranges
                0x00000000000000a8       0x60 Core/Src/MAX31865/MAX31865TEMP.o
 .debug_aranges
                0x0000000000000108       0x90 Core/Src/Model/Model.o
 .debug_aranges
                0x0000000000000198       0xa0 Core/Src/RFM95/RFM95.o
 .debug_aranges
                0x0000000000000238       0x50 Core/Src/RFM95/Stack.o
 .debug_aranges
                0x0000000000000288       0x40 Core/Src/SHT21/SHT21.o
 .debug_aranges
                0x00000000000002c8       0x30 Core/Src/USB/USBCom.o
 .debug_aranges
                0x00000000000002f8       0x20 Core/Src/gpio.o
 .debug_aranges
                0x0000000000000318       0x30 Core/Src/i2c.o
 .debug_aranges
                0x0000000000000348       0x48 Core/Src/main.o
 .debug_aranges
                0x0000000000000390       0x30 Core/Src/spi.o
 .debug_aranges
                0x00000000000003c0       0x20 Core/Src/stm32l4xx_hal_msp.o
 .debug_aranges
                0x00000000000003e0       0x70 Core/Src/stm32l4xx_it.o
 .debug_aranges
                0x0000000000000450       0x28 Core/Src/system_stm32l4xx.o
 .debug_aranges
                0x0000000000000478       0x30 Core/Src/usart.o
 .debug_aranges
                0x00000000000004a8       0x28 Core/Startup/startup_stm32l412k8tx.o
 .debug_aranges
                0x00000000000004d0      0x108 Drivers/STM32L4xx_HAL_Driver/Src/stm32l4xx_hal.o
 .debug_aranges
                0x00000000000005d8      0x118 Drivers/STM32L4xx_HAL_Driver/Src/stm32l4xx_hal_cortex.o
 .debug_aranges
                0x00000000000006f0       0x80 Drivers/STM32L4xx_HAL_Driver/Src/stm32l4xx_hal_dma.o
 .debug_aranges
                0x0000000000000770       0x58 Drivers/STM32L4xx_HAL_Driver/Src/stm32l4xx_hal_gpio.o
 .debug_aranges
                0x00000000000007c8      0x290 Drivers/STM32L4xx_HAL_Driver/Src/stm32l4xx_hal_i2c.o
 .debug_aranges
                0x0000000000000a58       0x48 Drivers/STM32L4xx_HAL_Driver/Src/stm32l4xx_hal_i2c_ex.o
 .debug_aranges
                0x0000000000000aa0      0x120 Drivers/STM32L4xx_HAL_Driver/Src/stm32l4xx_hal_pcd.o
 .debug_aranges
                0x0000000000000bc0       0x58 Drivers/STM32L4xx_HAL_Driver/Src/stm32l4xx_hal_pcd_ex.o
 .debug_aranges
                0x0000000000000c18      0x148 Drivers/STM32L4xx_HAL_Driver/Src/stm32l4xx_hal_pwr_ex.o
 .debug_aranges
                0x0000000000000d60       0x88 Drivers/STM32L4xx_HAL_Driver/Src/stm32l4xx_hal_rcc.o
 .debug_aranges
                0x0000000000000de8       0xd0 Drivers/STM32L4xx_HAL_Driver/Src/stm32l4xx_hal_rcc_ex.o
 .debug_aranges
                0x0000000000000eb8      0x1d8 Drivers/STM32L4xx_HAL_Driver/Src/stm32l4xx_hal_spi.o
 .debug_aranges
                0x0000000000001090      0x210 Drivers/STM32L4xx_HAL_Driver/Src/stm32l4xx_hal_uart.o
 .debug_aranges
                0x00000000000012a0       0x60 Drivers/STM32L4xx_HAL_Driver/Src/stm32l4xx_hal_uart_ex.o
 .debug_aranges
                0x0000000000001300      0x108 Drivers/STM32L4xx_HAL_Driver/Src/stm32l4xx_ll_usb.o
 .debug_aranges
                0x0000000000001408       0x90 Middlewares/ST/STM32_USB_Device_Library/Class/CDC/Src/usbd_cdc.o
 .debug_aranges
                0x0000000000001498       0xb8 Middlewares/ST/STM32_USB_Device_Library/Core/Src/usbd_core.o
 .debug_aranges