RFM95LoRa.cpp:11:1:RFM95_LoRa::RFM95_LoRa()	16	static
RFM95LoRa.cpp:28:6:void RFM95_LoRa::selectRFM()	16	static
RFM95LoRa.cpp:38:6:void RFM95_LoRa::deselectRFM()	16	static
RFM95LoRa.cpp:42:6:void RFM95_LoRa::resetRFM()	16	static
RFM95LoRa.cpp:49:6:bool RFM95_LoRa::writeRegister(uint8_t, uint8_t)	24	static
RFM95LoRa.cpp:60:9:uint8_t RFM95_LoRa::readRegister(uint8_t)	32	static
RFM95LoRa.cpp:71:5:int RFM95_LoRa::begin(long int)	24	static
RFM95LoRa.cpp:98:6:void RFM95_LoRa::end()	16	static
RFM95LoRa.cpp:105:5:int RFM95_LoRa::beginPacket(int)	16	static
RFM95LoRa.cpp:123:5:int RFM95_LoRa::endPacket()	16	static
RFM95LoRa.cpp:138:5:int RFM95_LoRa::parsePacket(int)	24	static
RFM95LoRa.cpp:176:5:int RFM95_LoRa::packetRssi()	24	static
RFM95LoRa.cpp:181:7:float RFM95_LoRa::packetSnr()	24	static
RFM95LoRa.cpp:185:8:virtual size_t RFM95_LoRa::write(uint8_t)	16	static
RFM95LoRa.cpp:191:8:virtual size_t RFM95_LoRa::write(const uint8_t*, size_t)	32	static
RFM95LoRa.cpp:208:5:virtual int RFM95_LoRa::available()	16	static
RFM95LoRa.cpp:215:5:virtual int RFM95_LoRa::read()	16	static
RFM95LoRa.cpp:225:5:virtual int RFM95_LoRa::peek()	24	static
RFM95LoRa.cpp:239:6:void RFM95_LoRa::receive(int)	16	static
RFM95LoRa.cpp:249:6:void RFM95_LoRa::idle()	16	static
RFM95LoRa.cpp:253:6:void RFM95_LoRa::sleep()	16	static
RFM95LoRa.cpp:259:6:void RFM95_LoRa::setTxPower(int, int)	24	static
RFM95LoRa.cpp:281:6:void RFM95_LoRa::setFrequency(long int)	40	static
RFM95LoRa.cpp:291:6:void RFM95_LoRa::setSpreadingFactor(int)	16	static
RFM95LoRa.cpp:309:6:void RFM95_LoRa::setSignalBandwidth(long int)	24	static
RFM95LoRa.cpp:338:6:void RFM95_LoRa::setCodingRate4(int)	24	static
RFM95LoRa.cpp:348:6:void RFM95_LoRa::setPreambleLength(long int)	16	static
RFM95LoRa.cpp:354:6:void RFM95_LoRa::setSyncWord(int)	16	static
RFM95LoRa.cpp:359:6:void RFM95_LoRa::enableCrc()	16	static
RFM95LoRa.cpp:364:6:void RFM95_LoRa::disableCrc()	16	static
RFM95LoRa.cpp:369:9:uint8_t RFM95_LoRa::random()	16	static
RFM95LoRa.cpp:374:6:void RFM95_LoRa::explicitHeaderMode()	16	static
RFM95LoRa.cpp:380:6:void RFM95_LoRa::implicitHeaderMode()	16	static
RFM95LoRa.cpp:387:6:void RFM95_LoRa::handleDio0Rise()	24	static
