RFM95.cpp:11:1:RFM95::RFM95()	16	static
RFM95.cpp:18:25:RFM95::RFM_INIT_Typedef RFM95::initRFM(uint16_t, RFM95::SPI_HW_SETTINGS, RFM95::GPIO_HW_SETTINGS)	40	static
RFM95.cpp:87:6:void RFM95::rfmTransmit(uint8_t*)	120	static
RFM95.cpp:100:6:bool RFM95::isDataReady()	16	static
RFM95.cpp:114:6:void RFM95::rfmReceive()	24	static
RFM95.cpp:131:6:void RFM95::selectRFM()	16	static
RFM95.cpp:141:6:void RFM95::deselectRFM()	16	static
RFM95.cpp:153:19:HAL_StatusTypeDef RFM95::writeReg(uint8_t, uint8_t)	24	static
RFM95.cpp:172:9:uint8_t RFM95::readReg(uint8_t)	32	static
RFM95.cpp:189:25:RFM95::RFM_INIT_Typedef RFM95::writeFIFO(uint8_t*)	24	static
RFM95.cpp:200:6:void RFM95::readFIFO()	24	static
RFM95.cpp:219:6:void RFM95::setMode(RFM95::MODE)	24	static
RFM95.cpp:252:6:bool RFM95::readGPIO(uint8_t)	32	static
RFM95.cpp:300:6:void RFM95::setOutputPower(uint8_t)	16	static
RFM95.cpp:312:6:void RFM95::resetRFM()	16	static
RFM95.cpp:319:6:void RFM95::rcCalibration()	16	static
RFM95.cpp:325:8:Stack* RFM95::rfmStack()	16	static
